******************************************************************************
                  TI ARM Linker PC v16.9.6                     
******************************************************************************
>> Linked Thu Jun 16 10:43:09 2022

OUTPUT FILE NAME:   <dse_Semaphore.out>
ENTRY POINT SYMBOL: "_c_int00"  address: 00003f91


MEMORY CONFIGURATION

         name            origin    length      used     unused   attr    fill
----------------------  --------  ---------  --------  --------  ----  --------
  FLASH                 00000000   00100000  000079a0  000f8660  R  X
  SRAM                  20000000   00040000  00001e6a  0003e196  RW X


SEGMENT ALLOCATION MAP

run origin  load origin   length   init length attrs members
----------  ----------- ---------- ----------- ----- -------
00000000    00000000    000079a8   000079a8    r-x
  00000000    00000000    0000003c   0000003c    r-- .resetVecs
  00000040    00000040    00005702   00005702    r-x .text
  00005744    00005744    00002052   00002052    r-- .const
  00007798    00007798    00000210   00000210    r-- .cinit
20000000    20000000    00001e6c   00000000    rw-
  20000000    20000000    00000360   00000000    rw- .vecs
  20000360    20000360    000013e0   00000000    rw- .bss
  20001740    20001740    0000042a   00000000    rw- .data
  20001b6c    20001b6c    00000300   00000000    rw- .stack


SECTION ALLOCATION MAP

 output                                  attributes/
section   page    origin      length       input sections
--------  ----  ----------  ----------   ----------------
.text      0    00000040    00005702     
                  00000040    00000430     sysbios.aem4f : BIOS.obj (.text:ti_sysbios_family_arm_m3_Hwi_excDumpRegs__I)
                  00000470    0000034c     ti.targets.arm.rtsarm.aem4f : System.oem4f (.text:xdc_runtime_System_doPrint__I)
                  000007bc    00000004     dse_Semaphore_pem4f.oem4f (.text:ti_sysbios_BIOS_RtsGateProxy_enter__E)
                  000007c0    000002c8     sysbios.aem4f : BIOS.obj (.text:ti_sysbios_knl_Semaphore_pend__E)
                  00000a88    00000258                   : BIOS.obj (.text:ti_sysbios_heaps_HeapMem_free__E)
                  00000ce0    00000248                   : BIOS.obj (.text:ti_sysbios_heaps_HeapMem_alloc__E)
                  00000f28    00000224                   : BIOS.obj (.text:ti_sysbios_knl_Task_Instance_finalize__E)
                  0000114c    00000204     Boot.aem4f : Boot_sysctl.oem4f (.text:ti_catalog_arm_cortexm4_tiva_ce_Boot_sysCtlClockFreqSetI__I)
                  00001350    000001fc     sysbios.aem4f : BIOS.obj (.text:ti_sysbios_family_arm_m3_Hwi_excHandlerMax__I)
                  0000154c    00000004     dse_Semaphore_pem4f.oem4f (.text:ti_sysbios_BIOS_RtsGateProxy_leave__E)
                  00001550    000001f0     sysbios.aem4f : BIOS.obj (.text:ti_sysbios_knl_Task_sleep__E)
                  00001740    000001c0                   : BIOS.obj (.text:ti_sysbios_knl_Task_Instance_init__E)
                  00001900    00000174                   : BIOS.obj (.text:ti_sysbios_family_arm_m3_Hwi_excBusFault__I)
                  00001a74    00000004                   : BIOS.obj (.text:ti_sysbios_family_arm_lm4_Timer_masterEnable__I)
                  00001a78    00000164                   : BIOS.obj (.text:ti_sysbios_family_arm_m3_Hwi_excUsageFault__I)
                  00001bdc    00000150     drivers_tivaware.aem4f : GPIOTiva.oem4f (.text:GPIO_setConfig)
                  00001d2c    00000004     dse_Semaphore_pem4f.oem4f (.text:ti_sysbios_family_arm_m3_TaskSupport_Module__startupDone__S)
                  00001d30    00000148     sysbios.aem4f : BIOS.obj (.text:ti_sysbios_family_arm_m3_Hwi_excMemFault__I)
                  00001e78    0000013c                   : BIOS.obj (.text:ti_sysbios_heaps_HeapMem_Instance_init__E)
                  00001fb4    00000004     dse_Semaphore_pem4f.oem4f (.text:ti_sysbios_heaps_HeapMem_Module_GateProxy_enter__E)
                  00001fb8    00000134     sysbios.aem4f : BIOS.obj (.text:ti_sysbios_family_arm_lm4_Timer_start__E)
                  000020ec    00000130     driverlib.lib : gpio.obj (.text:GPIOPadConfigSet)
                  0000221c    00000118     ti.targets.arm.rtsarm.aem4f : Error.oem4f (.text:xdc_runtime_Error_policyDefault__E)
                  00002334    00000100                                 : Core-mem.oem4f (.text:xdc_runtime_Core_createObject__I)
                  00002434    000000f8                                 : Startup.oem4f (.text:xdc_runtime_Startup_startMods__I)
                  0000252c    000000f8     dse_Semaphore_pem4f.oem4f (.text:xdc_runtime_System_printfExtend__I)
                  00002624    000000f4     sysbios.aem4f : m3_Hwi_asm.obj (.text:ti_sysbios_family_arm_m3_Hwi_dispatch__I)
                  00002718    000000ec                   : BIOS.obj (.text:ti_sysbios_knl_Semaphore_post__E)
                  00002804    000000cc     ti.targets.arm.rtsarm.aem4f : Core-smem.oem4f (.text:xdc_runtime_Core_constructObject__I)
                  000028d0    000000bc     dse_Semaphore.obj (.text:main)
                  0000298c    00000004     dse_Semaphore_pem4f.oem4f (.text:ti_sysbios_heaps_HeapMem_Module_GateProxy_leave__E)
                  00002990    000000bc     sysbios.aem4f : BIOS.obj (.text:ti_sysbios_family_arm_m3_Hwi_excDebugMon__I)
                  00002a4c    00000004     dse_Semaphore_pem4f.oem4f (.text:ti_sysbios_knl_Clock_TimerProxy_getMaxTicks__E)
                  00002a50    000000bc     sysbios.aem4f : BIOS.obj (.text:ti_sysbios_family_arm_m3_Hwi_excHardFault__I)
                  00002b0c    000000b8     EK_TM4C129EXL.obj (.text:EK_TM4C129EXL_initGeneral)
                  00002bc4    000000b8     dse_Semaphore.obj (.text:task2Fxn)
                  00002c7c    00000004     dse_Semaphore_pem4f.oem4f (.text:ti_sysbios_knl_Queue_destruct)
                  00002c80    000000b4     sysbios.aem4f : BIOS.obj (.text:ti_sysbios_gates_GateMutex_enter__E)
                  00002d34    00000004     dse_Semaphore_pem4f.oem4f (.text:ti_sysbios_knl_Semaphore_destruct)
                  00002d38    000000b4     sysbios.aem4f : BIOS.obj (.text:ti_sysbios_knl_Task_checkStacks__E)
                  00002dec    000000b0     dse_Semaphore.obj (.text:task1Fxn)
                  00002e9c    00000004     ti.targets.arm.rtsarm.aem4f : Error.oem4f (.text:xdc_runtime_Error_getSite__E)
                  00002ea0    000000ac     sysbios.aem4f : BIOS.obj (.text:ti_sysbios_family_arm_lm4_Timer_enableTiva__I)
                  00002f4c    00000004     dse_Semaphore_pem4f.oem4f (.text:xdc_runtime_System_Module_GateProxy_enter__E)
                  00002f50    000000a8     sysbios.aem4f : BIOS.obj (.text:ti_sysbios_family_arm_lm4_Timer_enableTimers__I)
                  00002ff8    000000a8                   : BIOS.obj (.text:ti_sysbios_knl_Task_postInit__I)
                  000030a0    000000a0     auto_init.aem4f : auto_init.oem4f (.text)
                  00003140    000000a0     ti.targets.arm.rtsarm.aem4f : Text.oem4f (.text:xdc_runtime_Text_putMod__E)
                  000031e0    0000009c     rtsv7M4_T_le_v4SPD16_eabi.lib : memcpy_t2.obj (.text)
                  0000327c    00000004     dse_Semaphore_pem4f.oem4f (.text:xdc_runtime_System_Module_GateProxy_leave__E)
                  00003280    0000009c     sysbios.aem4f : BIOS.obj (.text:ti_sysbios_knl_Semaphore_Instance_init__E)
                  0000331c    0000009a     ti.targets.arm.rtsarm.aem4f : Text.oem4f (.text:xdc_runtime_Text_putSite__E)
                  000033b6    00000002     rtsv7M4_T_le_v4SPD16_eabi.lib : i_div0.obj (.text)
                  000033b8    00000098     Boot.aem4f : Boot.oem4f (.text:ti_catalog_arm_cortexm4_tiva_ce_Boot_sysCtlClockFreqSet__E)
                  00003450    00000094     sysbios.aem4f : BIOS.obj (.text:ti_sysbios_family_arm_m3_Hwi_Instance_init__E)
                  000034e4    00000004     ti.targets.arm.rtsarm.aem4f : System.oem4f (.text:xdc_runtime_System_aprintf_va__F)
                  000034e8    00000094     sysbios.aem4f : BIOS.obj (.text:ti_sysbios_family_arm_m3_Hwi_initNVIC__E)
                  0000357c    0000008c     drivers_tivaware.aem4f : GPIOTiva.oem4f (.text:GPIO_init)
                  00003608    0000008c     sysbios.aem4f : m3_TaskSupport_asm.obj (.text:ti_sysbios_family_arm_m3_TaskSupport_buildTaskStack)
                  00003694    00000004     ti.targets.arm.rtsarm.aem4f : System.oem4f (.text:xdc_runtime_System_printf_va__F)
                  00003698    00000084     sysbios.aem4f : BIOS.obj (.text:ti_sysbios_family_arm_m3_Hwi_postInit__I)
                  0000371c    0000007a     rtsv7M4_T_le_v4SPD16_eabi.lib : memset_t2.obj (.text)
                  00003796    00000002     dse_Semaphore_pem4f.oem4f (.text:ti_sysbios_BIOS_nullFunc__I)
                  00003798    00000070     sysbios.aem4f : BIOS.obj (.text:ti_sysbios_knl_Clock_workFunc__E)
                  00003808    00000070                   : BIOS.obj (.text:ti_sysbios_knl_Task_exit__E)
                  00003878    0000006d     ti.targets.arm.rtsarm.aem4f : System.oem4f (.text:xdc_runtime_System_formatNum__I)
                  000038e5    00000001     --HOLE-- [fill = 0]
                  000038e6    00000002     dse_Semaphore_pem4f.oem4f (.text:xdc_runtime_Startup_reset__I)
                  000038e8    0000006c     sysbios.aem4f : BIOS.obj (.text:ti_sysbios_knl_Swi_restoreHwi__E)
                  00003954    0000006c     ti.targets.arm.rtsarm.aem4f : Error.oem4f (.text:xdc_runtime_Error_print__E)
                  000039c0    0000006c                                 : Memory.oem4f (.text:xdc_runtime_Memory_alloc__E)
                  00003a2c    00000068     rtsv7M4_T_le_v4SPD16_eabi.lib : copy_decompress_lzss.obj (.text:decompress:lzss)
                  00003a94    00000068                                   : trgmsg.obj (.text)
                  00003afc    00000066     ti.targets.arm.rtsarm.aem4f : Core-mem.oem4f (.text:xdc_runtime_Core_deleteObject__I)
                  00003b62    00000002     --HOLE-- [fill = 0]
                  00003b64    00000064     drivers_tivaware.aem4f : GPIOTiva.oem4f (.text:GPIO_hwiIntFxn)
                  00003bc8    00000064     sysbios.aem4f : BIOS.obj (.text:ti_sysbios_family_arm_lm4_Timer_Module_startup__E)
                  00003c2c    00000064     dse_Semaphore_pem4f.oem4f (.text:ti_sysbios_family_arm_m3_Hwi_create)
                  00003c90    00000064     sysbios.aem4f : BIOS.obj (.text:ti_sysbios_family_arm_m3_Hwi_dispatchC__I)
                  00003cf4    00000004     --HOLE-- [fill = 0]
                  00003cf8    00000060                   : BIOS.obj (.text:ti_sysbios_family_arm_lm4_Timer_isrStub__E)
                  00003d58    00000060                   : BIOS.obj (.text:ti_sysbios_knl_Task_schedule__I)
                  00003db8    0000005c                   : BIOS.obj (.text:ti_sysbios_knl_Swi_run__I)
                  00003e14    00000004     --HOLE-- [fill = 0]
                  00003e18    0000005c                   : BIOS.obj (.text:ti_sysbios_knl_Swi_schedule__I)
                  00003e74    00000004     --HOLE-- [fill = 0]
                  00003e78    0000005c                   : BIOS.obj (.text:ti_sysbios_knl_Task_Module_startup__E)
                  00003ed4    00000004     --HOLE-- [fill = 0]
                  00003ed8    0000005c                   : BIOS.obj (.text:ti_sysbios_knl_Task_startCore__E)
                  00003f34    0000005b     ti.targets.arm.rtsarm.aem4f : Text.oem4f (.text:xdc_runtime_Text_putLab__E)
                  00003f8f    00000001     --HOLE-- [fill = 0]
                  00003f90    00000058     boot.aem4f : boot.oem4f (.text)
                  00003fe8    00000058     rtsv7M4_T_le_v4SPD16_eabi.lib : hostwrite.obj (.text)
                  00004040    00000058     sysbios.aem4f : m3_Hwi_asm_switch.obj (.text:ti_sysbios_family_arm_m3_Hwi_initStacks__E)
                  00004098    00000056     driverlib.lib : gpio.obj (.text:GPIOIntTypeSet)
                  000040ee    00000002     --HOLE-- [fill = 0]
                  000040f0    00000054     rtsv7M4_T_le_v4SPD16_eabi.lib : exit.obj (.text)
                  00004144    00000054     dse_Semaphore_pem4f.oem4f (.text:ti_sysbios_knl_Task_construct)
                  00004198    00000054     ti.targets.arm.rtsarm.aem4f : Assert.oem4f (.text:xdc_runtime_Assert_raise__I)
                  000041ec    00000050     drivers_tivaware.aem4f : GPIOTiva.oem4f (.text:GPIO_setCallback)
                  0000423c    00000050     Boot.aem4f : Boot_sysctl.oem4f (.text:_SysCtlFrequencyGet)
                  0000428c    00000004     --HOLE-- [fill = 0]
                  00004290    00000050     sysbios.aem4f : BIOS.obj (.text:ti_sysbios_family_arm_m3_Hwi_Module_startup__E)
                  000042e0    00000050     ti.targets.arm.rtsarm.aem4f : Startup.oem4f (.text:xdc_runtime_Startup_exec__E)
                  00004330    00000050                                 : Text.oem4f (.text:xdc_runtime_Text_visitRope2__I)
                  00004380    0000004c     rtsv7M4_T_le_v4SPD16_eabi.lib : cpy_tbl.obj (.text)
                  000043cc    00000004     --HOLE-- [fill = 0]
                  000043d0    0000004c     sysbios.aem4f : BIOS.obj (.text:ti_sysbios_heaps_HeapMem_getStats__E)
                  0000441c    00000004     --HOLE-- [fill = 0]
                  00004420    0000004c                   : BIOS.obj (.text:ti_sysbios_knl_Swi_runLoop__I)
                  0000446c    00000004     --HOLE-- [fill = 0]
                  00004470    0000004c                   : BIOS.obj (.text:ti_sysbios_knl_Task_allBlockedFunction__I)
                  000044bc    00000004     --HOLE-- [fill = 0]
                  000044c0    00000048                   : BIOS.obj (.text:ti_sysbios_family_arm_m3_Hwi_disableInterrupt__E)
                  00004508    00000048                   : BIOS.obj (.text:ti_sysbios_family_arm_m3_Hwi_enableInterrupt__E)
                  00004550    00000048                   : BIOS.obj (.text:ti_sysbios_family_arm_m3_Hwi_excReserved__I)
                  00004598    00000046     ti.targets.arm.rtsarm.aem4f : Core-params.oem4f (.text:xdc_runtime_Core_assignParams__I)
                  000045de    00000002     --HOLE-- [fill = 0]
                  000045e0    00000044     sysbios.aem4f : BIOS.obj (.text:ti_sysbios_family_arm_m3_Hwi_getStackInfo__E)
                  00004624    00000004     --HOLE-- [fill = 0]
                  00004628    00000044                   : BIOS.obj (.text:ti_sysbios_knl_Swi_post__E)
                  0000466c    00000044     ti.targets.arm.rtsarm.aem4f : Error.oem4f (.text:xdc_runtime_Error_setX__E)
                  000046b0    00000044                                 : SysMin.oem4f (.text:xdc_runtime_SysMin_flush__E)
                  000046f4    00000044                                 : Text.oem4f (.text:xdc_runtime_Text_xprintf__I)
                  00004738    00000040     rtsv7M4_T_le_v4SPD16_eabi.lib : u_divt2.obj (.text)
                  00004778    00000040     sysbios.aem4f : BIOS.obj (.text:ti_sysbios_family_arm_lm4_Timer_startup__E)
                  000047b8    0000003c                   : BIOS.obj (.text:ti_sysbios_family_arm_m3_Hwi_excSvCall__I)
                  000047f4    00000004     --HOLE-- [fill = 0]
                  000047f8    0000003c                   : BIOS.obj (.text:ti_sysbios_heaps_HeapMem_init__I)
                  00004834    00000004     --HOLE-- [fill = 0]
                  00004838    0000003c                   : BIOS.obj (.text:ti_sysbios_knl_Swi_restore__E)
                  00004874    00000004     --HOLE-- [fill = 0]
                  00004878    00000038                   : BIOS.obj (.text:ti_sysbios_family_arm_m3_Hwi_excNoIsr__I)
                  000048b0    00000038                   : BIOS.obj (.text:ti_sysbios_knl_Task_processVitalTaskFlag__I)
                  000048e8    00000038     ti.targets.arm.rtsarm.aem4f : SysMin.oem4f (.text:xdc_runtime_SysMin_putch__E)
                  00004920    00000038                                 : System.oem4f (.text:xdc_runtime_System_atexit__E)
                  00004958    00000034     driverlib.lib : sysctl.obj (.text:SysCtlPeripheralEnable)
                  0000498c    00000004     --HOLE-- [fill = 0]
                  00004990    00000034     sysbios.aem4f : BIOS.obj (.text:ti_sysbios_family_arm_m3_Hwi_Instance_finalize__E)
                  000049c4    00000004     --HOLE-- [fill = 0]
                  000049c8    00000034                   : BIOS.obj (.text:ti_sysbios_family_arm_m3_Hwi_excNmi__I)
                  000049fc    00000004     --HOLE-- [fill = 0]
                  00004a00    00000034                   : BIOS.obj (.text:ti_sysbios_hal_Hwi_checkStack)
                  00004a34    00000034     ti.targets.arm.rtsarm.aem4f : Core-label.oem4f (.text:xdc_runtime_Core_assignLabel__I)
                  00004a68    00000033                                 : Text.oem4f (.text:xdc_runtime_Text_printVisFxn__I)
                  00004a9b    00000005     --HOLE-- [fill = 0]
                  00004aa0    00000032     sysbios.aem4f : BIOS.obj (.text:ti_sysbios_hal_Hwi_initStack)
                  00004ad2    00000002     --HOLE-- [fill = 0]
                  00004ad4    00000030     dse_Semaphore_pem4f.oem4f (.text:ti_sysbios_BIOS_atExitFunc__I)
                  00004b04    00000004     --HOLE-- [fill = 0]
                  00004b08    00000030     sysbios.aem4f : BIOS.obj (.text:ti_sysbios_family_arm_lm4_Timer_stop__E)
                  00004b38    00000030                   : BIOS.obj (.text:ti_sysbios_family_arm_m3_TaskSupport_start__E)
                  00004b68    00000030     dse_Semaphore_pem4f.oem4f (.text:ti_sysbios_gates_GateHwi_Object__create__S)
                  00004b98    00000030     dse_Semaphore_pem4f.oem4f (.text:ti_sysbios_gates_GateMutex_Object__create__S)
                  00004bc8    00000030     dse_Semaphore_pem4f.oem4f (.text:ti_sysbios_heaps_HeapMem_Object__create__S)
                  00004bf8    00000030     dse_Semaphore_pem4f.oem4f (.text:ti_sysbios_knl_Semaphore_construct)
                  00004c28    00000030     sysbios.aem4f : BIOS.obj (.text:ti_sysbios_knl_Semaphore_pendTimeout__I)
                  00004c58    00000030                   : BIOS.obj (.text:ti_sysbios_knl_Task_unblockI__E)
                  00004c88    00000030     ti.targets.arm.rtsarm.aem4f : SysMin.oem4f (.text:xdc_runtime_SysMin_abort__E)
                  00004cb8    00000030                                 : System.oem4f (.text:xdc_runtime_System_processAtExit__E)
                  00004ce8    0000002c     dse_Semaphore_pem4f.oem4f (.text:ti_sysbios_knl_Clock_doTick__I)
                  00004d14    0000002c     dse_Semaphore_pem4f.oem4f (.text:ti_sysbios_knl_Queue_construct)
                  00004d40    0000002c     sysbios.aem4f : BIOS.obj (.text:ti_sysbios_knl_Task_restore__E)
                  00004d6c    0000002c     ti.targets.arm.rtsarm.aem4f : Text.oem4f (.text:xdc_runtime_Text_cordText__E)
                  00004d98    0000002a     driverlib.lib : gpio.obj (.text:GPIODirModeSet)
                  00004dc2    0000002a     ti.targets.arm.rtsarm.aem4f : System.oem4f (.text:xdc_runtime_System_putchar__I)
                  00004dec    00000004     --HOLE-- [fill = 0]
                  00004df0    00000028     sysbios.aem4f : BIOS.obj (.text:ti_sysbios_knl_Swi_Module_startup__E)
                  00004e18    00000026                   : m3_Hwi_asm.obj (.text:ti_sysbios_family_arm_m3_Hwi_pendSV__I)
                  00004e3e    00000026     ti.targets.arm.rtsarm.aem4f : System.oem4f (.text:xdc_runtime_System_avprintf__E)
                  00004e64    00000024     dse_Semaphore_pem4f.oem4f (.text:ti_sysbios_BIOS_errorRaiseHook__I)
                  00004e88    00000024     dse_Semaphore_pem4f.oem4f (.text:ti_sysbios_BIOS_registerRTSLock__I)
                  00004eac    00000024     dse_Semaphore_pem4f.oem4f (.text:ti_sysbios_BIOS_removeRTSLock__I)
                  00004ed0    00000024     dse_Semaphore_pem4f.oem4f (.text:ti_sysbios_BIOS_startFunc__I)
                  00004ef4    00000024     dse_Semaphore_pem4f.oem4f (.text:ti_sysbios_gates_GateMutex_Object__delete__S)
                  00004f18    00000024     sysbios.aem4f : BIOS.obj (.text:ti_sysbios_knl_Clock_Module_startup__E)
                  00004f3c    00000004     --HOLE-- [fill = 0]
                  00004f40    00000024                   : BIOS.obj (.text:ti_sysbios_knl_Task_restoreHwi__E)
                  00004f64    00000024     ti.targets.arm.rtsarm.aem4f : System.oem4f (.text:xdc_runtime_System_vprintf__E)
                  00004f88    00000022     sysbios.aem4f : BIOS.obj (.text:ti_sysbios_family_arm_lm4_Timer_write__I)
                  00004faa    00000022     dse_Semaphore_pem4f.oem4f (.text:xdc_runtime_SysMin_output__I)
                  00004fcc    00000020     Boot.aem4f : Boot_sysctl.oem4f (.text:_SysCtlMemTimingGet)
                  00004fec    00000020     dse_Semaphore_pem4f.oem4f (.text:ti_sysbios_BIOS_rtsLock__I)
                  0000500c    00000020     sysbios.aem4f : m3_Hwi_asm.obj (.text:ti_sysbios_family_arm_m3_Hwi_excHandlerAsm__I)
                  0000502c    00000004     --HOLE-- [fill = 0]
                  00005030    00000020                   : BIOS.obj (.text:ti_sysbios_family_arm_m3_Hwi_excHandler__I)
                  00005050    00000020     dse_Semaphore_pem4f.oem4f (.text:ti_sysbios_gates_GateHwi_Object__delete__S)
                  00005070    00000020     dse_Semaphore_pem4f.oem4f (.text:ti_sysbios_heaps_HeapMem_Object__delete__S)
                  00005090    00000020     sysbios.aem4f : BIOS.obj (.text:ti_sysbios_knl_Idle_run__E)
                  000050b0    00000020     dse_Semaphore_pem4f.oem4f (.text:ti_sysbios_knl_Semaphore_Object__destruct__S)
                  000050d0    00000020     ti.targets.arm.rtsarm.aem4f : Registry.oem4f (.text:xdc_runtime_Registry_findById__E)
                  000050f0    00000020                                 : SysMin.oem4f (.text:xdc_runtime_SysMin_Module_startup__E)
                  00005110    0000001e     sysbios.aem4f : m3_Hwi_asm_switch.obj (.text:ti_sysbios_family_xxx_Hwi_switchAndRunFunc)
                  0000512e    0000001c     drivers_tivaware.aem4f : GPIOTiva.oem4f (.text:getGpioIntIndex)
                  0000514a    00000006     driverlib.lib : gpio.obj (.text:GPIOIntClear)
                  00005150    0000001c     sysbios.aem4f : BIOS.obj (.text:ti_sysbios_gates_GateMutex_Instance_init__E)
                  0000516c    0000001c     dse_Semaphore_pem4f.oem4f (.text:ti_sysbios_knl_Queue_Object__destruct__S)
                  00005188    0000001c     sysbios.aem4f : BIOS.obj (.text:ti_sysbios_knl_Task_enter__I)
                  000051a4    0000001c     ti.targets.arm.rtsarm.aem4f : Error.oem4f (.text:xdc_runtime_Error_raiseX__E)
                  000051c0    0000001c                                 : Memory.oem4f (.text:xdc_runtime_Memory_valloc__E)
                  000051dc    0000001c                                 : SysMin.oem4f (.text:xdc_runtime_SysMin_exit__E)
                  000051f8    0000001c                                 : System.oem4f (.text:xdc_runtime_System_abort__E)
                  00005214    0000001a     dse_Semaphore_pem4f.oem4f (.text:ti_sysbios_family_arm_m3_Hwi_Handle__label__S)
                  0000522e    0000001a     dse_Semaphore_pem4f.oem4f (.text:ti_sysbios_gates_GateHwi_Handle__label__S)
                  00005248    0000001a     dse_Semaphore_pem4f.oem4f (.text:ti_sysbios_gates_GateMutex_Handle__label__S)
                  00005262    0000001a     dse_Semaphore_pem4f.oem4f (.text:ti_sysbios_heaps_HeapMem_Handle__label__S)
                  0000527c    0000001a     dse_Semaphore_pem4f.oem4f (.text:ti_sysbios_knl_Swi_Handle__label__S)
                  00005296    0000001a     dse_Semaphore_pem4f.oem4f (.text:ti_sysbios_knl_Task_Handle__label__S)
                  000052b0    0000001a     dse_Semaphore_pem4f.oem4f (.text:xdc_runtime_System_aprintf__E)
                  000052ca    0000001a     dse_Semaphore_pem4f.oem4f (.text:xdc_runtime_System_printf__E)
                  000052e4    00000018     rtsv7M4_T_le_v4SPD16_eabi.lib : args_main.obj (.text)
                  000052fc    00000018     dse_Semaphore_pem4f.oem4f (.text:ti_sysbios_BIOS_rtsUnlock__I)
                  00005314    00000018     dse_Semaphore_pem4f.oem4f (.text:ti_sysbios_family_arm_lm4_Timer_Module__startupDone__F)
                  0000532c    00000018     dse_Semaphore_pem4f.oem4f (.text:ti_sysbios_family_arm_m3_Hwi_Module__startupDone__F)
                  00005344    00000018     sysbios.aem4f : m3_TaskSupport_asm.obj (.text:ti_sysbios_family_arm_m3_TaskSupport_swap__E)
                  0000535c    00000004     --HOLE-- [fill = 0]
                  00005360    00000018                   : BIOS.obj (.text:ti_sysbios_gates_GateMutex_leave__E)
                  00005378    00000018                   : BIOS.obj (.text:ti_sysbios_knl_Task_sleepTimeout__I)
                  00005390    00000018     ti.targets.arm.rtsarm.aem4f : Error.oem4f (.text:xdc_runtime_Error_check__E)
                  000053a8    00000018                                 : System.oem4f (.text:xdc_runtime_System_exit__E)
                  000053c0    00000018                                 : Text.oem4f (.text:xdc_runtime_Text_ropeText__E)
                  000053d8    00000016     dse_Semaphore_pem4f.oem4f (.text:ti_sysbios_BIOS_exitFunc__I)
                  000053ee    00000016     dse_Semaphore.obj (.text:ti_sysbios_knl_Semaphore_Params_init)
                  00005404    00000016     dse_Semaphore.obj (.text:ti_sysbios_knl_Task_Params_init)
                  0000541a    00000002     --HOLE-- [fill = 0]
                  0000541c    00000014     rtsv7M4_T_le_v4SPD16_eabi.lib : _lock.obj (.text)
                  00005430    00000014                                   : strlen.obj (.text)
                  00005444    00000014     dse_Semaphore_pem4f.oem4f (.text:ti_sysbios_family_arm_m3_Hwi_Object__get__S)
                  00005458    00000014     sysbios.aem4f : BIOS.obj (.text:ti_sysbios_family_arm_m3_Hwi_switchFromBootStack__E)
                  0000546c    00000014     dse_Semaphore_pem4f.oem4f (.text:ti_sysbios_heaps_HeapMem_Object__get__S)
                  00005480    00000014     dse_Semaphore_pem4f.oem4f (.text:ti_sysbios_knl_Swi_Object__get__S)
                  00005494    00000004     --HOLE-- [fill = 0]
                  00005498    00000012     sysbios.aem4f : BIOS.obj (.text:ti_sysbios_hal_Hwi_Module_startup__E)
                  000054aa    00000012     dse_Semaphore_pem4f.oem4f (.text:xdc_runtime_Startup_exec__I)
                  000054bc    00000010     dse_Semaphore_pem4f.oem4f (.text:.bootCodeSection:ti_catalog_arm_cortexm4_tiva_ce_Boot_init__I)
                  000054cc    00000004     --HOLE-- [fill = 0]
                  000054d0    00000010     sysbios.aem4f : BIOS.obj (.text:ti_sysbios_BIOS_exit__E)
                  000054e0    00000010                   : BIOS.obj (.text:ti_sysbios_BIOS_setThreadType__E)
                  000054f0    00000010                   : BIOS.obj (.text:ti_sysbios_BIOS_start__E)
                  00005500    00000010                   : m3_TaskSupport_asm.obj (.text:ti_sysbios_family_arm_m3_TaskSupport_glue)
                  00005510    00000010                   : BIOS.obj (.text:ti_sysbios_gates_GateMutex_Instance_finalize__E)
                  00005520    00000010                   : BIOS.obj (.text:ti_sysbios_knl_Semaphore_Instance_finalize__E)
                  00005530    00000010                   : BIOS.obj (.text:ti_sysbios_knl_Swi_disable__E)
                  00005540    00000010     dse_Semaphore_pem4f.oem4f (.text:ti_sysbios_knl_Task_Object__get__S)
                  00005550    00000010     sysbios.aem4f : BIOS.obj (.text:ti_sysbios_knl_Task_disable__E)
                  00005560    00000010     ti.targets.arm.rtsarm.aem4f : Gate.oem4f (.text:xdc_runtime_Gate_leaveSystem__E)
                  00005570    00000010                                 : Memory.oem4f (.text:xdc_runtime_Memory_free__E)
                  00005580    00000010                                 : SysMin.oem4f (.text:xdc_runtime_SysMin_ready__E)
                  00005590    00000010                                 : System.oem4f (.text:xdc_runtime_System_vsnprintf__E)
                  000055a0    00000010     dse_Semaphore_pem4f.oem4f (.text:xdc_runtime_Text_visitRope__I)
                  000055b0    0000000e     driverlib.lib : gpio.obj (.text:GPIOIntStatus)
                  000055be    0000000e     rtsv7M4_T_le_v4SPD16_eabi.lib : copy_decompress_none.obj (.text:decompress:none)
                  000055cc    00000004     --HOLE-- [fill = 0]
                  000055d0    0000000e     sysbios.aem4f : BIOS.obj (.text:ti_sysbios_knl_Idle_loop__E)
                  000055de    00000002     --HOLE-- [fill = 0]
                  000055e0    0000000e                   : BIOS.obj (.text:ti_sysbios_knl_Queue_empty__E)
                  000055ee    0000000c     rtsv7M4_T_le_v4SPD16_eabi.lib : copy_zero_init.obj (.text:decompress:ZI)
                  000055fa    00000006     driverlib.lib : gpio.obj (.text:GPIOPinWrite)
                  00005600    0000000c     sysbios.aem4f : BIOS.obj (.text:ti_sysbios_family_arm_lm4_Timer_getMaxTicks__E)
                  0000560c    0000000c     dse_Semaphore_pem4f.oem4f (.text:ti_sysbios_family_arm_m3_Hwi_Params__init__S)
                  00005618    0000000c     sysbios.aem4f : BIOS.obj (.text:ti_sysbios_family_arm_m3_Hwi_disableFxn__E)
                  00005624    00000004     --HOLE-- [fill = 0]
                  00005628    0000000c                   : BIOS.obj (.text:ti_sysbios_family_arm_m3_TaskSupport_checkStack__E)
                  00005634    00000004     --HOLE-- [fill = 0]
                  00005638    0000000c                   : BIOS.obj (.text:ti_sysbios_family_arm_m3_TaskSupport_getStackAlignment__E)
                  00005644    00000004     --HOLE-- [fill = 0]
                  00005648    0000000c                   : BIOS.obj (.text:ti_sysbios_gates_GateHwi_enter__E)
                  00005654    0000000c     dse_Semaphore_pem4f.oem4f (.text:ti_sysbios_knl_Queue_Object__get__S)
                  00005660    0000000c     dse_Semaphore_pem4f.oem4f (.text:ti_sysbios_knl_Semaphore_Params__init__S)
                  0000566c    0000000c     dse_Semaphore.obj (.text:ti_sysbios_knl_Semaphore_handle)
                  00005678    0000000c     dse_Semaphore_pem4f.oem4f (.text:ti_sysbios_knl_Task_Params__init__S)
                  00005684    0000000c     ti.targets.arm.rtsarm.aem4f : Error.oem4f (.text:xdc_runtime_Error_init__E)
                  00005690    0000000c                                 : Gate.oem4f (.text:xdc_runtime_Gate_enterSystem__E)
                  0000569c    0000000c                                 : Memory.oem4f (.text:xdc_runtime_Memory_calloc__E)
                  000056a8    0000000c                                 : Memory.oem4f (.text:xdc_runtime_Memory_getMaxDefaultTypeAlign__E)
                  000056b4    0000000a     dse_Semaphore_pem4f.oem4f (.text:xdc_runtime_IHeap_alloc)
                  000056be    0000000a     dse_Semaphore_pem4f.oem4f (.text:xdc_runtime_IHeap_free)
                  000056c8    00000008     EK_TM4C129EXL.obj (.text:EK_TM4C129EXL_initGPIO)
                  000056d0    00000008     sysbios.aem4f : BIOS.obj (.text:ti_sysbios_family_arm_lm4_Timer_masterDisable__I)
                  000056d8    00000008                   : BIOS.obj (.text:ti_sysbios_family_arm_m3_Hwi_doSwiRestore__I)
                  000056e0    00000008                   : BIOS.obj (.text:ti_sysbios_family_arm_m3_Hwi_startup__E)
                  000056e8    00000006                   : BIOS.obj (.text:ti_sysbios_family_arm_m3_Hwi_doTaskRestore__I)
                  000056ee    00000002     --HOLE-- [fill = 0]
                  000056f0    00000006                   : BIOS.obj (.text:ti_sysbios_family_arm_m3_Hwi_restoreFxn__E)
                  000056f6    00000002     --HOLE-- [fill = 0]
                  000056f8    00000006                   : BIOS.obj (.text:ti_sysbios_gates_GateHwi_leave__E)
                  000056fe    00000002     --HOLE-- [fill = 0]
                  00005700    00000006                   : BIOS.obj (.text:ti_sysbios_heaps_HeapMem_isBlocking__E)
                  00005706    00000002     --HOLE-- [fill = 0]
                  00005708    00000006                   : BIOS.obj (.text:ti_sysbios_knl_Queue_Instance_init__E)
                  0000570e    00000002     --HOLE-- [fill = 0]
                  00005710    00000006                   : BIOS.obj (.text:ti_sysbios_knl_Swi_startup__E)
                  00005716    00000006     ti.targets.arm.rtsarm.aem4f : System.oem4f (.text:xdc_runtime_System_Module_startup__E)
                  0000571c    00000004     --HOLE-- [fill = 0]
                  00005720    00000004     sysbios.aem4f : BIOS.obj (.text:ti_sysbios_gates_GateHwi_query__E)
                  00005724    00000004     --HOLE-- [fill = 0]
                  00005728    00000004                   : BIOS.obj (.text:ti_sysbios_gates_GateMutex_query__E)
                  0000572c    00000004     --HOLE-- [fill = 0]
                  00005730    00000004                   : BIOS.obj (.text:ti_sysbios_knl_Task_startup__E)
                  00005734    00000004     --HOLE-- [fill = 0]
                  00005738    00000002                   : BIOS.obj (.text:ti_sysbios_gates_GateHwi_Instance_init__E)
                  0000573a    00000006     --HOLE-- [fill = 0]
                  00005740    00000002                   : BIOS.obj (.text:ti_sysbios_knl_Clock_logTick__E)

.const     0    00005744    00002052     
                  00005744    00001861     dse_Semaphore_pem4f.oem4f (.const:xdc_runtime_Text_charTab__A)
                  00006fa5    00000001     dse_Semaphore_pem4f.oem4f (.const:xdc_runtime_Error_policy__C)
                  00006fa6    00000002     dse_Semaphore_pem4f.oem4f (.const:ti_catalog_arm_cortexm4_tiva_ce_Boot_Module__id__C)
                  00006fa8    00000120     Boot.aem4f : Boot_sysctl.oem4f (.const:g_pppui32XTALtoVCO)
                  000070c8    000000bc     dse_Semaphore_pem4f.oem4f (.const:xdc_runtime_Text_nodeTab__A)
                  00007184    0000006c     Boot.aem4f : Boot_sysctl.oem4f (.const:g_pui32Xtals)
                  000071f0    00000054     drivers_tivaware.aem4f : GPIOTiva.oem4f (.const:.string)
                  00007244    00000048     dse_Semaphore_pem4f.oem4f (.const:.string)
                  0000728c    00000048     drivers_tivaware.aem4f : GPIOTiva.oem4f (.const:gpioBaseAddresses)
                  000072d4    0000003c     dse_Semaphore_pem4f.oem4f (.const:ti_sysbios_knl_Task_Object__PARAMS__C)
                  00007310    00000030     Boot.aem4f : Boot_sysctl.oem4f (.const:g_sXTALtoMEMTIM)
                  00007340    00000030     dse_Semaphore_pem4f.oem4f (.const:ti_sysbios_family_arm_m3_Hwi_Object__PARAMS__C)
                  00007370    00000028     dse_Semaphore_pem4f.oem4f (.const:ti_sysbios_heaps_HeapMem_Module__FXNS__C)
                  00007398    00000024     dse_Semaphore_pem4f.oem4f (.const:ti_sysbios_gates_GateHwi_Module__FXNS__C)
                  000073bc    00000024     dse_Semaphore_pem4f.oem4f (.const:ti_sysbios_gates_GateMutex_Module__FXNS__C)
                  000073e0    00000024     dse_Semaphore_pem4f.oem4f (.const:ti_sysbios_heaps_HeapMem_Object__PARAMS__C)
                  00007404    00000024     dse_Semaphore_pem4f.oem4f (.const:ti_sysbios_knl_Semaphore_Object__PARAMS__C)
                  00007428    00000020     dse_Semaphore_pem4f.oem4f (.const:ti_sysbios_family_arm_m3_Hwi_Object__DESC__C)
                  00007448    00000020     dse_Semaphore_pem4f.oem4f (.const:ti_sysbios_gates_GateHwi_Object__DESC__C)
                  00007468    00000020     dse_Semaphore_pem4f.oem4f (.const:ti_sysbios_gates_GateMutex_Object__DESC__C)
                  00007488    00000020     dse_Semaphore_pem4f.oem4f (.const:ti_sysbios_heaps_HeapMem_Object__DESC__C)
                  000074a8    00000020     dse_Semaphore_pem4f.oem4f (.const:ti_sysbios_knl_Queue_Object__DESC__C)
                  000074c8    00000020     dse_Semaphore_pem4f.oem4f (.const:ti_sysbios_knl_Semaphore_Object__DESC__C)
                  000074e8    00000020     dse_Semaphore_pem4f.oem4f (.const:ti_sysbios_knl_Task_Object__DESC__C)
                  00007508    00000020     dse_Semaphore_pem4f.oem4f (.const:xdc_runtime_Startup_sfxnTab__A)
                  00007528    00000018     dse_Semaphore_pem4f.oem4f (.const:ti_sysbios_gates_GateHwi_Object__PARAMS__C)
                  00007540    00000018     dse_Semaphore_pem4f.oem4f (.const:ti_sysbios_gates_GateMutex_Object__PARAMS__C)
                  00007558    00000018     dse_Semaphore_pem4f.oem4f (.const:ti_sysbios_knl_Queue_Object__PARAMS__C)
                  00007570    00000014     EK_TM4C129EXL.obj (.const:GPIOTiva_config)
                  00007584    00000014     dse_Semaphore_pem4f.oem4f (.const:xdc_runtime_Startup_firstFxns__A)
                  00007598    00000010     dse_Semaphore_pem4f.oem4f (.const:xdc_runtime_Startup_sfxnRts__A)
                  000075a8    00000008     Boot.aem4f : Boot_sysctl.oem4f (.const)
                  000075b0    00000008     dse_Semaphore_pem4f.oem4f (.const:ti_sysbios_family_arm_m3_Hwi_excHookFuncs__A)
                  000075b8    00000008     dse_Semaphore_pem4f.oem4f (.const:ti_sysbios_knl_Idle_funcList__C)
                  000075c0    00000008     dse_Semaphore_pem4f.oem4f (.const:xdc_runtime_Startup_firstFxns__C)
                  000075c8    00000008     dse_Semaphore_pem4f.oem4f (.const:xdc_runtime_Startup_lastFxns__C)
                  000075d0    00000004     dse_Semaphore_pem4f.oem4f (.const:ti_catalog_arm_cortexm4_tiva_ce_Boot_A_mustNotUseEnhancedClockMode__C)
                  000075d4    00000004     dse_Semaphore_pem4f.oem4f (.const:ti_catalog_arm_cortexm4_tiva_ce_Boot_Module__diagsEnabled__C)
                  000075d8    00000004     dse_Semaphore_pem4f.oem4f (.const:ti_catalog_arm_cortexm4_tiva_ce_Boot_Module__diagsIncluded__C)
                  000075dc    00000004     dse_Semaphore_pem4f.oem4f (.const:ti_catalog_arm_cortexm4_tiva_ce_Boot_Module__diagsMask__C)
                  000075e0    00000004     dse_Semaphore_pem4f.oem4f (.const:ti_sysbios_family_arm_lm4_Timer_enableFunc__C)
                  000075e4    00000004     dse_Semaphore_pem4f.oem4f (.const:ti_sysbios_family_arm_lm4_Timer_numTimerDevices__C)
                  000075e8    00000004     dse_Semaphore_pem4f.oem4f (.const:ti_sysbios_family_arm_lm4_Timer_startupNeeded__C)
                  000075ec    00000004     dse_Semaphore_pem4f.oem4f (.const:ti_sysbios_family_arm_m3_Hwi_E_NMI__C)
                  000075f0    00000004     dse_Semaphore_pem4f.oem4f (.const:ti_sysbios_family_arm_m3_Hwi_E_alreadyDefined__C)
                  000075f4    00000004     dse_Semaphore_pem4f.oem4f (.const:ti_sysbios_family_arm_m3_Hwi_E_busFault__C)
                  000075f8    00000004     dse_Semaphore_pem4f.oem4f (.const:ti_sysbios_family_arm_m3_Hwi_E_debugMon__C)
                  000075fc    00000004     dse_Semaphore_pem4f.oem4f (.const:ti_sysbios_family_arm_m3_Hwi_E_hardFault__C)
                  00007600    00000004     dse_Semaphore_pem4f.oem4f (.const:ti_sysbios_family_arm_m3_Hwi_E_memFault__C)
                  00007604    00000004     dse_Semaphore_pem4f.oem4f (.const:ti_sysbios_family_arm_m3_Hwi_E_noIsr__C)
                  00007608    00000004     dse_Semaphore_pem4f.oem4f (.const:ti_sysbios_family_arm_m3_Hwi_E_reserved__C)
                  0000760c    00000004     dse_Semaphore_pem4f.oem4f (.const:ti_sysbios_family_arm_m3_Hwi_E_svCall__C)
                  00007610    00000004     dse_Semaphore_pem4f.oem4f (.const:ti_sysbios_family_arm_m3_Hwi_E_usageFault__C)
                  00007614    00000004     dse_Semaphore_pem4f.oem4f (.const:ti_sysbios_family_arm_m3_Hwi_NUM_INTERRUPTS__C)
                  00007618    00000004     dse_Semaphore_pem4f.oem4f (.const:ti_sysbios_family_arm_m3_Hwi_Object__count__C)
                  0000761c    00000004     dse_Semaphore_pem4f.oem4f (.const:ti_sysbios_family_arm_m3_Hwi_ccr__C)
                  00007620    00000004     dse_Semaphore_pem4f.oem4f (.const:ti_sysbios_family_arm_m3_Hwi_excHandlerFunc__C)
                  00007624    00000004     dse_Semaphore_pem4f.oem4f (.const:ti_sysbios_family_arm_m3_Hwi_excHookFuncs__C)
                  00007628    00000004     dse_Semaphore_pem4f.oem4f (.const:ti_sysbios_family_arm_m3_Hwi_nullIsrFunc__C)
                  0000762c    00000004     dse_Semaphore_pem4f.oem4f (.const:ti_sysbios_family_arm_m3_Hwi_priGroup__C)
                  00007630    00000004     dse_Semaphore_pem4f.oem4f (.const:ti_sysbios_family_arm_m3_TaskSupport_stackAlignment__C)
                  00007634    00000004     dse_Semaphore_pem4f.oem4f (.const:ti_sysbios_gates_GateMutex_A_badContext__C)
                  00007638    00000004     dse_Semaphore_pem4f.oem4f (.const:ti_sysbios_gates_GateMutex_Instance_State_sem__O)
                  0000763c    00000004     dse_Semaphore_pem4f.oem4f (.const:ti_sysbios_gates_GateMutex_Module__diagsEnabled__C)
                  00007640    00000004     dse_Semaphore_pem4f.oem4f (.const:ti_sysbios_gates_GateMutex_Module__diagsIncluded__C)
                  00007644    00000004     dse_Semaphore_pem4f.oem4f (.const:ti_sysbios_gates_GateMutex_Module__diagsMask__C)
                  00007648    00000004     dse_Semaphore_pem4f.oem4f (.const:ti_sysbios_hal_Hwi_E_stackOverflow__C)
                  0000764c    00000004     dse_Semaphore_pem4f.oem4f (.const:ti_sysbios_heaps_HeapMem_A_align__C)
                  00007650    00000004     dse_Semaphore_pem4f.oem4f (.const:ti_sysbios_heaps_HeapMem_A_heapSize__C)
                  00007654    00000004     dse_Semaphore_pem4f.oem4f (.const:ti_sysbios_heaps_HeapMem_A_invalidFree__C)
                  00007658    00000004     dse_Semaphore_pem4f.oem4f (.const:ti_sysbios_heaps_HeapMem_A_zeroBlock__C)
                  0000765c    00000004     dse_Semaphore_pem4f.oem4f (.const:ti_sysbios_heaps_HeapMem_E_memory__C)
                  00007660    00000004     dse_Semaphore_pem4f.oem4f (.const:ti_sysbios_heaps_HeapMem_Module__diagsEnabled__C)
                  00007664    00000004     dse_Semaphore_pem4f.oem4f (.const:ti_sysbios_heaps_HeapMem_Module__diagsIncluded__C)
                  00007668    00000004     dse_Semaphore_pem4f.oem4f (.const:ti_sysbios_heaps_HeapMem_Module__diagsMask__C)
                  0000766c    00000004     dse_Semaphore_pem4f.oem4f (.const:ti_sysbios_heaps_HeapMem_Module__gateObj__C)
                  00007670    00000004     dse_Semaphore_pem4f.oem4f (.const:ti_sysbios_heaps_HeapMem_Object__count__C)
                  00007674    00000004     dse_Semaphore_pem4f.oem4f (.const:ti_sysbios_heaps_HeapMem_reqAlign__C)
                  00007678    00000004     dse_Semaphore_pem4f.oem4f (.const:ti_sysbios_knl_Clock_Module_State_clockQ__O)
                  0000767c    00000004     dse_Semaphore_pem4f.oem4f (.const:ti_sysbios_knl_Clock_tickPeriod__C)
                  00007680    00000004     dse_Semaphore_pem4f.oem4f (.const:ti_sysbios_knl_Idle_funcList__A)
                  00007684    00000004     dse_Semaphore_pem4f.oem4f (.const:ti_sysbios_knl_Semaphore_A_badContext__C)
                  00007688    00000004     dse_Semaphore_pem4f.oem4f (.const:ti_sysbios_knl_Semaphore_A_noEvents__C)
                  0000768c    00000004     dse_Semaphore_pem4f.oem4f (.const:ti_sysbios_knl_Semaphore_A_overflow__C)
                  00007690    00000004     dse_Semaphore_pem4f.oem4f (.const:ti_sysbios_knl_Semaphore_A_pendTaskDisabled__C)
                  00007694    00000004     dse_Semaphore_pem4f.oem4f (.const:ti_sysbios_knl_Semaphore_Instance_State_pendQ__O)
                  00007698    00000004     dse_Semaphore_pem4f.oem4f (.const:ti_sysbios_knl_Semaphore_Module__diagsEnabled__C)
                  0000769c    00000004     dse_Semaphore_pem4f.oem4f (.const:ti_sysbios_knl_Semaphore_Module__diagsIncluded__C)
                  000076a0    00000004     dse_Semaphore_pem4f.oem4f (.const:ti_sysbios_knl_Semaphore_Module__diagsMask__C)
                  000076a4    00000004     dse_Semaphore_pem4f.oem4f (.const:ti_sysbios_knl_Swi_Object__count__C)
                  000076a8    00000004     dse_Semaphore_pem4f.oem4f (.const:ti_sysbios_knl_Task_A_badPriority__C)
                  000076ac    00000004     dse_Semaphore_pem4f.oem4f (.const:ti_sysbios_knl_Task_A_badTaskState__C)
                  000076b0    00000004     dse_Semaphore_pem4f.oem4f (.const:ti_sysbios_knl_Task_A_badThreadType__C)
                  000076b4    00000004     dse_Semaphore_pem4f.oem4f (.const:ti_sysbios_knl_Task_A_badTimeout__C)
                  000076b8    00000004     dse_Semaphore_pem4f.oem4f (.const:ti_sysbios_knl_Task_A_noPendElem__C)
                  000076bc    00000004     dse_Semaphore_pem4f.oem4f (.const:ti_sysbios_knl_Task_A_sleepTaskDisabled__C)
                  000076c0    00000004     dse_Semaphore_pem4f.oem4f (.const:ti_sysbios_knl_Task_E_spOutOfBounds__C)
                  000076c4    00000004     dse_Semaphore_pem4f.oem4f (.const:ti_sysbios_knl_Task_E_stackOverflow__C)
                  000076c8    00000004     dse_Semaphore_pem4f.oem4f (.const:ti_sysbios_knl_Task_Module_State_inactiveQ__O)
                  000076cc    00000004     dse_Semaphore_pem4f.oem4f (.const:ti_sysbios_knl_Task_Module__diagsEnabled__C)
                  000076d0    00000004     dse_Semaphore_pem4f.oem4f (.const:ti_sysbios_knl_Task_Module__diagsIncluded__C)
                  000076d4    00000004     dse_Semaphore_pem4f.oem4f (.const:ti_sysbios_knl_Task_Module__diagsMask__C)
                  000076d8    00000004     dse_Semaphore_pem4f.oem4f (.const:ti_sysbios_knl_Task_Object__count__C)
                  000076dc    00000004     dse_Semaphore_pem4f.oem4f (.const:ti_sysbios_knl_Task_allBlockedFunc__C)
                  000076e0    00000004     dse_Semaphore_pem4f.oem4f (.const:ti_sysbios_knl_Task_defaultStackHeap__C)
                  000076e4    00000004     dse_Semaphore_pem4f.oem4f (.const:ti_sysbios_knl_Task_defaultStackSize__C)
                  000076e8    00000004     dse_Semaphore_pem4f.oem4f (.const:ti_sysbios_knl_Task_numConstructedTasks__C)
                  000076ec    00000004     dse_Semaphore_pem4f.oem4f (.const:xdc_runtime_Assert_E_assertFailed__C)
                  000076f0    00000004     dse_Semaphore_pem4f.oem4f (.const:xdc_runtime_Core_A_initializedParams__C)
                  000076f4    00000004     dse_Semaphore_pem4f.oem4f (.const:xdc_runtime_Core_Module__diagsEnabled__C)
                  000076f8    00000004     dse_Semaphore_pem4f.oem4f (.const:xdc_runtime_Core_Module__diagsIncluded__C)
                  000076fc    00000004     dse_Semaphore_pem4f.oem4f (.const:xdc_runtime_Core_Module__diagsMask__C)
                  00007700    00000004     dse_Semaphore_pem4f.oem4f (.const:xdc_runtime_Error_E_memory__C)
                  00007704    00000004     dse_Semaphore_pem4f.oem4f (.const:xdc_runtime_Error_Module__diagsEnabled__C)
                  00007708    00000004     dse_Semaphore_pem4f.oem4f (.const:xdc_runtime_Error_Module__diagsIncluded__C)
                  0000770c    00000004     dse_Semaphore_pem4f.oem4f (.const:xdc_runtime_Error_Module__diagsMask__C)
                  00007710    00000004     dse_Semaphore_pem4f.oem4f (.const:xdc_runtime_Error_Module__loggerFxn8__C)
                  00007714    00000004     dse_Semaphore_pem4f.oem4f (.const:xdc_runtime_Error_Module__loggerObj__C)
                  00007718    00000004     dse_Semaphore_pem4f.oem4f (.const:xdc_runtime_Error_policyFxn__C)
                  0000771c    00000004     dse_Semaphore_pem4f.oem4f (.const:xdc_runtime_Error_raiseHook__C)
                  00007720    00000004     dse_Semaphore_pem4f.oem4f (.const:xdc_runtime_IGateProvider_Interface__BASE__C)
                  00007724    00000004     dse_Semaphore_pem4f.oem4f (.const:xdc_runtime_IHeap_Interface__BASE__C)
                  00007728    00000004     dse_Semaphore_pem4f.oem4f (.const:xdc_runtime_IModule_Interface__BASE__C)
                  0000772c    00000004     dse_Semaphore_pem4f.oem4f (.const:xdc_runtime_Log_L_error__C)
                  00007730    00000004     dse_Semaphore_pem4f.oem4f (.const:xdc_runtime_Memory_defaultHeapInstance__C)
                  00007734    00000004     dse_Semaphore_pem4f.oem4f (.const:xdc_runtime_Startup_execImpl__C)
                  00007738    00000004     dse_Semaphore_pem4f.oem4f (.const:xdc_runtime_Startup_maxPasses__C)
                  0000773c    00000004     dse_Semaphore_pem4f.oem4f (.const:xdc_runtime_Startup_sfxnRts__C)
                  00007740    00000004     dse_Semaphore_pem4f.oem4f (.const:xdc_runtime_Startup_sfxnTab__C)
                  00007744    00000004     dse_Semaphore_pem4f.oem4f (.const:xdc_runtime_SysMin_bufSize__C)
                  00007748    00000004     dse_Semaphore_pem4f.oem4f (.const:xdc_runtime_SysMin_outputFunc__C)
                  0000774c    00000004     dse_Semaphore_pem4f.oem4f (.const:xdc_runtime_System_Module__gateObj__C)
                  00007750    00000004     dse_Semaphore_pem4f.oem4f (.const:xdc_runtime_System_abortFxn__C)
                  00007754    00000004     dse_Semaphore_pem4f.oem4f (.const:xdc_runtime_System_exitFxn__C)
                  00007758    00000004     dse_Semaphore_pem4f.oem4f (.const:xdc_runtime_System_extendFxn__C)
                  0000775c    00000004     dse_Semaphore_pem4f.oem4f (.const:xdc_runtime_System_maxAtexitHandlers__C)
                  00007760    00000004     dse_Semaphore_pem4f.oem4f (.const:xdc_runtime_Text_charTab__C)
                  00007764    00000004     dse_Semaphore_pem4f.oem4f (.const:xdc_runtime_Text_nameEmpty__C)
                  00007768    00000004     dse_Semaphore_pem4f.oem4f (.const:xdc_runtime_Text_nameStatic__C)
                  0000776c    00000004     dse_Semaphore_pem4f.oem4f (.const:xdc_runtime_Text_nameUnknown__C)
                  00007770    00000004     dse_Semaphore_pem4f.oem4f (.const:xdc_runtime_Text_nodeTab__C)
                  00007774    00000004     dse_Semaphore_pem4f.oem4f (.const:xdc_runtime_Text_visitRopeFxn__C)
                  00007778    00000002     dse_Semaphore_pem4f.oem4f (.const:ti_sysbios_family_arm_m3_Hwi_Module__id__C)
                  0000777a    00000002     dse_Semaphore_pem4f.oem4f (.const:ti_sysbios_gates_GateMutex_Module__id__C)
                  0000777c    00000002     dse_Semaphore_pem4f.oem4f (.const:ti_sysbios_hal_Hwi_Module__id__C)
                  0000777e    00000002     dse_Semaphore_pem4f.oem4f (.const:ti_sysbios_heaps_HeapMem_Module__id__C)
                  00007780    00000002     dse_Semaphore_pem4f.oem4f (.const:ti_sysbios_knl_Semaphore_Module__id__C)
                  00007782    00000002     dse_Semaphore_pem4f.oem4f (.const:ti_sysbios_knl_Task_Module__id__C)
                  00007784    00000002     dse_Semaphore_pem4f.oem4f (.const:xdc_runtime_Core_Module__id__C)
                  00007786    00000002     dse_Semaphore_pem4f.oem4f (.const:xdc_runtime_Error_Module__loggerDefined__C)
                  00007788    00000002     dse_Semaphore_pem4f.oem4f (.const:xdc_runtime_Error_maxDepth__C)
                  0000778a    00000002     dse_Semaphore_pem4f.oem4f (.const:xdc_runtime_Memory_Module__id__C)
                  0000778c    00000002     dse_Semaphore_pem4f.oem4f (.const:xdc_runtime_SysMin_flushAtExit__C)
                  0000778e    00000002     dse_Semaphore_pem4f.oem4f (.const:xdc_runtime_Text_charCnt__C)
                  00007790    00000002     dse_Semaphore_pem4f.oem4f (.const:xdc_runtime_Text_isLoaded__C)
                  00007792    00000002     dse_Semaphore_pem4f.oem4f (.const:xdc_runtime_Text_registryModsLastId__C)
                  00007794    00000002     dse_Semaphore_pem4f.oem4f (.const:xdc_runtime_Text_unnamedModsLastId__C)

.cinit     0    00007798    00000210     
                  00007798    000001d6     (.cinit..data.load) [load image, compression = lzss]
                  0000796e    00000002     --HOLE-- [fill = 0]
                  00007970    0000000c     (__TI_handler_table)
                  0000797c    00000004     --HOLE-- [fill = 0]
                  00007980    00000008     (.cinit..bss.load) [load image, compression = zero_init]
                  00007988    00000008     (.cinit..vecs.load) [load image, compression = zero_init]
                  00007990    00000018     (__TI_cinit_table)

.init_array 
*          0    00000000    00000000     UNINITIALIZED

.resetVecs 
*          0    00000000    0000003c     
                  00000000    0000003c     dse_Semaphore_pem4f.oem4f (.resetVecs)

.vecs      0    20000000    00000360     UNINITIALIZED
                  20000000    00000360     dse_Semaphore_pem4f.oem4f (.vecs)

.bss       0    20000360    000013e0     UNINITIALIZED
                  20000360    00000400     (.common:ti_sysbios_heaps_HeapMem_Instance_State_0_buf__A)
                  20000760    00000400     (.common:xdc_runtime_SysMin_Module_State_0_outbuf__A)
                  20000b60    00000360     (.common:ti_sysbios_family_arm_m3_Hwi_dispatchTable)
                  20000ec0    00000200     dse_Semaphore_pem4f.oem4f (.bss:taskStackSection)
                  200010c0    00000200     (.common:task1Stack)
                  200012c0    00000200     (.common:task2Stack)
                  200014c0    00000120     rtsv7M4_T_le_v4SPD16_eabi.lib : trgmsg.obj (.bss:_CIOBUF_)
                  200015e0    00000090     drivers_tivaware.aem4f : GPIOTiva.oem4f (.bss:gpioCallbackInfo)
                  20001670    00000050     (.common:task1Struct)
                  200016c0    00000050     (.common:task2Struct)
                  20001710    0000001c     (.common:semStruct)
                  2000172c    00000008     (.common:parmbuf)
                  20001734    00000004     (.common:gpioInterruptVectors)
                  20001738    00000004     (.common:semHandle)
                  2000173c    00000004     (.common:time_sleep)

.data      0    20001740    0000042a     UNINITIALIZED
                  20001740    00000080     dse_Semaphore_pem4f.oem4f (.data:ti_sysbios_knl_Swi_Module_State_0_readyQ__A)
                  200017c0    00000080     dse_Semaphore_pem4f.oem4f (.data:ti_sysbios_knl_Task_Module_State_0_readyQ__A)
                  20001840    0000004c     dse_Semaphore_pem4f.oem4f (.data:ti_sysbios_knl_Task_Object__table__V)
                  2000188c    00000044     dse_Semaphore_pem4f.oem4f (.data:ti_sysbios_knl_Task_Module__state__V)
                  200018d0    00000040     dse_Semaphore_pem4f.oem4f (.data:ti_sysbios_family_arm_lm4_Timer_Module_State_0_device__A)
                  20001910    00000040     dse_Semaphore_pem4f.oem4f (.data:ti_sysbios_family_arm_lm4_Timer_Object__table__V)
                  20001950    00000038     dse_Semaphore_pem4f.oem4f (.data:ti_sysbios_gates_GateMutex_Object__table__V)
                  20001988    00000034     dse_Semaphore_pem4f.oem4f (.data:ti_sysbios_family_arm_m3_Hwi_Module__state__V)
                  200019bc    00000030     dse_Semaphore_pem4f.oem4f (.data:ti_sysbios_knl_Swi_Object__table__V)
                  200019ec    0000002c     dse_Semaphore_pem4f.oem4f (.data:ti_sysbios_knl_Clock_Module__state__V)
                  20001a18    00000024     dse_Semaphore_pem4f.oem4f (.data:ti_sysbios_BIOS_Module__state__V)
                  20001a3c    00000020     dse_Semaphore_pem4f.oem4f (.data:ti_sysbios_family_arm_lm4_Timer_Module_State_0_handles__A)
                  20001a5c    0000001c     dse_Semaphore_pem4f.oem4f (.data:ti_sysbios_knl_Swi_Module__state__V)
                  20001a78    00000018     dse_Semaphore_pem4f.oem4f (.data:ti_sysbios_family_arm_m3_Hwi_Object__table__V)
                  20001a90    00000018     dse_Semaphore_pem4f.oem4f (.data:ti_sysbios_heaps_HeapMem_Object__table__V)
                  20001aa8    00000010     EK_TM4C129EXL.obj (.data:gpioPinConfigs)
                  20001ab8    0000000c     rtsv7M4_T_le_v4SPD16_eabi.lib : exit.obj (.data:$O1$$)
                  20001ac4    0000000c     dse_Semaphore_pem4f.oem4f (.data:ti_sysbios_family_arm_lm4_Timer_Module__state__V)
                  20001ad0    0000000c     dse_Semaphore_pem4f.oem4f (.data:xdc_runtime_SysMin_Module__state__V)
                  20001adc    00000008     rtsv7M4_T_le_v4SPD16_eabi.lib : _lock.obj (.data:$O1$$)
                  20001ae4    00000008     EK_TM4C129EXL.obj (.data:gpioCallbackFunctions)
                  20001aec    00000008     dse_Semaphore_pem4f.oem4f (.data:ti_sysbios_family_arm_m3_Hwi_Module__root__V)
                  20001af4    00000008     dse_Semaphore_pem4f.oem4f (.data:ti_sysbios_gates_GateHwi_Module__root__V)
                  20001afc    00000008     dse_Semaphore_pem4f.oem4f (.data:ti_sysbios_gates_GateMutex_Module__root__V)
                  20001b04    00000008     dse_Semaphore_pem4f.oem4f (.data:ti_sysbios_heaps_HeapMem_Module__root__V)
                  20001b0c    00000008     dse_Semaphore_pem4f.oem4f (.data:ti_sysbios_knl_Queue_Module__root__V)
                  20001b14    00000008     dse_Semaphore_pem4f.oem4f (.data:ti_sysbios_knl_Semaphore_Module__root__V)
                  20001b1c    00000008     dse_Semaphore_pem4f.oem4f (.data:ti_sysbios_knl_Task_Module__root__V)
                  20001b24    00000008     dse_Semaphore_pem4f.oem4f (.data:xdc_runtime_Registry_Module__state__V)
                  20001b2c    00000008     dse_Semaphore_pem4f.oem4f (.data:xdc_runtime_Startup_Module__state__V)
                  20001b34    00000008     dse_Semaphore_pem4f.oem4f (.data:xdc_runtime_System_Module_State_0_atexitHandlers__A)
                  20001b3c    00000008     dse_Semaphore_pem4f.oem4f (.data:xdc_runtime_System_Module__state__V)
                  20001b44    00000005     drivers_tivaware.aem4f : GPIOTiva.oem4f (.data)
                  20001b49    00000001     --HOLE--
                  20001b4a    00000002     dse_Semaphore_pem4f.oem4f (.data:ti_sysbios_family_arm_m3_Hwi_Module_State_0_excActive__A)
                  20001b4c    00000004     dse_Semaphore.obj (.data)
                  20001b50    00000004     rtsv7M4_T_le_v4SPD16_eabi.lib : stkdepth_vars.obj (.data)
                  20001b54    00000004     dse_Semaphore_pem4f.oem4f (.data:ti_sysbios_family_arm_m3_Hwi_Module_State_0_excContext__A)
                  20001b58    00000004     dse_Semaphore_pem4f.oem4f (.data:ti_sysbios_family_arm_m3_Hwi_Module_State_0_excStack__A)
                  20001b5c    00000004     dse_Semaphore_pem4f.oem4f (.data:ti_sysbios_gates_GateHwi_Object__table__V)
                  20001b60    00000004     dse_Semaphore_pem4f.oem4f (.data:ti_sysbios_knl_Task_Module_State_0_idleTask__A)
                  20001b64    00000004     dse_Semaphore_pem4f.oem4f (.data:xdc_runtime_Memory_Module__state__V)
                  20001b68    00000002     dse_Semaphore_pem4f.oem4f (.data:xdc_runtime_Error_Module__state__V)

.stack     0    20001b6c    00000300     UNINITIALIZED
                  20001b6c    00000300     --HOLE--

.bootVecs 
*          0    00000000    00000008     DSECT
                  00000000    00000008     boot.aem4f : boot.oem4f (.bootVecs)

xdc.meta   0    00000000    000000f2     COPY SECTION
                  00000000    000000f2     dse_Semaphore_pem4f.oem4f (xdc.meta)

MODULE SUMMARY

       Module                      code    ro data   rw data
       ------                      ----    -------   -------
    .\
       dse_Semaphore.obj           604     0         1224   
       EK_TM4C129EXL.obj           192     20        24     
    +--+---------------------------+-------+---------+---------+
       Total:                      796     20        1248   
                                                            
    C:\Users\mario.donjuan\workspace_v7\dse_Semaphore\Debug\configPkg\package\cfg\
       dse_Semaphore_pem4f.oem4f   1670    7706      5296   
    +--+---------------------------+-------+---------+---------+
       Total:                      1670    7706      5296   
                                                            
    C:/ti/tirtos_tivac_2_16_01_14/products/TivaWare_C_Series-2.1.1.71b/driverlib/ccs/Debug/driverlib.lib
       gpio.obj                    458     0         0      
       sysctl.obj                  52      0         0      
    +--+---------------------------+-------+---------+---------+
       Total:                      510     0         0      
                                                            
    C:/ti/tirtos_tivac_2_16_01_14/products/tidrivers_tivac_2_16_01_13/packages/ti/drivers/lib/drivers_tivaware.aem4f
       GPIOTiva.oem4f              684     156       153    
    +--+---------------------------+-------+---------+---------+
       Total:                      684     156       153    
                                                            
    C:\Users\mario.donjuan\workspace_v7\dse_Semaphore\src\sysbios\sysbios.aem4f
       BIOS.obj                    11894   0         0      
       m3_Hwi_asm.obj              314     0         0      
       m3_TaskSupport_asm.obj      180     0         0      
       m3_Hwi_asm_switch.obj       118     0         0      
    +--+---------------------------+-------+---------+---------+
       Total:                      12506   0         0      
                                                            
    C:\ti\ccsv7\tools\compiler\ti-cgt-arm_16.9.6.LTS\lib\rtsv7M4_T_le_v4SPD16_eabi.lib
       trgmsg.obj                  104     0         288    
       memcpy_t2.obj               156     0         0      
       memset_t2.obj               122     0         0      
       copy_decompress_lzss.obj    104     0         0      
       exit.obj                    84      0         12     
       hostwrite.obj               88      0         0      
       cpy_tbl.obj                 76      0         0      
       u_divt2.obj                 64      0         0      
       _lock.obj                   20      0         8      
       args_main.obj               24      0         0      
       strlen.obj                  20      0         0      
       copy_decompress_none.obj    14      0         0      
       copy_zero_init.obj          12      0         0      
       hostopen.obj                0       0         8      
       stkdepth_vars.obj           0       0         4      
       i_div0.obj                  2       0         0      
    +--+---------------------------+-------+---------+---------+
       Total:                      890     0         320    
                                                            
    C:\ti\tirtos_tivac_2_16_01_14\products\bios_6_45_02_31\packages\ti\catalog\arm\cortexm4\tiva\ce\lib\Boot.aem4f
       Boot_sysctl.oem4f           628     452       0      
       Boot.oem4f                  152     0         0      
    +--+---------------------------+-------+---------+---------+
       Total:                      780     452       0      
                                                            
    C:\ti\tirtos_tivac_2_16_01_14\products\bios_6_45_02_31\packages\ti\targets\arm\rtsarm\lib\auto_init.aem4f
       auto_init.oem4f             160     0         0      
    +--+---------------------------+-------+---------+---------+
       Total:                      160     0         0      
                                                            
    C:\ti\tirtos_tivac_2_16_01_14\products\bios_6_45_02_31\packages\ti\targets\arm\rtsarm\lib\boot.aem4f
       boot.oem4f                  88      0         0      
    +--+---------------------------+-------+---------+---------+
       Total:                      88      0         0      
                                                            
    C:\ti\tirtos_tivac_2_16_01_14\products\bios_6_45_02_31\packages\ti\targets\arm\rtsarm\lib\ti.targets.arm.rtsarm.aem4f
       System.oem4f                1255    0         0      
       Text.oem4f                  672     0         0      
       Error.oem4f                 524     0         0      
       Core-mem.oem4f              358     0         0      
       Startup.oem4f               328     0         0      
       SysMin.oem4f                248     0         0      
       Core-smem.oem4f             204     0         0      
       Memory.oem4f                176     0         0      
       Assert.oem4f                84      0         0      
       Core-params.oem4f           70      0         0      
       Core-label.oem4f            52      0         0      
       Registry.oem4f              32      0         0      
       Gate.oem4f                  28      0         0      
    +--+---------------------------+-------+---------+---------+
       Total:                      4031    0         0      
                                                            
       Stack:                      0       0         768    
       Linker Generated:           0       522       0      
    +--+---------------------------+-------+---------+---------+
       Grand Total:                22115   8856      7785   


LINKER GENERATED COPY TABLES

__TI_cinit_table @ 00007990 records: 3, size/record: 8, table size: 24
	.data: load addr=00007798, load size=000001d6 bytes, run addr=20001740, run size=0000042a bytes, compression=lzss
	.bss: load addr=00007980, load size=00000008 bytes, run addr=20000360, run size=000013e0 bytes, compression=zero_init
	.vecs: load addr=00007988, load size=00000008 bytes, run addr=20000000, run size=00000360 bytes, compression=zero_init


LINKER GENERATED HANDLER TABLE

__TI_handler_table @ 00007970 records: 3, size/record: 4, table size: 12
	index: 0, handler: __TI_decompress_lzss
	index: 1, handler: __TI_decompress_none
	index: 2, handler: __TI_zero_init


GLOBAL SYMBOLS: SORTED ALPHABETICALLY BY Name 

address   name                                                                 
-------   ----                                                                 
000040f1  C$$EXIT                                                              
00003ac3  C$$IO$$                                                              
000056c9  EK_TM4C129EXL_initGPIO                                               
00002b0d  EK_TM4C129EXL_initGeneral                                            
00004d99  GPIODirModeSet                                                       
0000514b  GPIOIntClear                                                         
000055b1  GPIOIntStatus                                                        
00004099  GPIOIntTypeSet                                                       
000020ed  GPIOPadConfigSet                                                     
000055fb  GPIOPinWrite                                                         
00007570  GPIOTiva_config                                                      
00003b65  GPIO_hwiIntFxn                                                       
0000357d  GPIO_init                                                            
000041ed  GPIO_setCallback                                                     
00001bdd  GPIO_setConfig                                                       
00003fe9  HOSTwrite                                                            
UNDEFED   SHT$$INIT_ARRAY$$Base                                                
UNDEFED   SHT$$INIT_ARRAY$$Limit                                               
00004959  SysCtlPeripheralEnable                                               
00000000  __ASM__                                                              
200014c0  __CIOBUF_                                                            
00000070  __ISA__                                                              
00000083  __PLAT__                                                             
20001e6c  __STACK_END                                                          
00000300  __STACK_SIZE                                                         
000000a4  __TARG__                                                             
00007990  __TI_CINIT_Base                                                      
000079a8  __TI_CINIT_Limit                                                     
00007970  __TI_Handler_Table_Base                                              
0000797c  __TI_Handler_Table_Limit                                             
000030a1  __TI_auto_init                                                       
20001ab8  __TI_cleanup_ptr                                                     
00003a2d  __TI_decompress_lzss                                                 
000055bf  __TI_decompress_none                                                 
20001abc  __TI_dtors_ptr                                                       
20001ac0  __TI_enable_exit_profile_output                                      
ffffffff  __TI_pprof_out_hndl                                                  
ffffffff  __TI_prof_data_size                                                  
ffffffff  __TI_prof_data_start                                                 
00003ac7  __TI_readmsg                                                         
00007798  __TI_static_base__                                                   
00003a95  __TI_writemsg                                                        
000055ef  __TI_zero_init                                                       
000000ca  __TRDR__                                                             
000033b7  __aeabi_idiv0                                                        
0000371d  __aeabi_memclr                                                       
0000371d  __aeabi_memclr4                                                      
0000371d  __aeabi_memclr8                                                      
000031e1  __aeabi_memcpy                                                       
000031e1  __aeabi_memcpy4                                                      
000031e1  __aeabi_memcpy8                                                      
0000371f  __aeabi_memset                                                       
0000371f  __aeabi_memset4                                                      
0000371f  __aeabi_memset8                                                      
00004739  __aeabi_uidiv                                                        
00004739  __aeabi_uidivmod                                                     
ffffffff  __binit__                                                            
ffffffff  __c_args__                                                           
20001b6c  __stack                                                              
000052e5  _args_main                                                           
00003f91  _c_int00                                                             
20001adc  _lock                                                                
0000542b  _nop                                                                 
00005423  _register_lock                                                       
0000541d  _register_unlock                                                     
20001ae0  _unlock                                                              
000040f5  abort                                                                
ffffffff  binit                                                                
00004381  copy_in                                                              
000040fd  exit                                                                 
20001ae4  gpioCallbackFunctions                                                
20001aa8  gpioPinConfigs                                                       
000028d1  main                                                                 
20001b50  main_func_sp                                                         
000031e1  memcpy                                                               
00003725  memset                                                               
00005551  osi_TaskDisable                                                      
000054f1  osi_start                                                            
2000172c  parmbuf                                                              
20001b4c  recurso                                                              
20001738  semHandle                                                            
20001710  semStruct                                                            
00005431  strlen                                                               
00002ded  task1Fxn                                                             
200010c0  task1Stack                                                           
20001670  task1Struct                                                          
00002bc5  task2Fxn                                                             
200012c0  task2Stack                                                           
200016c0  task2Struct                                                          
000075d0  ti_catalog_arm_cortexm4_tiva_ce_Boot_A_mustNotUseEnhancedClockMode__C
000075d4  ti_catalog_arm_cortexm4_tiva_ce_Boot_Module__diagsEnabled__C         
000075d8  ti_catalog_arm_cortexm4_tiva_ce_Boot_Module__diagsIncluded__C        
000075dc  ti_catalog_arm_cortexm4_tiva_ce_Boot_Module__diagsMask__C            
00006fa6  ti_catalog_arm_cortexm4_tiva_ce_Boot_Module__id__C                   
000054bd  ti_catalog_arm_cortexm4_tiva_ce_Boot_init__I                         
0000114d  ti_catalog_arm_cortexm4_tiva_ce_Boot_sysCtlClockFreqSetI__I          
000033b9  ti_catalog_arm_cortexm4_tiva_ce_Boot_sysCtlClockFreqSet__E           
20001a18  ti_sysbios_BIOS_Module__state__V                                     
00005249  ti_sysbios_BIOS_RtsGateProxy_Handle__label__S                        
00004ef5  ti_sysbios_BIOS_RtsGateProxy_Object__delete__S                       
000007bd  ti_sysbios_BIOS_RtsGateProxy_enter__E                                
0000154d  ti_sysbios_BIOS_RtsGateProxy_leave__E                                
00005729  ti_sysbios_BIOS_RtsGateProxy_query__E                                
00004ad5  ti_sysbios_BIOS_atExitFunc__I                                        
00004e65  ti_sysbios_BIOS_errorRaiseHook__I                                    
000053d9  ti_sysbios_BIOS_exitFunc__I                                          
000054d1  ti_sysbios_BIOS_exit__E                                              
00003797  ti_sysbios_BIOS_nullFunc__I                                          
00004e89  ti_sysbios_BIOS_registerRTSLock__I                                   
00004ead  ti_sysbios_BIOS_removeRTSLock__I                                     
00004fed  ti_sysbios_BIOS_rtsLock__I                                           
000052fd  ti_sysbios_BIOS_rtsUnlock__I                                         
000054e1  ti_sysbios_BIOS_setThreadType__E                                     
00004ed1  ti_sysbios_BIOS_startFunc__I                                         
000054f1  ti_sysbios_BIOS_start__E                                             
200018d0  ti_sysbios_family_arm_lm4_Timer_Module_State_0_device__A             
20001a3c  ti_sysbios_family_arm_lm4_Timer_Module_State_0_handles__A            
00005315  ti_sysbios_family_arm_lm4_Timer_Module__startupDone__F               
00005315  ti_sysbios_family_arm_lm4_Timer_Module__startupDone__S               
20001ac4  ti_sysbios_family_arm_lm4_Timer_Module__state__V                     
00003bc9  ti_sysbios_family_arm_lm4_Timer_Module_startup__E                    
20001910  ti_sysbios_family_arm_lm4_Timer_Object__table__V                     
000075e0  ti_sysbios_family_arm_lm4_Timer_enableFunc__C                        
00002f51  ti_sysbios_family_arm_lm4_Timer_enableTimers__I                      
00002ea1  ti_sysbios_family_arm_lm4_Timer_enableTiva__I                        
00005601  ti_sysbios_family_arm_lm4_Timer_getMaxTicks__E                       
00003cf9  ti_sysbios_family_arm_lm4_Timer_isrStub__E                           
000056d1  ti_sysbios_family_arm_lm4_Timer_masterDisable__I                     
00001a75  ti_sysbios_family_arm_lm4_Timer_masterEnable__I                      
000075e4  ti_sysbios_family_arm_lm4_Timer_numTimerDevices__C                   
00001fb9  ti_sysbios_family_arm_lm4_Timer_start__E                             
000075e8  ti_sysbios_family_arm_lm4_Timer_startupNeeded__C                     
00004779  ti_sysbios_family_arm_lm4_Timer_startup__E                           
00004b09  ti_sysbios_family_arm_lm4_Timer_stop__E                              
00004f89  ti_sysbios_family_arm_lm4_Timer_write__I                             
000075ec  ti_sysbios_family_arm_m3_Hwi_E_NMI__C                                
000075f0  ti_sysbios_family_arm_m3_Hwi_E_alreadyDefined__C                     
000075f4  ti_sysbios_family_arm_m3_Hwi_E_busFault__C                           
000075f8  ti_sysbios_family_arm_m3_Hwi_E_debugMon__C                           
000075fc  ti_sysbios_family_arm_m3_Hwi_E_hardFault__C                          
00007600  ti_sysbios_family_arm_m3_Hwi_E_memFault__C                           
00007604  ti_sysbios_family_arm_m3_Hwi_E_noIsr__C                              
00007608  ti_sysbios_family_arm_m3_Hwi_E_reserved__C                           
0000760c  ti_sysbios_family_arm_m3_Hwi_E_svCall__C                             
00007610  ti_sysbios_family_arm_m3_Hwi_E_usageFault__C                         
00005215  ti_sysbios_family_arm_m3_Hwi_Handle__label__S                        
00004991  ti_sysbios_family_arm_m3_Hwi_Instance_finalize__E                    
00003451  ti_sysbios_family_arm_m3_Hwi_Instance_init__E                        
20001b4a  ti_sysbios_family_arm_m3_Hwi_Module_State_0_excActive__A             
20001b54  ti_sysbios_family_arm_m3_Hwi_Module_State_0_excContext__A            
20001b58  ti_sysbios_family_arm_m3_Hwi_Module_State_0_excStack__A              
00007778  ti_sysbios_family_arm_m3_Hwi_Module__id__C                           
20001aec  ti_sysbios_family_arm_m3_Hwi_Module__root__V                         
0000532d  ti_sysbios_family_arm_m3_Hwi_Module__startupDone__F                  
0000532d  ti_sysbios_family_arm_m3_Hwi_Module__startupDone__S                  
20001988  ti_sysbios_family_arm_m3_Hwi_Module__state__V                        
00004291  ti_sysbios_family_arm_m3_Hwi_Module_startup__E                       
00007614  ti_sysbios_family_arm_m3_Hwi_NUM_INTERRUPTS__C                       
00007428  ti_sysbios_family_arm_m3_Hwi_Object__DESC__C                         
00007340  ti_sysbios_family_arm_m3_Hwi_Object__PARAMS__C                       
00007618  ti_sysbios_family_arm_m3_Hwi_Object__count__C                        
00005445  ti_sysbios_family_arm_m3_Hwi_Object__get__S                          
20001a78  ti_sysbios_family_arm_m3_Hwi_Object__table__V                        
0000560d  ti_sysbios_family_arm_m3_Hwi_Params__init__S                         
0000761c  ti_sysbios_family_arm_m3_Hwi_ccr__C                                  
00003c2d  ti_sysbios_family_arm_m3_Hwi_create                                  
00005619  ti_sysbios_family_arm_m3_Hwi_disableFxn__E                           
[...]
000056b5  xdc_runtime_Memory_HeapProxy_alloc__E                                
000056bf  xdc_runtime_Memory_HeapProxy_free__E                                 
000056c9  EK_TM4C129EXL_initGPIO                                               
000056d1  ti_sysbios_family_arm_lm4_Timer_masterDisable__I                     
000056d9  ti_sysbios_family_arm_m3_Hwi_doSwiRestore__I                         
000056e1  ti_sysbios_family_arm_m3_Hwi_startup__E                              
000056e1  ti_sysbios_hal_Hwi_HwiProxy_startup__E                               
000056e1  ti_sysbios_hal_Hwi_startup__E                                        
000056e9  ti_sysbios_family_arm_m3_Hwi_doTaskRestore__I                        
000056f1  ti_sysbios_family_arm_m3_Hwi_restoreFxn__E                           
000056f1  ti_sysbios_hal_Hwi_HwiProxy_restore__E                               
000056f9  ti_sysbios_gates_GateHwi_leave__E                                    
00005701  ti_sysbios_heaps_HeapMem_isBlocking__E                               
00005709  ti_sysbios_knl_Queue_Instance_init__E                                
00005711  ti_sysbios_knl_Swi_startup__E                                        
00005717  xdc_runtime_System_Module_startup__E                                 
00005721  ti_sysbios_gates_GateHwi_query__E                                    
00005721  xdc_runtime_Main_Module_GateProxy_query__E                           
00005721  xdc_runtime_System_Module_GateProxy_query__E                         
00005729  ti_sysbios_BIOS_RtsGateProxy_query__E                                
00005729  ti_sysbios_gates_GateMutex_query__E                                  
00005729  ti_sysbios_heaps_HeapMem_Module_GateProxy_query__E                   
00005731  ti_sysbios_knl_Task_startup__E                                       
00005739  ti_sysbios_gates_GateHwi_Instance_init__E                            
00005741  ti_sysbios_knl_Clock_logTick__E                                      
00005744  xdc_runtime_Text_charTab__A                                          
00006fa5  xdc_runtime_Error_policy__C                                          
00006fa6  ti_catalog_arm_cortexm4_tiva_ce_Boot_Module__id__C                   
000070c8  xdc_runtime_Text_nodeTab__A                                          
000072d4  ti_sysbios_knl_Task_Object__PARAMS__C                                
00007340  ti_sysbios_family_arm_m3_Hwi_Object__PARAMS__C                       
00007370  ti_sysbios_heaps_HeapMem_Module__FXNS__C                             
00007398  ti_sysbios_gates_GateHwi_Module__FXNS__C                             
000073bc  ti_sysbios_gates_GateMutex_Module__FXNS__C                           
000073e0  ti_sysbios_heaps_HeapMem_Object__PARAMS__C                           
00007404  ti_sysbios_knl_Semaphore_Object__PARAMS__C                           
00007428  ti_sysbios_family_arm_m3_Hwi_Object__DESC__C                         
00007448  ti_sysbios_gates_GateHwi_Object__DESC__C                             
00007468  ti_sysbios_gates_GateMutex_Object__DESC__C                           
00007488  ti_sysbios_heaps_HeapMem_Object__DESC__C                             
000074a8  ti_sysbios_knl_Queue_Object__DESC__C                                 
000074c8  ti_sysbios_knl_Semaphore_Object__DESC__C                             
000074e8  ti_sysbios_knl_Task_Object__DESC__C                                  
00007508  xdc_runtime_Startup_sfxnTab__A                                       
00007528  ti_sysbios_gates_GateHwi_Object__PARAMS__C                           
00007540  ti_sysbios_gates_GateMutex_Object__PARAMS__C                         
00007558  ti_sysbios_knl_Queue_Object__PARAMS__C                               
00007570  GPIOTiva_config                                                      
00007584  xdc_runtime_Startup_firstFxns__A                                     
00007598  xdc_runtime_Startup_sfxnRts__A                                       
000075b0  ti_sysbios_family_arm_m3_Hwi_excHookFuncs__A                         
000075b8  ti_sysbios_knl_Idle_funcList__C                                      
000075c0  xdc_runtime_Startup_firstFxns__C                                     
000075c8  xdc_runtime_Startup_lastFxns__C                                      
000075d0  ti_catalog_arm_cortexm4_tiva_ce_Boot_A_mustNotUseEnhancedClockMode__C
000075d4  ti_catalog_arm_cortexm4_tiva_ce_Boot_Module__diagsEnabled__C         
000075d8  ti_catalog_arm_cortexm4_tiva_ce_Boot_Module__diagsIncluded__C        
000075dc  ti_catalog_arm_cortexm4_tiva_ce_Boot_Module__diagsMask__C            
000075e0  ti_sysbios_family_arm_lm4_Timer_enableFunc__C                        
000075e4  ti_sysbios_family_arm_lm4_Timer_numTimerDevices__C                   
000075e8  ti_sysbios_family_arm_lm4_Timer_startupNeeded__C                     
000075ec  ti_sysbios_family_arm_m3_Hwi_E_NMI__C                                
000075f0  ti_sysbios_family_arm_m3_Hwi_E_alreadyDefined__C                     
000075f4  ti_sysbios_family_arm_m3_Hwi_E_busFault__C                           
000075f8  ti_sysbios_family_arm_m3_Hwi_E_debugMon__C                           
000075fc  ti_sysbios_family_arm_m3_Hwi_E_hardFault__C                          
00007600  ti_sysbios_family_arm_m3_Hwi_E_memFault__C                           
00007604  ti_sysbios_family_arm_m3_Hwi_E_noIsr__C                              
00007608  ti_sysbios_family_arm_m3_Hwi_E_reserved__C                           
0000760c  ti_sysbios_family_arm_m3_Hwi_E_svCall__C                             
00007610  ti_sysbios_family_arm_m3_Hwi_E_usageFault__C                         
00007614  ti_sysbios_family_arm_m3_Hwi_NUM_INTERRUPTS__C                       
00007618  ti_sysbios_family_arm_m3_Hwi_Object__count__C                        
0000761c  ti_sysbios_family_arm_m3_Hwi_ccr__C                                  
00007620  ti_sysbios_family_arm_m3_Hwi_excHandlerFunc__C                       
00007624  ti_sysbios_family_arm_m3_Hwi_excHookFuncs__C                         
00007628  ti_sysbios_family_arm_m3_Hwi_nullIsrFunc__C                          
0000762c  ti_sysbios_family_arm_m3_Hwi_priGroup__C                             
00007630  ti_sysbios_family_arm_m3_TaskSupport_stackAlignment__C               
00007634  ti_sysbios_gates_GateMutex_A_badContext__C                           
00007638  ti_sysbios_gates_GateMutex_Instance_State_sem__O                     
0000763c  ti_sysbios_gates_GateMutex_Module__diagsEnabled__C                   
00007640  ti_sysbios_gates_GateMutex_Module__diagsIncluded__C                  
00007644  ti_sysbios_gates_GateMutex_Module__diagsMask__C                      
00007648  ti_sysbios_hal_Hwi_E_stackOverflow__C                                
0000764c  ti_sysbios_heaps_HeapMem_A_align__C                                  
00007650  ti_sysbios_heaps_HeapMem_A_heapSize__C                               
00007654  ti_sysbios_heaps_HeapMem_A_invalidFree__C                            
00007658  ti_sysbios_heaps_HeapMem_A_zeroBlock__C                              
0000765c  ti_sysbios_heaps_HeapMem_E_memory__C                                 
00007660  ti_sysbios_heaps_HeapMem_Module__diagsEnabled__C                     
00007664  ti_sysbios_heaps_HeapMem_Module__diagsIncluded__C                    
00007668  ti_sysbios_heaps_HeapMem_Module__diagsMask__C                        
0000766c  ti_sysbios_heaps_HeapMem_Module__gateObj__C                          
00007670  ti_sysbios_heaps_HeapMem_Object__count__C                            
00007674  ti_sysbios_heaps_HeapMem_reqAlign__C                                 
00007678  ti_sysbios_knl_Clock_Module_State_clockQ__O                          
0000767c  ti_sysbios_knl_Clock_tickPeriod__C                                   
00007680  ti_sysbios_knl_Idle_funcList__A                                      
00007684  ti_sysbios_knl_Semaphore_A_badContext__C                             
00007688  ti_sysbios_knl_Semaphore_A_noEvents__C                               
0000768c  ti_sysbios_knl_Semaphore_A_overflow__C                               
00007690  ti_sysbios_knl_Semaphore_A_pendTaskDisabled__C                       
00007694  ti_sysbios_knl_Semaphore_Instance_State_pendQ__O                     
00007698  ti_sysbios_knl_Semaphore_Module__diagsEnabled__C                     
0000769c  ti_sysbios_knl_Semaphore_Module__diagsIncluded__C                    
000076a0  ti_sysbios_knl_Semaphore_Module__diagsMask__C                        
000076a4  ti_sysbios_knl_Swi_Object__count__C                                  
000076a8  ti_sysbios_knl_Task_A_badPriority__C                                 
000076ac  ti_sysbios_knl_Task_A_badTaskState__C                                
000076b0  ti_sysbios_knl_Task_A_badThreadType__C                               
000076b4  ti_sysbios_knl_Task_A_badTimeout__C                                  
000076b8  ti_sysbios_knl_Task_A_noPendElem__C                                  
000076bc  ti_sysbios_knl_Task_A_sleepTaskDisabled__C                           
000076c0  ti_sysbios_knl_Task_E_spOutOfBounds__C                               
000076c4  ti_sysbios_knl_Task_E_stackOverflow__C                               
000076c8  ti_sysbios_knl_Task_Module_State_inactiveQ__O                        
000076cc  ti_sysbios_knl_Task_Module__diagsEnabled__C                          
000076d0  ti_sysbios_knl_Task_Module__diagsIncluded__C                         
000076d4  ti_sysbios_knl_Task_Module__diagsMask__C                             
000076d8  ti_sysbios_knl_Task_Object__count__C                                 
000076dc  ti_sysbios_knl_Task_allBlockedFunc__C                                
000076e0  ti_sysbios_knl_Task_defaultStackHeap__C                              
000076e4  ti_sysbios_knl_Task_defaultStackSize__C                              
000076e8  ti_sysbios_knl_Task_numConstructedTasks__C                           
000076ec  xdc_runtime_Assert_E_assertFailed__C                                 
000076f0  xdc_runtime_Core_A_initializedParams__C                              
000076f4  xdc_runtime_Core_Module__diagsEnabled__C                             
000076f8  xdc_runtime_Core_Module__diagsIncluded__C                            
000076fc  xdc_runtime_Core_Module__diagsMask__C                                
00007700  xdc_runtime_Error_E_memory__C                                        
00007704  xdc_runtime_Error_Module__diagsEnabled__C                            
00007708  xdc_runtime_Error_Module__diagsIncluded__C                           
0000770c  xdc_runtime_Error_Module__diagsMask__C                               
00007710  xdc_runtime_Error_Module__loggerFxn8__C                              
00007714  xdc_runtime_Error_Module__loggerObj__C                               
00007718  xdc_runtime_Error_policyFxn__C                                       
0000771c  xdc_runtime_Error_raiseHook__C                                       
00007720  xdc_runtime_IGateProvider_Interface__BASE__C                         
00007724  xdc_runtime_IHeap_Interface__BASE__C                                 
00007728  xdc_runtime_IModule_Interface__BASE__C                               
0000772c  xdc_runtime_Log_L_error__C                                           
00007730  xdc_runtime_Memory_defaultHeapInstance__C                            
00007734  xdc_runtime_Startup_execImpl__C                                      
00007738  xdc_runtime_Startup_maxPasses__C                                     
0000773c  xdc_runtime_Startup_sfxnRts__C                                       
00007740  xdc_runtime_Startup_sfxnTab__C                                       
00007744  xdc_runtime_SysMin_bufSize__C                                        
00007748  xdc_runtime_SysMin_outputFunc__C                                     
0000774c  xdc_runtime_System_Module__gateObj__C                                
00007750  xdc_runtime_System_abortFxn__C                                       
00007754  xdc_runtime_System_exitFxn__C                                        
00007758  xdc_runtime_System_extendFxn__C                                      
0000775c  xdc_runtime_System_maxAtexitHandlers__C                              
00007760  xdc_runtime_Text_charTab__C                                          
00007764  xdc_runtime_Text_nameEmpty__C                                        
00007768  xdc_runtime_Text_nameStatic__C                                       
0000776c  xdc_runtime_Text_nameUnknown__C                                      
00007770  xdc_runtime_Text_nodeTab__C                                          
00007774  xdc_runtime_Text_visitRopeFxn__C                                     
00007778  ti_sysbios_family_arm_m3_Hwi_Module__id__C                           
0000777a  ti_sysbios_gates_GateMutex_Module__id__C                             
0000777c  ti_sysbios_hal_Hwi_Module__id__C                                     
0000777e  ti_sysbios_heaps_HeapMem_Module__id__C                               
00007780  ti_sysbios_knl_Semaphore_Module__id__C                               
00007782  ti_sysbios_knl_Task_Module__id__C                                    
00007784  xdc_runtime_Core_Module__id__C                                       
00007786  xdc_runtime_Error_Module__loggerDefined__C                           
00007788  xdc_runtime_Error_maxDepth__C                                        
0000778a  xdc_runtime_Memory_Module__id__C                                     
0000778c  xdc_runtime_SysMin_flushAtExit__C                                    
0000778e  xdc_runtime_Text_charCnt__C                                          
00007790  xdc_runtime_Text_isLoaded__C                                         
00007792  xdc_runtime_Text_registryModsLastId__C                               
00007794  xdc_runtime_Text_unnamedModsLastId__C                                
00007798  __TI_static_base__                                                   
00007970  __TI_Handler_Table_Base                                              
0000797c  __TI_Handler_Table_Limit                                             
00007990  __TI_CINIT_Base                                                      
000079a8  __TI_CINIT_Limit                                                     
20000000  ti_sysbios_family_arm_m3_Hwi_ramVectors                              
20000360  ti_sysbios_heaps_HeapMem_Instance_State_0_buf__A                     
20000760  xdc_runtime_SysMin_Module_State_0_outbuf__A                          
20000b60  ti_sysbios_family_arm_m3_Hwi_dispatchTable                           
20000ec0  ti_sysbios_knl_Task_Instance_State_0_stack__A                        
200010c0  task1Stack                                                           
200012c0  task2Stack                                                           
200014c0  __CIOBUF_                                                            
20001670  task1Struct                                                          
200016c0  task2Struct                                                          
20001710  semStruct                                                            
2000172c  parmbuf                                                              
20001738  semHandle                                                            
2000173c  time_sleep                                                           
20001740  ti_sysbios_knl_Swi_Module_State_0_readyQ__A                          
200017c0  ti_sysbios_knl_Task_Module_State_0_readyQ__A                         
20001840  ti_sysbios_knl_Task_Object__table__V                                 
2000188c  ti_sysbios_knl_Task_Module__state__V                                 
200018d0  ti_sysbios_family_arm_lm4_Timer_Module_State_0_device__A             
20001910  ti_sysbios_family_arm_lm4_Timer_Object__table__V                     
20001950  ti_sysbios_gates_GateMutex_Object__table__V                          
20001988  ti_sysbios_family_arm_m3_Hwi_Module__state__V                        
200019bc  ti_sysbios_knl_Swi_Object__table__V                                  
200019ec  ti_sysbios_knl_Clock_Module__state__V                                
20001a18  ti_sysbios_BIOS_Module__state__V                                     
20001a3c  ti_sysbios_family_arm_lm4_Timer_Module_State_0_handles__A            
20001a5c  ti_sysbios_knl_Swi_Module__state__V                                  
20001a78  ti_sysbios_family_arm_m3_Hwi_Object__table__V                        
20001a90  ti_sysbios_heaps_HeapMem_Object__table__V                            
20001aa8  gpioPinConfigs                                                       
20001ab8  __TI_cleanup_ptr                                                     
20001abc  __TI_dtors_ptr                                                       
20001ac0  __TI_enable_exit_profile_output                                      
20001ac4  ti_sysbios_family_arm_lm4_Timer_Module__state__V                     
20001ad0  xdc_runtime_SysMin_Module__state__V                                  
20001adc  _lock                                                                
20001ae0  _unlock                                                              
20001ae4  gpioCallbackFunctions                                                
20001aec  ti_sysbios_family_arm_m3_Hwi_Module__root__V                         
20001af4  ti_sysbios_gates_GateHwi_Module__root__V                             
20001afc  ti_sysbios_gates_GateMutex_Module__root__V                           
20001b04  ti_sysbios_heaps_HeapMem_Module__root__V                             
20001b0c  ti_sysbios_knl_Queue_Module__root__V                                 
20001b14  ti_sysbios_knl_Semaphore_Module__root__V                             
20001b1c  ti_sysbios_knl_Task_Module__root__V                                  
20001b24  xdc_runtime_Registry_Module__state__V                                
20001b2c  xdc_runtime_Startup_Module__state__V                                 
20001b34  xdc_runtime_System_Module_State_0_atexitHandlers__A                  
20001b3c  xdc_runtime_System_Module__state__V                                  
20001b4a  ti_sysbios_family_arm_m3_Hwi_Module_State_0_excActive__A             
20001b4c  recurso                                                              
20001b50  main_func_sp                                                         
20001b54  ti_sysbios_family_arm_m3_Hwi_Module_State_0_excContext__A            
20001b58  ti_sysbios_family_arm_m3_Hwi_Module_State_0_excStack__A              
20001b5c  ti_sysbios_gates_GateHwi_Object__table__V                            
20001b60  ti_sysbios_knl_Task_Module_State_0_idleTask__A                       
20001b64  xdc_runtime_Memory_Module__state__V                                  
20001b68  xdc_runtime_Error_Module__state__V                                   
20001b6c  __stack                                                              
20001e6c  __STACK_END                                                          
e000e000  ti_sysbios_family_arm_m3_Hwi_nvic                                    
ffffffff  __TI_pprof_out_hndl                                                  
ffffffff  __TI_prof_data_size                                                  
ffffffff  __TI_prof_data_start                                                 
ffffffff  __binit__                                                            
ffffffff  __c_args__                                                           
ffffffff  binit                                                                
UNDEFED   SHT$$INIT_ARRAY$$Base                                                
UNDEFED   SHT$$INIT_ARRAY$$Limit                                               

[550 symbols]
