******************************************************************************
                  TI ARM Linker PC v16.9.6                     
******************************************************************************
>> Linked Thu Jun 16 10:34:40 2022

OUTPUT FILE NAME:   <dse_Hwi.out>
ENTRY POINT SYMBOL: "_c_int00"  address: 00003ee9


MEMORY CONFIGURATION

         name            origin    length      used     unused   attr    fill
----------------------  --------  ---------  --------  --------  ----  --------
  FLASH                 00000000   00100000  00007a98  000f8568  R  X
  SRAM                  20000000   00040000  0000187e  0003e782  RW X


SEGMENT ALLOCATION MAP

run origin  load origin   length   init length attrs members
----------  ----------- ---------- ----------- ----- -------
00000000    00000000    00007aa0   00007aa0    r-x
  00000000    00000000    0000003c   0000003c    r-- .resetVecs
  00000040    00000040    000057aa   000057aa    r-x .text
  000057ec    000057ec    0000209a   0000209a    r-- .const
  00007888    00007888    00000218   00000218    r-- .cinit
20000000    20000000    00001880   00000000    rw-
  20000000    20000000    00000360   00000000    rw- .vecs
  20000360    20000360    00000df0   00000000    rw- .bss
  20001150    20001150    0000042e   00000000    rw- .data
  20001580    20001580    00000300   00000000    rw- .stack


SECTION ALLOCATION MAP

 output                                  attributes/
section   page    origin      length       input sections
--------  ----  ----------  ----------   ----------------
.text      0    00000040    000057aa     
                  00000040    00000430     sysbios.aem4f : BIOS.obj (.text:ti_sysbios_family_arm_m3_Hwi_excDumpRegs__I)
                  00000470    0000034c     ti.targets.arm.rtsarm.aem4f : System.oem4f (.text:xdc_runtime_System_doPrint__I)
                  000007bc    00000004     dse_Hwi_pem4f.oem4f (.text:ti_sysbios_BIOS_RtsGateProxy_enter__E)
                  000007c0    000002c8     sysbios.aem4f : BIOS.obj (.text:ti_sysbios_knl_Semaphore_pend__E)
                  00000a88    00000258                   : BIOS.obj (.text:ti_sysbios_heaps_HeapMem_free__E)
                  00000ce0    00000248                   : BIOS.obj (.text:ti_sysbios_heaps_HeapMem_alloc__E)
                  00000f28    00000224                   : BIOS.obj (.text:ti_sysbios_knl_Task_Instance_finalize__E)
                  0000114c    00000204     Boot.aem4f : Boot_sysctl.oem4f (.text:ti_catalog_arm_cortexm4_tiva_ce_Boot_sysCtlClockFreqSetI__I)
                  00001350    000001fc     sysbios.aem4f : BIOS.obj (.text:ti_sysbios_family_arm_m3_Hwi_excHandlerMax__I)
                  0000154c    00000004     dse_Hwi_pem4f.oem4f (.text:ti_sysbios_BIOS_RtsGateProxy_leave__E)
                  00001550    000001f0     sysbios.aem4f : BIOS.obj (.text:ti_sysbios_knl_Task_sleep__E)
                  00001740    000001c0                   : BIOS.obj (.text:ti_sysbios_knl_Task_Instance_init__E)
                  00001900    00000174                   : BIOS.obj (.text:ti_sysbios_family_arm_m3_Hwi_excBusFault__I)
                  00001a74    00000004                   : BIOS.obj (.text:ti_sysbios_family_arm_lm4_Timer_masterEnable__I)
                  00001a78    00000164                   : BIOS.obj (.text:ti_sysbios_family_arm_m3_Hwi_excUsageFault__I)
                  00001bdc    00000150     drivers_tivaware.aem4f : GPIOTiva.oem4f (.text:GPIO_setConfig)
                  00001d2c    00000004     dse_Hwi_pem4f.oem4f (.text:ti_sysbios_family_arm_m3_TaskSupport_Module__startupDone__S)
                  00001d30    00000148     sysbios.aem4f : BIOS.obj (.text:ti_sysbios_family_arm_m3_Hwi_excMemFault__I)
                  00001e78    0000013c                   : BIOS.obj (.text:ti_sysbios_heaps_HeapMem_Instance_init__E)
                  00001fb4    00000004     dse_Hwi_pem4f.oem4f (.text:ti_sysbios_hal_Hwi_HwiProxy_delete)
                  00001fb8    00000134     sysbios.aem4f : BIOS.obj (.text:ti_sysbios_family_arm_lm4_Timer_start__E)
                  000020ec    00000130     driverlib.lib : gpio.obj (.text:GPIOPadConfigSet)
                  0000221c    00000118     ti.targets.arm.rtsarm.aem4f : Error.oem4f (.text:xdc_runtime_Error_policyDefault__E)
                  00002334    00000100                                 : Core-mem.oem4f (.text:xdc_runtime_Core_createObject__I)
                  00002434    000000f8                                 : Startup.oem4f (.text:xdc_runtime_Startup_startMods__I)
                  0000252c    000000f8     dse_Hwi_pem4f.oem4f (.text:xdc_runtime_System_printfExtend__I)
                  00002624    000000f4     sysbios.aem4f : m3_Hwi_asm.obj (.text:ti_sysbios_family_arm_m3_Hwi_dispatch__I)
                  00002718    000000ec                   : BIOS.obj (.text:ti_sysbios_knl_Semaphore_post__E)
                  00002804    000000cc     ti.targets.arm.rtsarm.aem4f : Core-smem.oem4f (.text:xdc_runtime_Core_constructObject__I)
                  000028d0    000000bc     sysbios.aem4f : BIOS.obj (.text:ti_sysbios_family_arm_m3_Hwi_excDebugMon__I)
                  0000298c    00000004     dse_Hwi_pem4f.oem4f (.text:ti_sysbios_heaps_HeapMem_Module_GateProxy_enter__E)
                  00002990    000000bc     sysbios.aem4f : BIOS.obj (.text:ti_sysbios_family_arm_m3_Hwi_excHardFault__I)
                  00002a4c    000000b8     EK_TM4C129EXL.obj (.text:EK_TM4C129EXL_initGeneral)
                  00002b04    00000004     dse_Hwi_pem4f.oem4f (.text:ti_sysbios_heaps_HeapMem_Module_GateProxy_leave__E)
                  00002b08    000000b4     sysbios.aem4f : BIOS.obj (.text:ti_sysbios_gates_GateMutex_enter__E)
                  00002bbc    00000004     dse_Hwi_pem4f.oem4f (.text:ti_sysbios_knl_Clock_TimerProxy_getMaxTicks__E)
                  00002bc0    000000b4     sysbios.aem4f : BIOS.obj (.text:ti_sysbios_knl_Task_checkStacks__E)
                  00002c74    000000b0     dse_Hwi.obj (.text:main)
                  00002d24    00000004     dse_Hwi_pem4f.oem4f (.text:ti_sysbios_knl_Queue_destruct)
                  00002d28    000000ac     sysbios.aem4f : BIOS.obj (.text:ti_sysbios_family_arm_lm4_Timer_enableTiva__I)
                  00002dd4    00000004     dse_Hwi_pem4f.oem4f (.text:ti_sysbios_knl_Semaphore_destruct)
                  00002dd8    000000a8     sysbios.aem4f : BIOS.obj (.text:ti_sysbios_family_arm_lm4_Timer_enableTimers__I)
                  00002e80    000000a8                   : BIOS.obj (.text:ti_sysbios_knl_Task_postInit__I)
                  00002f28    000000a0     auto_init.aem4f : auto_init.oem4f (.text)
                  00002fc8    000000a0     ti.targets.arm.rtsarm.aem4f : Text.oem4f (.text:xdc_runtime_Text_putMod__E)
                  00003068    0000009c     rtsv7M4_T_le_v4SPD16_eabi.lib : memcpy_t2.obj (.text)
                  00003104    00000004     ti.targets.arm.rtsarm.aem4f : Error.oem4f (.text:xdc_runtime_Error_getSite__E)
                  00003108    0000009c     sysbios.aem4f : BIOS.obj (.text:ti_sysbios_knl_Semaphore_Instance_init__E)
                  000031a4    0000009a     ti.targets.arm.rtsarm.aem4f : Text.oem4f (.text:xdc_runtime_Text_putSite__E)
                  0000323e    00000002     rtsv7M4_T_le_v4SPD16_eabi.lib : i_div0.obj (.text)
                  00003240    00000098     Boot.aem4f : Boot.oem4f (.text:ti_catalog_arm_cortexm4_tiva_ce_Boot_sysCtlClockFreqSet__E)
                  000032d8    00000094     sysbios.aem4f : BIOS.obj (.text:ti_sysbios_family_arm_m3_Hwi_Instance_init__E)
                  0000336c    00000004     dse_Hwi_pem4f.oem4f (.text:xdc_runtime_System_Module_GateProxy_enter__E)
                  00003370    00000094     sysbios.aem4f : BIOS.obj (.text:ti_sysbios_family_arm_m3_Hwi_initNVIC__E)
                  00003404    0000008c     drivers_tivaware.aem4f : GPIOTiva.oem4f (.text:GPIO_init)
                  00003490    0000008c     sysbios.aem4f : m3_TaskSupport_asm.obj (.text:ti_sysbios_family_arm_m3_TaskSupport_buildTaskStack)
                  0000351c    00000004     dse_Hwi_pem4f.oem4f (.text:xdc_runtime_System_Module_GateProxy_leave__E)
                  00003520    00000084     sysbios.aem4f : BIOS.obj (.text:ti_sysbios_family_arm_m3_Hwi_postInit__I)
                  000035a4    0000007a     rtsv7M4_T_le_v4SPD16_eabi.lib : memset_t2.obj (.text)
                  0000361e    00000002     dse_Hwi_pem4f.oem4f (.text:ti_sysbios_BIOS_nullFunc__I)
                  00003620    00000070     sysbios.aem4f : BIOS.obj (.text:ti_sysbios_knl_Clock_workFunc__E)
                  00003690    00000070                   : BIOS.obj (.text:ti_sysbios_knl_Task_exit__E)
                  00003700    0000006d     ti.targets.arm.rtsarm.aem4f : System.oem4f (.text:xdc_runtime_System_formatNum__I)
                  0000376d    00000001     --HOLE-- [fill = 0]
                  0000376e    00000002     dse_Hwi_pem4f.oem4f (.text:xdc_runtime_Startup_reset__I)
                  00003770    0000006c     dse_Hwi_pem4f.oem4f (.text:ti_sysbios_family_arm_m3_Hwi_Object__create__S)
                  000037dc    00000004     ti.targets.arm.rtsarm.aem4f : System.oem4f (.text:xdc_runtime_System_aprintf_va__F)
                  000037e0    0000006c     sysbios.aem4f : BIOS.obj (.text:ti_sysbios_knl_Swi_restoreHwi__E)
                  0000384c    0000006c     ti.targets.arm.rtsarm.aem4f : Error.oem4f (.text:xdc_runtime_Error_print__E)
                  000038b8    0000006c                                 : Memory.oem4f (.text:xdc_runtime_Memory_alloc__E)
                  00003924    00000068     rtsv7M4_T_le_v4SPD16_eabi.lib : copy_decompress_lzss.obj (.text:decompress:lzss)
                  0000398c    00000068                                   : trgmsg.obj (.text)
                  000039f4    00000066     ti.targets.arm.rtsarm.aem4f : Core-mem.oem4f (.text:xdc_runtime_Core_deleteObject__I)
                  00003a5a    00000002     --HOLE-- [fill = 0]
                  00003a5c    00000064     drivers_tivaware.aem4f : GPIOTiva.oem4f (.text:GPIO_hwiIntFxn)
                  00003ac0    00000064     sysbios.aem4f : BIOS.obj (.text:ti_sysbios_family_arm_lm4_Timer_Module_startup__E)
                  00003b24    00000064     dse_Hwi_pem4f.oem4f (.text:ti_sysbios_family_arm_m3_Hwi_create)
                  00003b88    00000064     sysbios.aem4f : BIOS.obj (.text:ti_sysbios_family_arm_m3_Hwi_dispatchC__I)
                  00003bec    00000064     dse_Hwi_pem4f.oem4f (.text:ti_sysbios_hal_Hwi_create)
                  00003c50    00000060     sysbios.aem4f : BIOS.obj (.text:ti_sysbios_family_arm_lm4_Timer_isrStub__E)
                  00003cb0    00000060                   : BIOS.obj (.text:ti_sysbios_knl_Task_schedule__I)
                  00003d10    0000005c                   : BIOS.obj (.text:ti_sysbios_knl_Swi_run__I)
                  00003d6c    00000004     ti.targets.arm.rtsarm.aem4f : System.oem4f (.text:xdc_runtime_System_printf_va__F)
                  00003d70    0000005c     sysbios.aem4f : BIOS.obj (.text:ti_sysbios_knl_Swi_schedule__I)
                  00003dcc    00000004     --HOLE-- [fill = 0]
                  00003dd0    0000005c                   : BIOS.obj (.text:ti_sysbios_knl_Task_Module_startup__E)
                  00003e2c    00000004     --HOLE-- [fill = 0]
                  00003e30    0000005c                   : BIOS.obj (.text:ti_sysbios_knl_Task_startCore__E)
                  00003e8c    0000005b     ti.targets.arm.rtsarm.aem4f : Text.oem4f (.text:xdc_runtime_Text_putLab__E)
                  00003ee7    00000001     --HOLE-- [fill = 0]
                  00003ee8    00000058     boot.aem4f : boot.oem4f (.text)
                  00003f40    00000058     rtsv7M4_T_le_v4SPD16_eabi.lib : hostwrite.obj (.text)
                  00003f98    00000058     sysbios.aem4f : m3_Hwi_asm_switch.obj (.text:ti_sysbios_family_arm_m3_Hwi_initStacks__E)
                  00003ff0    00000056     driverlib.lib : gpio.obj (.text:GPIOIntTypeSet)
                  00004046    00000002     --HOLE-- [fill = 0]
                  00004048    00000054     rtsv7M4_T_le_v4SPD16_eabi.lib : exit.obj (.text)
                  0000409c    00000054     dse_Hwi_pem4f.oem4f (.text:ti_sysbios_knl_Task_construct)
                  000040f0    00000054     ti.targets.arm.rtsarm.aem4f : Assert.oem4f (.text:xdc_runtime_Assert_raise__I)
                  00004144    00000050     drivers_tivaware.aem4f : GPIOTiva.oem4f (.text:GPIO_setCallback)
                  00004194    00000050                            : GPIOTiva.oem4f (.text:GPIO_toggle)
                  000041e4    00000050                            : GPIOTiva.oem4f (.text:GPIO_write)
                  00004234    00000050     Boot.aem4f : Boot_sysctl.oem4f (.text:_SysCtlFrequencyGet)
                  00004284    00000004     --HOLE-- [fill = 0]
                  00004288    00000050     sysbios.aem4f : BIOS.obj (.text:ti_sysbios_family_arm_m3_Hwi_Module_startup__E)
                  000042d8    00000050     ti.targets.arm.rtsarm.aem4f : Startup.oem4f (.text:xdc_runtime_Startup_exec__E)
                  00004328    00000050                                 : Text.oem4f (.text:xdc_runtime_Text_visitRope2__I)
                  00004378    0000004c     rtsv7M4_T_le_v4SPD16_eabi.lib : cpy_tbl.obj (.text)
                  000043c4    00000004     --HOLE-- [fill = 0]
                  000043c8    0000004c     sysbios.aem4f : BIOS.obj (.text:ti_sysbios_heaps_HeapMem_getStats__E)
                  00004414    00000004     --HOLE-- [fill = 0]
                  00004418    0000004c                   : BIOS.obj (.text:ti_sysbios_knl_Swi_runLoop__I)
                  00004464    00000004     --HOLE-- [fill = 0]
                  00004468    0000004c                   : BIOS.obj (.text:ti_sysbios_knl_Task_allBlockedFunction__I)
                  000044b4    00000004     --HOLE-- [fill = 0]
                  000044b8    00000048                   : BIOS.obj (.text:ti_sysbios_family_arm_m3_Hwi_disableInterrupt__E)
                  00004500    00000048                   : BIOS.obj (.text:ti_sysbios_family_arm_m3_Hwi_enableInterrupt__E)
                  00004548    00000048                   : BIOS.obj (.text:ti_sysbios_family_arm_m3_Hwi_excReserved__I)
                  00004590    00000046     ti.targets.arm.rtsarm.aem4f : Core-params.oem4f (.text:xdc_runtime_Core_assignParams__I)
                  000045d6    00000002     --HOLE-- [fill = 0]
                  000045d8    00000044     sysbios.aem4f : BIOS.obj (.text:ti_sysbios_family_arm_m3_Hwi_getStackInfo__E)
                  0000461c    00000004     --HOLE-- [fill = 0]
                  00004620    00000044                   : BIOS.obj (.text:ti_sysbios_knl_Swi_post__E)
                  00004664    00000044     ti.targets.arm.rtsarm.aem4f : Error.oem4f (.text:xdc_runtime_Error_setX__E)
                  000046a8    00000044                                 : SysMin.oem4f (.text:xdc_runtime_SysMin_flush__E)
                  000046ec    00000044                                 : Text.oem4f (.text:xdc_runtime_Text_xprintf__I)
                  00004730    00000040     rtsv7M4_T_le_v4SPD16_eabi.lib : u_divt2.obj (.text)
                  00004770    00000040     sysbios.aem4f : BIOS.obj (.text:ti_sysbios_family_arm_lm4_Timer_startup__E)
                  000047b0    0000003c                   : BIOS.obj (.text:ti_sysbios_family_arm_m3_Hwi_excSvCall__I)
                  000047ec    00000004     --HOLE-- [fill = 0]
                  000047f0    0000003c                   : BIOS.obj (.text:ti_sysbios_heaps_HeapMem_init__I)
                  0000482c    00000004     --HOLE-- [fill = 0]
                  00004830    0000003c                   : BIOS.obj (.text:ti_sysbios_knl_Swi_restore__E)
                  0000486c    00000004     --HOLE-- [fill = 0]
                  00004870    00000038                   : BIOS.obj (.text:ti_sysbios_family_arm_m3_Hwi_excNoIsr__I)
                  000048a8    00000038                   : BIOS.obj (.text:ti_sysbios_knl_Task_processVitalTaskFlag__I)
                  000048e0    00000038     ti.targets.arm.rtsarm.aem4f : SysMin.oem4f (.text:xdc_runtime_SysMin_putch__E)
                  00004918    00000038                                 : System.oem4f (.text:xdc_runtime_System_atexit__E)
                  00004950    00000034     driverlib.lib : sysctl.obj (.text:SysCtlPeripheralEnable)
                  00004984    00000004     --HOLE-- [fill = 0]
                  00004988    00000034     sysbios.aem4f : BIOS.obj (.text:ti_sysbios_family_arm_m3_Hwi_Instance_finalize__E)
                  000049bc    00000004     --HOLE-- [fill = 0]
                  000049c0    00000034                   : BIOS.obj (.text:ti_sysbios_family_arm_m3_Hwi_excNmi__I)
                  000049f4    00000004     --HOLE-- [fill = 0]
                  000049f8    00000034                   : BIOS.obj (.text:ti_sysbios_hal_Hwi_checkStack)
                  00004a2c    00000034     ti.targets.arm.rtsarm.aem4f : Core-label.oem4f (.text:xdc_runtime_Core_assignLabel__I)
                  00004a60    00000033                                 : Text.oem4f (.text:xdc_runtime_Text_printVisFxn__I)
                  00004a93    00000005     --HOLE-- [fill = 0]
                  00004a98    00000032     sysbios.aem4f : BIOS.obj (.text:ti_sysbios_hal_Hwi_initStack)
                  00004aca    00000002     --HOLE-- [fill = 0]
                  00004acc    00000030     dse_Hwi_pem4f.oem4f (.text:ti_sysbios_BIOS_atExitFunc__I)
                  00004afc    00000004     --HOLE-- [fill = 0]
                  00004b00    00000030     sysbios.aem4f : BIOS.obj (.text:ti_sysbios_family_arm_lm4_Timer_stop__E)
                  00004b30    00000030                   : BIOS.obj (.text:ti_sysbios_family_arm_m3_TaskSupport_start__E)
                  00004b60    00000030     dse_Hwi_pem4f.oem4f (.text:ti_sysbios_gates_GateHwi_Object__create__S)
                  00004b90    00000030     dse_Hwi_pem4f.oem4f (.text:ti_sysbios_gates_GateMutex_Object__create__S)
                  00004bc0    00000030     dse_Hwi_pem4f.oem4f (.text:ti_sysbios_heaps_HeapMem_Object__create__S)
                  00004bf0    00000030     dse_Hwi_pem4f.oem4f (.text:ti_sysbios_knl_Semaphore_construct)
                  00004c20    00000030     sysbios.aem4f : BIOS.obj (.text:ti_sysbios_knl_Semaphore_pendTimeout__I)
                  00004c50    00000030                   : BIOS.obj (.text:ti_sysbios_knl_Task_unblockI__E)
                  00004c80    00000030     ti.targets.arm.rtsarm.aem4f : SysMin.oem4f (.text:xdc_runtime_SysMin_abort__E)
                  00004cb0    00000030                                 : System.oem4f (.text:xdc_runtime_System_processAtExit__E)
                  00004ce0    0000002c     dse_Hwi_pem4f.oem4f (.text:ti_sysbios_knl_Clock_doTick__I)
                  00004d0c    0000002c     dse_Hwi_pem4f.oem4f (.text:ti_sysbios_knl_Queue_construct)
                  00004d38    0000002c     sysbios.aem4f : BIOS.obj (.text:ti_sysbios_knl_Task_restore__E)
                  00004d64    0000002c     ti.targets.arm.rtsarm.aem4f : Text.oem4f (.text:xdc_runtime_Text_cordText__E)
                  00004d90    0000002a     driverlib.lib : gpio.obj (.text:GPIODirModeSet)
                  00004dba    0000002a     ti.targets.arm.rtsarm.aem4f : System.oem4f (.text:xdc_runtime_System_putchar__I)
                  00004de4    00000004     --HOLE-- [fill = 0]
                  00004de8    00000028     sysbios.aem4f : BIOS.obj (.text:ti_sysbios_hal_Hwi_Instance_init__E)
                  00004e10    00000028                   : BIOS.obj (.text:ti_sysbios_knl_Swi_Module_startup__E)
                  00004e38    00000026                   : m3_Hwi_asm.obj (.text:ti_sysbios_family_arm_m3_Hwi_pendSV__I)
                  00004e5e    00000026     ti.targets.arm.rtsarm.aem4f : System.oem4f (.text:xdc_runtime_System_avprintf__E)
                  00004e84    00000024     dse_Hwi_pem4f.oem4f (.text:ti_sysbios_BIOS_errorRaiseHook__I)
                  00004ea8    00000024     dse_Hwi_pem4f.oem4f (.text:ti_sysbios_BIOS_registerRTSLock__I)
                  00004ecc    00000024     dse_Hwi_pem4f.oem4f (.text:ti_sysbios_BIOS_removeRTSLock__I)
                  00004ef0    00000024     dse_Hwi_pem4f.oem4f (.text:ti_sysbios_BIOS_startFunc__I)
                  00004f14    00000024     dse_Hwi_pem4f.oem4f (.text:ti_sysbios_gates_GateMutex_Object__delete__S)
                  00004f38    00000024     sysbios.aem4f : BIOS.obj (.text:ti_sysbios_knl_Clock_Module_startup__E)
                  00004f5c    00000004     --HOLE-- [fill = 0]
                  00004f60    00000024                   : BIOS.obj (.text:ti_sysbios_knl_Task_restoreHwi__E)
                  00004f84    00000024     ti.targets.arm.rtsarm.aem4f : System.oem4f (.text:xdc_runtime_System_vprintf__E)
                  00004fa8    00000022     sysbios.aem4f : BIOS.obj (.text:ti_sysbios_family_arm_lm4_Timer_write__I)
                  00004fca    00000022     dse_Hwi_pem4f.oem4f (.text:xdc_runtime_SysMin_output__I)
                  00004fec    00000020     Boot.aem4f : Boot_sysctl.oem4f (.text:_SysCtlMemTimingGet)
                  0000500c    00000020     dse_Hwi_pem4f.oem4f (.text:ti_sysbios_BIOS_rtsLock__I)
                  0000502c    00000020     dse_Hwi_pem4f.oem4f (.text:ti_sysbios_family_arm_m3_Hwi_Object__delete__S)
                  0000504c    00000020     sysbios.aem4f : m3_Hwi_asm.obj (.text:ti_sysbios_family_arm_m3_Hwi_excHandlerAsm__I)
                  0000506c    00000004     --HOLE-- [fill = 0]
                  00005070    00000020                   : BIOS.obj (.text:ti_sysbios_family_arm_m3_Hwi_excHandler__I)
                  00005090    00000020     dse_Hwi_pem4f.oem4f (.text:ti_sysbios_gates_GateHwi_Object__delete__S)
                  000050b0    00000020     dse_Hwi_pem4f.oem4f (.text:ti_sysbios_heaps_HeapMem_Object__delete__S)
                  000050d0    00000020     sysbios.aem4f : BIOS.obj (.text:ti_sysbios_knl_Idle_run__E)
                  000050f0    00000020     dse_Hwi_pem4f.oem4f (.text:ti_sysbios_knl_Semaphore_Object__destruct__S)
                  00005110    00000020     ti.targets.arm.rtsarm.aem4f : Registry.oem4f (.text:xdc_runtime_Registry_findById__E)
                  00005130    00000020                                 : SysMin.oem4f (.text:xdc_runtime_SysMin_Module_startup__E)
                  00005150    0000001e     sysbios.aem4f : m3_Hwi_asm_switch.obj (.text:ti_sysbios_family_xxx_Hwi_switchAndRunFunc)
                  0000516e    0000001c     drivers_tivaware.aem4f : GPIOTiva.oem4f (.text:getGpioIntIndex)
                  0000518a    00000006     driverlib.lib : gpio.obj (.text:GPIOIntClear)
                  00005190    0000001c     sysbios.aem4f : BIOS.obj (.text:ti_sysbios_gates_GateMutex_Instance_init__E)
                  000051ac    0000001c     dse_Hwi_pem4f.oem4f (.text:ti_sysbios_hal_Hwi_HwiProxy_create)
                  000051c8    0000001c     dse_Hwi_pem4f.oem4f (.text:ti_sysbios_knl_Queue_Object__destruct__S)
                  000051e4    00000004     --HOLE-- [fill = 0]
                  000051e8    0000001c     sysbios.aem4f : BIOS.obj (.text:ti_sysbios_knl_Task_enter__I)
                  00005204    0000001c     ti.targets.arm.rtsarm.aem4f : Error.oem4f (.text:xdc_runtime_Error_raiseX__E)
                  00005220    0000001c                                 : Memory.oem4f (.text:xdc_runtime_Memory_valloc__E)
                  0000523c    0000001c                                 : SysMin.oem4f (.text:xdc_runtime_SysMin_exit__E)
                  00005258    0000001c                                 : System.oem4f (.text:xdc_runtime_System_abort__E)
                  00005274    0000001a     dse_Hwi_pem4f.oem4f (.text:ti_sysbios_family_arm_m3_Hwi_Handle__label__S)
                  0000528e    0000001a     dse_Hwi_pem4f.oem4f (.text:ti_sysbios_gates_GateHwi_Handle__label__S)
                  000052a8    0000001a     dse_Hwi_pem4f.oem4f (.text:ti_sysbios_gates_GateMutex_Handle__label__S)
                  000052c2    0000001a     dse_Hwi_pem4f.oem4f (.text:ti_sysbios_heaps_HeapMem_Handle__label__S)
                  000052dc    0000001a     dse_Hwi_pem4f.oem4f (.text:ti_sysbios_knl_Swi_Handle__label__S)
                  000052f6    0000001a     dse_Hwi_pem4f.oem4f (.text:ti_sysbios_knl_Task_Handle__label__S)
                  00005310    0000001a     dse_Hwi_pem4f.oem4f (.text:xdc_runtime_System_aprintf__E)
                  0000532a    0000001a     dse_Hwi_pem4f.oem4f (.text:xdc_runtime_System_printf__E)
                  00005344    00000018     dse_Hwi.obj (.text:myIsr)
                  0000535c    00000018     rtsv7M4_T_le_v4SPD16_eabi.lib : args_main.obj (.text)
                  00005374    00000018     dse_Hwi_pem4f.oem4f (.text:ti_sysbios_BIOS_rtsUnlock__I)
                  0000538c    00000018     dse_Hwi_pem4f.oem4f (.text:ti_sysbios_family_arm_lm4_Timer_Module__startupDone__F)
                  000053a4    00000018     dse_Hwi_pem4f.oem4f (.text:ti_sysbios_family_arm_m3_Hwi_Module__startupDone__F)
                  000053bc    00000018     sysbios.aem4f : m3_TaskSupport_asm.obj (.text:ti_sysbios_family_arm_m3_TaskSupport_swap__E)
                  000053d4    00000004     --HOLE-- [fill = 0]
                  000053d8    00000018                   : BIOS.obj (.text:ti_sysbios_gates_GateMutex_leave__E)
                  000053f0    00000018                   : BIOS.obj (.text:ti_sysbios_knl_Task_sleepTimeout__I)
                  00005408    00000018     ti.targets.arm.rtsarm.aem4f : Error.oem4f (.text:xdc_runtime_Error_check__E)
                  00005420    00000018                                 : System.oem4f (.text:xdc_runtime_System_exit__E)
                  00005438    00000018                                 : Text.oem4f (.text:xdc_runtime_Text_ropeText__E)
                  00005450    00000016     dse_Hwi_pem4f.oem4f (.text:ti_sysbios_BIOS_exitFunc__I)
                  00005466    00000016     dse_Hwi.obj (.text:ti_sysbios_hal_Hwi_Params_init)
                  0000547c    00000016     dse_Hwi.obj (.text:ti_sysbios_knl_Task_Params_init)
                  00005492    00000014     dse_Hwi.obj (.text:heartBeatFxn)
                  000054a6    00000002     --HOLE-- [fill = 0]
                  000054a8    00000014     rtsv7M4_T_le_v4SPD16_eabi.lib : _lock.obj (.text)
                  000054bc    00000014                                   : strlen.obj (.text)
                  000054d0    00000014     dse_Hwi_pem4f.oem4f (.text:ti_sysbios_family_arm_m3_Hwi_Object__get__S)
                  000054e4    00000004     --HOLE-- [fill = 0]
                  000054e8    00000014     sysbios.aem4f : BIOS.obj (.text:ti_sysbios_family_arm_m3_Hwi_switchFromBootStack__E)
                  000054fc    00000014     dse_Hwi_pem4f.oem4f (.text:ti_sysbios_heaps_HeapMem_Object__get__S)
                  00005510    00000014     dse_Hwi_pem4f.oem4f (.text:ti_sysbios_knl_Swi_Object__get__S)
                  00005524    00000004     --HOLE-- [fill = 0]
                  00005528    00000012     sysbios.aem4f : BIOS.obj (.text:ti_sysbios_hal_Hwi_Module_startup__E)
                  0000553a    00000012     dse_Hwi_pem4f.oem4f (.text:xdc_runtime_Startup_exec__I)
                  0000554c    00000010     dse_Hwi_pem4f.oem4f (.text:.bootCodeSection:ti_catalog_arm_cortexm4_tiva_ce_Boot_init__I)
                  0000555c    00000004     --HOLE-- [fill = 0]
                  00005560    00000010     sysbios.aem4f : BIOS.obj (.text:ti_sysbios_BIOS_setThreadType__E)
                  00005570    00000010                   : BIOS.obj (.text:ti_sysbios_BIOS_start__E)
                  00005580    00000010                   : m3_TaskSupport_asm.obj (.text:ti_sysbios_family_arm_m3_TaskSupport_glue)
                  00005590    00000010                   : BIOS.obj (.text:ti_sysbios_gates_GateMutex_Instance_finalize__E)
                  000055a0    00000010     dse_Hwi_pem4f.oem4f (.text:ti_sysbios_hal_Hwi_HwiProxy_Object__create__S)
                  000055b0    00000010     sysbios.aem4f : BIOS.obj (.text:ti_sysbios_knl_Semaphore_Instance_finalize__E)
                  000055c0    00000010                   : BIOS.obj (.text:ti_sysbios_knl_Swi_disable__E)
                  000055d0    00000010     dse_Hwi_pem4f.oem4f (.text:ti_sysbios_knl_Task_Object__get__S)
                  000055e0    00000010     sysbios.aem4f : BIOS.obj (.text:ti_sysbios_knl_Task_disable__E)
                  000055f0    00000010     ti.targets.arm.rtsarm.aem4f : Gate.oem4f (.text:xdc_runtime_Gate_leaveSystem__E)
                  00005600    00000010                                 : Memory.oem4f (.text:xdc_runtime_Memory_free__E)
                  00005610    00000010                                 : SysMin.oem4f (.text:xdc_runtime_SysMin_ready__E)
                  00005620    00000010                                 : System.oem4f (.text:xdc_runtime_System_vsnprintf__E)
                  00005630    00000010     dse_Hwi_pem4f.oem4f (.text:xdc_runtime_Text_visitRope__I)
                  00005640    0000000e     driverlib.lib : gpio.obj (.text:GPIOIntStatus)
                  0000564e    0000000e     rtsv7M4_T_le_v4SPD16_eabi.lib : copy_decompress_none.obj (.text:decompress:none)
                  0000565c    00000004     --HOLE-- [fill = 0]
                  00005660    0000000e     sysbios.aem4f : BIOS.obj (.text:ti_sysbios_knl_Idle_loop__E)
                  0000566e    00000002     --HOLE-- [fill = 0]
                  00005670    0000000e                   : BIOS.obj (.text:ti_sysbios_knl_Queue_empty__E)
                  0000567e    0000000c     driverlib.lib : gpio.obj (.text:GPIOIntEnable)
                  0000568a    0000000c     rtsv7M4_T_le_v4SPD16_eabi.lib : copy_zero_init.obj (.text:decompress:ZI)
                  00005696    00000002     --HOLE-- [fill = 0]
                  00005698    0000000c     sysbios.aem4f : BIOS.obj (.text:ti_sysbios_family_arm_lm4_Timer_getMaxTicks__E)
                  000056a4    0000000c     dse_Hwi_pem4f.oem4f (.text:ti_sysbios_family_arm_m3_Hwi_Params__init__S)
                  000056b0    0000000c     sysbios.aem4f : BIOS.obj (.text:ti_sysbios_family_arm_m3_Hwi_disableFxn__E)
                  000056bc    00000004     --HOLE-- [fill = 0]
                  000056c0    0000000c                   : BIOS.obj (.text:ti_sysbios_family_arm_m3_TaskSupport_checkStack__E)
                  000056cc    00000004     --HOLE-- [fill = 0]
                  000056d0    0000000c                   : BIOS.obj (.text:ti_sysbios_family_arm_m3_TaskSupport_getStackAlignment__E)
                  000056dc    00000004     --HOLE-- [fill = 0]
                  000056e0    0000000c                   : BIOS.obj (.text:ti_sysbios_gates_GateHwi_enter__E)
                  000056ec    0000000c     dse_Hwi_pem4f.oem4f (.text:ti_sysbios_hal_Hwi_Params__init__S)
                  000056f8    0000000c     dse_Hwi_pem4f.oem4f (.text:ti_sysbios_knl_Queue_Object__get__S)
                  00005704    0000000c     dse_Hwi_pem4f.oem4f (.text:ti_sysbios_knl_Task_Params__init__S)
                  00005710    0000000c     ti.targets.arm.rtsarm.aem4f : Error.oem4f (.text:xdc_runtime_Error_init__E)
                  0000571c    0000000c                                 : Gate.oem4f (.text:xdc_runtime_Gate_enterSystem__E)
                  00005728    0000000c                                 : Memory.oem4f (.text:xdc_runtime_Memory_calloc__E)
                  00005734    0000000c                                 : Memory.oem4f (.text:xdc_runtime_Memory_getMaxDefaultTypeAlign__E)
                  00005740    0000000a     sysbios.aem4f : BIOS.obj (.text:ti_sysbios_hal_Hwi_Instance_finalize__E)
                  0000574a    0000000a     dse_Hwi_pem4f.oem4f (.text:xdc_runtime_IHeap_alloc)
                  00005754    0000000a     dse_Hwi_pem4f.oem4f (.text:xdc_runtime_IHeap_free)
                  0000575e    00000008     EK_TM4C129EXL.obj (.text:EK_TM4C129EXL_initGPIO)
                  00005766    00000008     sysbios.aem4f : BIOS.obj (.text:ti_sysbios_family_arm_lm4_Timer_masterDisable__I)
                  0000576e    00000002     --HOLE-- [fill = 0]
                  00005770    00000008                   : BIOS.obj (.text:ti_sysbios_family_arm_m3_Hwi_doSwiRestore__I)
                  00005778    00000008                   : BIOS.obj (.text:ti_sysbios_family_arm_m3_Hwi_startup__E)
                  00005780    00000006     driverlib.lib : gpio.obj (.text:GPIOPinRead)
                  00005786    00000006                   : gpio.obj (.text:GPIOPinWrite)
                  0000578c    00000004     --HOLE-- [fill = 0]
                  00005790    00000006     sysbios.aem4f : BIOS.obj (.text:ti_sysbios_family_arm_m3_Hwi_doTaskRestore__I)
                  00005796    00000002     --HOLE-- [fill = 0]
                  00005798    00000006                   : BIOS.obj (.text:ti_sysbios_family_arm_m3_Hwi_restoreFxn__E)
                  0000579e    00000002     --HOLE-- [fill = 0]
                  000057a0    00000006                   : BIOS.obj (.text:ti_sysbios_gates_GateHwi_leave__E)
                  000057a6    00000002     --HOLE-- [fill = 0]
                  000057a8    00000006                   : BIOS.obj (.text:ti_sysbios_heaps_HeapMem_isBlocking__E)
                  000057ae    00000002     --HOLE-- [fill = 0]
                  000057b0    00000006                   : BIOS.obj (.text:ti_sysbios_knl_Queue_Instance_init__E)
                  000057b6    00000002     --HOLE-- [fill = 0]
                  000057b8    00000006                   : BIOS.obj (.text:ti_sysbios_knl_Swi_startup__E)
                  000057be    00000006     ti.targets.arm.rtsarm.aem4f : System.oem4f (.text:xdc_runtime_System_Module_startup__E)
                  000057c4    00000004     --HOLE-- [fill = 0]
                  000057c8    00000004     sysbios.aem4f : BIOS.obj (.text:ti_sysbios_gates_GateHwi_query__E)
                  000057cc    00000004     --HOLE-- [fill = 0]
                  000057d0    00000004                   : BIOS.obj (.text:ti_sysbios_gates_GateMutex_query__E)
                  000057d4    00000004     --HOLE-- [fill = 0]
                  000057d8    00000004                   : BIOS.obj (.text:ti_sysbios_knl_Task_startup__E)
                  000057dc    00000004     --HOLE-- [fill = 0]
                  000057e0    00000002                   : BIOS.obj (.text:ti_sysbios_gates_GateHwi_Instance_init__E)
                  000057e2    00000006     --HOLE-- [fill = 0]
                  000057e8    00000002                   : BIOS.obj (.text:ti_sysbios_knl_Clock_logTick__E)

.const     0    000057ec    0000209a     
                  000057ec    00001861     dse_Hwi_pem4f.oem4f (.const:xdc_runtime_Text_charTab__A)
                  0000704d    00000001     dse_Hwi_pem4f.oem4f (.const:xdc_runtime_Error_policy__C)
                  0000704e    00000002     dse_Hwi_pem4f.oem4f (.const:ti_catalog_arm_cortexm4_tiva_ce_Boot_Module__id__C)
                  00007050    00000120     Boot.aem4f : Boot_sysctl.oem4f (.const:g_pppui32XTALtoVCO)
                  00007170    000000bc     dse_Hwi_pem4f.oem4f (.const:xdc_runtime_Text_nodeTab__A)
                  0000722c    0000006c     Boot.aem4f : Boot_sysctl.oem4f (.const:g_pui32Xtals)
                  00007298    00000054     drivers_tivaware.aem4f : GPIOTiva.oem4f (.const:.string)
                  000072ec    00000048     dse_Hwi_pem4f.oem4f (.const:.string)
                  00007334    00000048     drivers_tivaware.aem4f : GPIOTiva.oem4f (.const:gpioBaseAddresses)
                  0000737c    0000003c     dse_Hwi_pem4f.oem4f (.const:ti_sysbios_knl_Task_Object__PARAMS__C)
                  000073b8    00000030     Boot.aem4f : Boot_sysctl.oem4f (.const:g_sXTALtoMEMTIM)
                  000073e8    00000030     dse_Hwi_pem4f.oem4f (.const:ti_sysbios_family_arm_m3_Hwi_Object__PARAMS__C)
                  00007418    0000002c     dse_Hwi_pem4f.oem4f (.const:ti_sysbios_hal_Hwi_Object__PARAMS__C)
                  00007444    00000028     dse_Hwi_pem4f.oem4f (.const:ti_sysbios_heaps_HeapMem_Module__FXNS__C)
                  0000746c    00000024     dse_Hwi_pem4f.oem4f (.const:ti_sysbios_gates_GateHwi_Module__FXNS__C)
                  00007490    00000024     dse_Hwi_pem4f.oem4f (.const:ti_sysbios_gates_GateMutex_Module__FXNS__C)
                  000074b4    00000024     dse_Hwi_pem4f.oem4f (.const:ti_sysbios_heaps_HeapMem_Object__PARAMS__C)
                  000074d8    00000024     dse_Hwi_pem4f.oem4f (.const:ti_sysbios_knl_Semaphore_Object__PARAMS__C)
                  000074fc    00000020     dse_Hwi_pem4f.oem4f (.const:ti_sysbios_family_arm_m3_Hwi_Object__DESC__C)
                  0000751c    00000020     dse_Hwi_pem4f.oem4f (.const:ti_sysbios_gates_GateHwi_Object__DESC__C)
                  0000753c    00000020     dse_Hwi_pem4f.oem4f (.const:ti_sysbios_gates_GateMutex_Object__DESC__C)
                  0000755c    00000020     dse_Hwi_pem4f.oem4f (.const:ti_sysbios_hal_Hwi_Object__DESC__C)
                  0000757c    00000020     dse_Hwi_pem4f.oem4f (.const:ti_sysbios_heaps_HeapMem_Object__DESC__C)
                  0000759c    00000020     dse_Hwi_pem4f.oem4f (.const:ti_sysbios_knl_Queue_Object__DESC__C)
                  000075bc    00000020     dse_Hwi_pem4f.oem4f (.const:ti_sysbios_knl_Semaphore_Object__DESC__C)
                  000075dc    00000020     dse_Hwi_pem4f.oem4f (.const:ti_sysbios_knl_Task_Object__DESC__C)
                  000075fc    00000020     dse_Hwi_pem4f.oem4f (.const:xdc_runtime_Startup_sfxnTab__A)
                  0000761c    00000018     dse_Hwi_pem4f.oem4f (.const:ti_sysbios_gates_GateHwi_Object__PARAMS__C)
                  00007634    00000018     dse_Hwi_pem4f.oem4f (.const:ti_sysbios_gates_GateMutex_Object__PARAMS__C)
                  0000764c    00000018     dse_Hwi_pem4f.oem4f (.const:ti_sysbios_knl_Queue_Object__PARAMS__C)
                  00007664    00000014     EK_TM4C129EXL.obj (.const:GPIOTiva_config)
                  00007678    00000014     dse_Hwi_pem4f.oem4f (.const:xdc_runtime_Startup_firstFxns__A)
                  0000768c    00000010     dse_Hwi_pem4f.oem4f (.const:xdc_runtime_Startup_sfxnRts__A)
                  0000769c    00000008     Boot.aem4f : Boot_sysctl.oem4f (.const)
                  000076a4    00000008     dse_Hwi_pem4f.oem4f (.const:ti_sysbios_family_arm_m3_Hwi_excHookFuncs__A)
                  000076ac    00000008     dse_Hwi_pem4f.oem4f (.const:ti_sysbios_knl_Idle_funcList__C)
                  000076b4    00000008     dse_Hwi_pem4f.oem4f (.const:xdc_runtime_Startup_firstFxns__C)
                  000076bc    00000008     dse_Hwi_pem4f.oem4f (.const:xdc_runtime_Startup_lastFxns__C)
                  000076c4    00000004     dse_Hwi_pem4f.oem4f (.const:ti_catalog_arm_cortexm4_tiva_ce_Boot_A_mustNotUseEnhancedClockMode__C)
                  000076c8    00000004     dse_Hwi_pem4f.oem4f (.const:ti_catalog_arm_cortexm4_tiva_ce_Boot_Module__diagsEnabled__C)
                  000076cc    00000004     dse_Hwi_pem4f.oem4f (.const:ti_catalog_arm_cortexm4_tiva_ce_Boot_Module__diagsIncluded__C)
                  000076d0    00000004     dse_Hwi_pem4f.oem4f (.const:ti_catalog_arm_cortexm4_tiva_ce_Boot_Module__diagsMask__C)
                  000076d4    00000004     dse_Hwi_pem4f.oem4f (.const:ti_sysbios_family_arm_lm4_Timer_enableFunc__C)
                  000076d8    00000004     dse_Hwi_pem4f.oem4f (.const:ti_sysbios_family_arm_lm4_Timer_numTimerDevices__C)
                  000076dc    00000004     dse_Hwi_pem4f.oem4f (.const:ti_sysbios_family_arm_lm4_Timer_startupNeeded__C)
                  000076e0    00000004     dse_Hwi_pem4f.oem4f (.const:ti_sysbios_family_arm_m3_Hwi_E_NMI__C)
                  000076e4    00000004     dse_Hwi_pem4f.oem4f (.const:ti_sysbios_family_arm_m3_Hwi_E_alreadyDefined__C)
                  000076e8    00000004     dse_Hwi_pem4f.oem4f (.const:ti_sysbios_family_arm_m3_Hwi_E_busFault__C)
                  000076ec    00000004     dse_Hwi_pem4f.oem4f (.const:ti_sysbios_family_arm_m3_Hwi_E_debugMon__C)
                  000076f0    00000004     dse_Hwi_pem4f.oem4f (.const:ti_sysbios_family_arm_m3_Hwi_E_hardFault__C)
                  000076f4    00000004     dse_Hwi_pem4f.oem4f (.const:ti_sysbios_family_arm_m3_Hwi_E_memFault__C)
                  000076f8    00000004     dse_Hwi_pem4f.oem4f (.const:ti_sysbios_family_arm_m3_Hwi_E_noIsr__C)
                  000076fc    00000004     dse_Hwi_pem4f.oem4f (.const:ti_sysbios_family_arm_m3_Hwi_E_reserved__C)
                  00007700    00000004     dse_Hwi_pem4f.oem4f (.const:ti_sysbios_family_arm_m3_Hwi_E_svCall__C)
                  00007704    00000004     dse_Hwi_pem4f.oem4f (.const:ti_sysbios_family_arm_m3_Hwi_E_usageFault__C)
                  00007708    00000004     dse_Hwi_pem4f.oem4f (.const:ti_sysbios_family_arm_m3_Hwi_NUM_INTERRUPTS__C)
                  0000770c    00000004     dse_Hwi_pem4f.oem4f (.const:ti_sysbios_family_arm_m3_Hwi_Object__count__C)
                  00007710    00000004     dse_Hwi_pem4f.oem4f (.const:ti_sysbios_family_arm_m3_Hwi_ccr__C)
                  00007714    00000004     dse_Hwi_pem4f.oem4f (.const:ti_sysbios_family_arm_m3_Hwi_excHandlerFunc__C)
                  00007718    00000004     dse_Hwi_pem4f.oem4f (.const:ti_sysbios_family_arm_m3_Hwi_excHookFuncs__C)
                  0000771c    00000004     dse_Hwi_pem4f.oem4f (.const:ti_sysbios_family_arm_m3_Hwi_nullIsrFunc__C)
                  00007720    00000004     dse_Hwi_pem4f.oem4f (.const:ti_sysbios_family_arm_m3_Hwi_priGroup__C)
                  00007724    00000004     dse_Hwi_pem4f.oem4f (.const:ti_sysbios_family_arm_m3_TaskSupport_stackAlignment__C)
                  00007728    00000004     dse_Hwi_pem4f.oem4f (.const:ti_sysbios_gates_GateMutex_A_badContext__C)
                  0000772c    00000004     dse_Hwi_pem4f.oem4f (.const:ti_sysbios_gates_GateMutex_Instance_State_sem__O)
                  00007730    00000004     dse_Hwi_pem4f.oem4f (.const:ti_sysbios_gates_GateMutex_Module__diagsEnabled__C)
                  00007734    00000004     dse_Hwi_pem4f.oem4f (.const:ti_sysbios_gates_GateMutex_Module__diagsIncluded__C)
                  00007738    00000004     dse_Hwi_pem4f.oem4f (.const:ti_sysbios_gates_GateMutex_Module__diagsMask__C)
                  0000773c    00000004     dse_Hwi_pem4f.oem4f (.const:ti_sysbios_hal_Hwi_E_stackOverflow__C)
                  00007740    00000004     dse_Hwi_pem4f.oem4f (.const:ti_sysbios_heaps_HeapMem_A_align__C)
                  00007744    00000004     dse_Hwi_pem4f.oem4f (.const:ti_sysbios_heaps_HeapMem_A_heapSize__C)
                  00007748    00000004     dse_Hwi_pem4f.oem4f (.const:ti_sysbios_heaps_HeapMem_A_invalidFree__C)
                  0000774c    00000004     dse_Hwi_pem4f.oem4f (.const:ti_sysbios_heaps_HeapMem_A_zeroBlock__C)
                  00007750    00000004     dse_Hwi_pem4f.oem4f (.const:ti_sysbios_heaps_HeapMem_E_memory__C)
                  00007754    00000004     dse_Hwi_pem4f.oem4f (.const:ti_sysbios_heaps_HeapMem_Module__diagsEnabled__C)
                  00007758    00000004     dse_Hwi_pem4f.oem4f (.const:ti_sysbios_heaps_HeapMem_Module__diagsIncluded__C)
                  0000775c    00000004     dse_Hwi_pem4f.oem4f (.const:ti_sysbios_heaps_HeapMem_Module__diagsMask__C)
                  00007760    00000004     dse_Hwi_pem4f.oem4f (.const:ti_sysbios_heaps_HeapMem_Module__gateObj__C)
                  00007764    00000004     dse_Hwi_pem4f.oem4f (.const:ti_sysbios_heaps_HeapMem_Object__count__C)
                  00007768    00000004     dse_Hwi_pem4f.oem4f (.const:ti_sysbios_heaps_HeapMem_reqAlign__C)
                  0000776c    00000004     dse_Hwi_pem4f.oem4f (.const:ti_sysbios_knl_Clock_Module_State_clockQ__O)
                  00007770    00000004     dse_Hwi_pem4f.oem4f (.const:ti_sysbios_knl_Idle_funcList__A)
                  00007774    00000004     dse_Hwi_pem4f.oem4f (.const:ti_sysbios_knl_Semaphore_A_badContext__C)
                  00007778    00000004     dse_Hwi_pem4f.oem4f (.const:ti_sysbios_knl_Semaphore_A_noEvents__C)
                  0000777c    00000004     dse_Hwi_pem4f.oem4f (.const:ti_sysbios_knl_Semaphore_A_overflow__C)
                  00007780    00000004     dse_Hwi_pem4f.oem4f (.const:ti_sysbios_knl_Semaphore_A_pendTaskDisabled__C)
                  00007784    00000004     dse_Hwi_pem4f.oem4f (.const:ti_sysbios_knl_Semaphore_Instance_State_pendQ__O)
                  00007788    00000004     dse_Hwi_pem4f.oem4f (.const:ti_sysbios_knl_Semaphore_Module__diagsEnabled__C)
                  0000778c    00000004     dse_Hwi_pem4f.oem4f (.const:ti_sysbios_knl_Semaphore_Module__diagsIncluded__C)
                  00007790    00000004     dse_Hwi_pem4f.oem4f (.const:ti_sysbios_knl_Semaphore_Module__diagsMask__C)
                  00007794    00000004     dse_Hwi_pem4f.oem4f (.const:ti_sysbios_knl_Swi_Object__count__C)
                  00007798    00000004     dse_Hwi_pem4f.oem4f (.const:ti_sysbios_knl_Task_A_badPriority__C)
                  0000779c    00000004     dse_Hwi_pem4f.oem4f (.const:ti_sysbios_knl_Task_A_badTaskState__C)
                  000077a0    00000004     dse_Hwi_pem4f.oem4f (.const:ti_sysbios_knl_Task_A_badThreadType__C)
                  000077a4    00000004     dse_Hwi_pem4f.oem4f (.const:ti_sysbios_knl_Task_A_badTimeout__C)
                  000077a8    00000004     dse_Hwi_pem4f.oem4f (.const:ti_sysbios_knl_Task_A_noPendElem__C)
                  000077ac    00000004     dse_Hwi_pem4f.oem4f (.const:ti_sysbios_knl_Task_A_sleepTaskDisabled__C)
                  000077b0    00000004     dse_Hwi_pem4f.oem4f (.const:ti_sysbios_knl_Task_E_spOutOfBounds__C)
                  000077b4    00000004     dse_Hwi_pem4f.oem4f (.const:ti_sysbios_knl_Task_E_stackOverflow__C)
                  000077b8    00000004     dse_Hwi_pem4f.oem4f (.const:ti_sysbios_knl_Task_Module_State_inactiveQ__O)
                  000077bc    00000004     dse_Hwi_pem4f.oem4f (.const:ti_sysbios_knl_Task_Module__diagsEnabled__C)
                  000077c0    00000004     dse_Hwi_pem4f.oem4f (.const:ti_sysbios_knl_Task_Module__diagsIncluded__C)
                  000077c4    00000004     dse_Hwi_pem4f.oem4f (.const:ti_sysbios_knl_Task_Module__diagsMask__C)
                  000077c8    00000004     dse_Hwi_pem4f.oem4f (.const:ti_sysbios_knl_Task_Object__count__C)
                  000077cc    00000004     dse_Hwi_pem4f.oem4f (.const:ti_sysbios_knl_Task_allBlockedFunc__C)
                  000077d0    00000004     dse_Hwi_pem4f.oem4f (.const:ti_sysbios_knl_Task_defaultStackHeap__C)
                  000077d4    00000004     dse_Hwi_pem4f.oem4f (.const:ti_sysbios_knl_Task_defaultStackSize__C)
                  000077d8    00000004     dse_Hwi_pem4f.oem4f (.const:ti_sysbios_knl_Task_numConstructedTasks__C)
                  000077dc    00000004     dse_Hwi_pem4f.oem4f (.const:xdc_runtime_Assert_E_assertFailed__C)
                  000077e0    00000004     dse_Hwi_pem4f.oem4f (.const:xdc_runtime_Core_A_initializedParams__C)
                  000077e4    00000004     dse_Hwi_pem4f.oem4f (.const:xdc_runtime_Core_Module__diagsEnabled__C)
                  000077e8    00000004     dse_Hwi_pem4f.oem4f (.const:xdc_runtime_Core_Module__diagsIncluded__C)
                  000077ec    00000004     dse_Hwi_pem4f.oem4f (.const:xdc_runtime_Core_Module__diagsMask__C)
                  000077f0    00000004     dse_Hwi_pem4f.oem4f (.const:xdc_runtime_Error_E_memory__C)
                  000077f4    00000004     dse_Hwi_pem4f.oem4f (.const:xdc_runtime_Error_Module__diagsEnabled__C)
                  000077f8    00000004     dse_Hwi_pem4f.oem4f (.const:xdc_runtime_Error_Module__diagsIncluded__C)
                  000077fc    00000004     dse_Hwi_pem4f.oem4f (.const:xdc_runtime_Error_Module__diagsMask__C)
                  00007800    00000004     dse_Hwi_pem4f.oem4f (.const:xdc_runtime_Error_Module__loggerFxn8__C)
                  00007804    00000004     dse_Hwi_pem4f.oem4f (.const:xdc_runtime_Error_Module__loggerObj__C)
                  00007808    00000004     dse_Hwi_pem4f.oem4f (.const:xdc_runtime_Error_policyFxn__C)
                  0000780c    00000004     dse_Hwi_pem4f.oem4f (.const:xdc_runtime_Error_raiseHook__C)
                  00007810    00000004     dse_Hwi_pem4f.oem4f (.const:xdc_runtime_IGateProvider_Interface__BASE__C)
                  00007814    00000004     dse_Hwi_pem4f.oem4f (.const:xdc_runtime_IHeap_Interface__BASE__C)
                  00007818    00000004     dse_Hwi_pem4f.oem4f (.const:xdc_runtime_IModule_Interface__BASE__C)
                  0000781c    00000004     dse_Hwi_pem4f.oem4f (.const:xdc_runtime_Log_L_error__C)
                  00007820    00000004     dse_Hwi_pem4f.oem4f (.const:xdc_runtime_Memory_defaultHeapInstance__C)
                  00007824    00000004     dse_Hwi_pem4f.oem4f (.const:xdc_runtime_Startup_execImpl__C)
                  00007828    00000004     dse_Hwi_pem4f.oem4f (.const:xdc_runtime_Startup_maxPasses__C)
                  0000782c    00000004     dse_Hwi_pem4f.oem4f (.const:xdc_runtime_Startup_sfxnRts__C)
                  00007830    00000004     dse_Hwi_pem4f.oem4f (.const:xdc_runtime_Startup_sfxnTab__C)
                  00007834    00000004     dse_Hwi_pem4f.oem4f (.const:xdc_runtime_SysMin_bufSize__C)
                  00007838    00000004     dse_Hwi_pem4f.oem4f (.const:xdc_runtime_SysMin_outputFunc__C)
                  0000783c    00000004     dse_Hwi_pem4f.oem4f (.const:xdc_runtime_System_Module__gateObj__C)
                  00007840    00000004     dse_Hwi_pem4f.oem4f (.const:xdc_runtime_System_abortFxn__C)
                  00007844    00000004     dse_Hwi_pem4f.oem4f (.const:xdc_runtime_System_exitFxn__C)
                  00007848    00000004     dse_Hwi_pem4f.oem4f (.const:xdc_runtime_System_extendFxn__C)
                  0000784c    00000004     dse_Hwi_pem4f.oem4f (.const:xdc_runtime_System_maxAtexitHandlers__C)
                  00007850    00000004     dse_Hwi_pem4f.oem4f (.const:xdc_runtime_Text_charTab__C)
                  00007854    00000004     dse_Hwi_pem4f.oem4f (.const:xdc_runtime_Text_nameEmpty__C)
                  00007858    00000004     dse_Hwi_pem4f.oem4f (.const:xdc_runtime_Text_nameStatic__C)
                  0000785c    00000004     dse_Hwi_pem4f.oem4f (.const:xdc_runtime_Text_nameUnknown__C)
                  00007860    00000004     dse_Hwi_pem4f.oem4f (.const:xdc_runtime_Text_nodeTab__C)
                  00007864    00000004     dse_Hwi_pem4f.oem4f (.const:xdc_runtime_Text_visitRopeFxn__C)
                  00007868    00000002     dse_Hwi_pem4f.oem4f (.const:ti_sysbios_family_arm_m3_Hwi_Module__id__C)
                  0000786a    00000002     dse_Hwi_pem4f.oem4f (.const:ti_sysbios_gates_GateMutex_Module__id__C)
                  0000786c    00000002     dse_Hwi_pem4f.oem4f (.const:ti_sysbios_hal_Hwi_Module__id__C)
                  0000786e    00000002     dse_Hwi_pem4f.oem4f (.const:ti_sysbios_heaps_HeapMem_Module__id__C)
                  00007870    00000002     dse_Hwi_pem4f.oem4f (.const:ti_sysbios_knl_Semaphore_Module__id__C)
                  00007872    00000002     dse_Hwi_pem4f.oem4f (.const:ti_sysbios_knl_Task_Module__id__C)
                  00007874    00000002     dse_Hwi_pem4f.oem4f (.const:xdc_runtime_Core_Module__id__C)
                  00007876    00000002     dse_Hwi_pem4f.oem4f (.const:xdc_runtime_Error_Module__loggerDefined__C)
                  00007878    00000002     dse_Hwi_pem4f.oem4f (.const:xdc_runtime_Error_maxDepth__C)
                  0000787a    00000002     dse_Hwi_pem4f.oem4f (.const:xdc_runtime_Memory_Module__id__C)
                  0000787c    00000002     dse_Hwi_pem4f.oem4f (.const:xdc_runtime_SysMin_flushAtExit__C)
                  0000787e    00000002     dse_Hwi_pem4f.oem4f (.const:xdc_runtime_Text_charCnt__C)
                  00007880    00000002     dse_Hwi_pem4f.oem4f (.const:xdc_runtime_Text_isLoaded__C)
                  00007882    00000002     dse_Hwi_pem4f.oem4f (.const:xdc_runtime_Text_registryModsLastId__C)
                  00007884    00000002     dse_Hwi_pem4f.oem4f (.const:xdc_runtime_Text_unnamedModsLastId__C)

.cinit     0    00007888    00000218     
                  00007888    000001de     (.cinit..data.load) [load image, compression = lzss]
                  00007a66    00000002     --HOLE-- [fill = 0]
                  00007a68    0000000c     (__TI_handler_table)
                  00007a74    00000004     --HOLE-- [fill = 0]
                  00007a78    00000008     (.cinit..bss.load) [load image, compression = zero_init]
                  00007a80    00000008     (.cinit..vecs.load) [load image, compression = zero_init]
                  00007a88    00000018     (__TI_cinit_table)

.init_array 
*          0    00000000    00000000     UNINITIALIZED

.resetVecs 
*          0    00000000    0000003c     
                  00000000    0000003c     dse_Hwi_pem4f.oem4f (.resetVecs)

.vecs      0    20000000    00000360     UNINITIALIZED
                  20000000    00000360     dse_Hwi_pem4f.oem4f (.vecs)

.bss       0    20000360    00000df0     UNINITIALIZED
                  20000360    00000400     (.common:ti_sysbios_heaps_HeapMem_Instance_State_0_buf__A)
                  20000760    00000360     (.common:ti_sysbios_family_arm_m3_Hwi_dispatchTable)
                  20000ac0    00000200     dse_Hwi_pem4f.oem4f (.bss:taskStackSection)
                  20000cc0    00000200     (.common:task0Stack)
                  20000ec0    00000120     rtsv7M4_T_le_v4SPD16_eabi.lib : trgmsg.obj (.bss:_CIOBUF_)
                  20000fe0    00000090     drivers_tivaware.aem4f : GPIOTiva.oem4f (.bss:gpioCallbackInfo)
                  20001070    00000080     (.common:xdc_runtime_SysMin_Module_State_0_outbuf__A)
                  200010f0    00000050     (.common:task0Struct)
                  20001140    00000008     (.common:parmbuf)
                  20001148    00000004     (.common:gpioInterruptVectors)
                  2000114c    00000004     (.common:myHwi)

.data      0    20001150    0000042e     UNINITIALIZED
                  20001150    00000080     dse_Hwi_pem4f.oem4f (.data:ti_sysbios_knl_Swi_Module_State_0_readyQ__A)
                  200011d0    00000080     dse_Hwi_pem4f.oem4f (.data:ti_sysbios_knl_Task_Module_State_0_readyQ__A)
                  20001250    0000004c     dse_Hwi_pem4f.oem4f (.data:ti_sysbios_knl_Task_Object__table__V)
                  2000129c    00000044     dse_Hwi_pem4f.oem4f (.data:ti_sysbios_knl_Task_Module__state__V)
                  200012e0    00000040     dse_Hwi_pem4f.oem4f (.data:ti_sysbios_family_arm_lm4_Timer_Module_State_0_device__A)
                  20001320    00000040     dse_Hwi_pem4f.oem4f (.data:ti_sysbios_family_arm_lm4_Timer_Object__table__V)
                  20001360    00000038     dse_Hwi_pem4f.oem4f (.data:ti_sysbios_gates_GateMutex_Object__table__V)
                  20001398    00000034     dse_Hwi_pem4f.oem4f (.data:ti_sysbios_family_arm_m3_Hwi_Module__state__V)
                  200013cc    00000030     dse_Hwi_pem4f.oem4f (.data:ti_sysbios_knl_Swi_Object__table__V)
                  200013fc    0000002c     dse_Hwi_pem4f.oem4f (.data:ti_sysbios_knl_Clock_Module__state__V)
                  20001428    00000024     dse_Hwi_pem4f.oem4f (.data:ti_sysbios_BIOS_Module__state__V)
                  2000144c    00000020     dse_Hwi_pem4f.oem4f (.data:ti_sysbios_family_arm_lm4_Timer_Module_State_0_handles__A)
                  2000146c    0000001c     dse_Hwi_pem4f.oem4f (.data:ti_sysbios_knl_Swi_Module__state__V)
                  20001488    00000018     dse_Hwi_pem4f.oem4f (.data:ti_sysbios_family_arm_m3_Hwi_Object__table__V)
                  200014a0    00000018     dse_Hwi_pem4f.oem4f (.data:ti_sysbios_heaps_HeapMem_Object__table__V)
                  200014b8    00000010     EK_TM4C129EXL.obj (.data:gpioPinConfigs)
                  200014c8    0000000c     rtsv7M4_T_le_v4SPD16_eabi.lib : exit.obj (.data:$O1$$)
                  200014d4    0000000c     dse_Hwi_pem4f.oem4f (.data:ti_sysbios_family_arm_lm4_Timer_Module__state__V)
                  200014e0    0000000c     dse_Hwi_pem4f.oem4f (.data:xdc_runtime_SysMin_Module__state__V)
                  200014ec    00000008     rtsv7M4_T_le_v4SPD16_eabi.lib : _lock.obj (.data:$O1$$)
                  200014f4    00000008     EK_TM4C129EXL.obj (.data:gpioCallbackFunctions)
                  200014fc    00000008     dse_Hwi_pem4f.oem4f (.data:ti_sysbios_family_arm_m3_Hwi_Module__root__V)
                  20001504    00000008     dse_Hwi_pem4f.oem4f (.data:ti_sysbios_gates_GateHwi_Module__root__V)
                  2000150c    00000008     dse_Hwi_pem4f.oem4f (.data:ti_sysbios_gates_GateMutex_Module__root__V)
                  20001514    00000008     dse_Hwi_pem4f.oem4f (.data:ti_sysbios_hal_Hwi_Module__root__V)
                  2000151c    00000008     dse_Hwi_pem4f.oem4f (.data:ti_sysbios_heaps_HeapMem_Module__root__V)
                  20001524    00000008     dse_Hwi_pem4f.oem4f (.data:ti_sysbios_knl_Queue_Module__root__V)
                  2000152c    00000008     dse_Hwi_pem4f.oem4f (.data:ti_sysbios_knl_Semaphore_Module__root__V)
                  20001534    00000008     dse_Hwi_pem4f.oem4f (.data:ti_sysbios_knl_Task_Module__root__V)
                  2000153c    00000008     dse_Hwi_pem4f.oem4f (.data:xdc_runtime_Registry_Module__state__V)
                  20001544    00000008     dse_Hwi_pem4f.oem4f (.data:xdc_runtime_Startup_Module__state__V)
                  2000154c    00000008     dse_Hwi_pem4f.oem4f (.data:xdc_runtime_System_Module_State_0_atexitHandlers__A)
                  20001554    00000008     dse_Hwi_pem4f.oem4f (.data:xdc_runtime_System_Module__state__V)
                  2000155c    00000005     drivers_tivaware.aem4f : GPIOTiva.oem4f (.data)
                  20001561    00000001     --HOLE--
                  20001562    00000002     dse_Hwi_pem4f.oem4f (.data:ti_sysbios_family_arm_m3_Hwi_Module_State_0_excActive__A)
                  20001564    00000004     rtsv7M4_T_le_v4SPD16_eabi.lib : stkdepth_vars.obj (.data)
                  20001568    00000004     dse_Hwi_pem4f.oem4f (.data:ti_sysbios_family_arm_m3_Hwi_Module_State_0_excContext__A)
                  2000156c    00000004     dse_Hwi_pem4f.oem4f (.data:ti_sysbios_family_arm_m3_Hwi_Module_State_0_excStack__A)
                  20001570    00000004     dse_Hwi_pem4f.oem4f (.data:ti_sysbios_gates_GateHwi_Object__table__V)
                  20001574    00000004     dse_Hwi_pem4f.oem4f (.data:ti_sysbios_knl_Task_Module_State_0_idleTask__A)
                  20001578    00000004     dse_Hwi_pem4f.oem4f (.data:xdc_runtime_Memory_Module__state__V)
                  2000157c    00000002     dse_Hwi_pem4f.oem4f (.data:xdc_runtime_Error_Module__state__V)

.stack     0    20001580    00000300     UNINITIALIZED
                  20001580    00000300     --HOLE--

.bootVecs 
*          0    00000000    00000008     DSECT
                  00000000    00000008     boot.aem4f : boot.oem4f (.bootVecs)

xdc.meta   0    00000000    000000e6     COPY SECTION
                  00000000    000000e6     dse_Hwi_pem4f.oem4f (xdc.meta)

MODULE SUMMARY

       Module                     code    ro data   rw data
       ------                     ----    -------   -------
    .\
       dse_Hwi.obj                264     0         596    
       EK_TM4C129EXL.obj          192     20        24     
    +--+--------------------------+-------+---------+---------+
       Total:                     456     20        620    
                                                           
    C:\Users\mario.donjuan\workspace_v7\dse_Hwi\Debug\configPkg\package\cfg\
       dse_Hwi_pem4f.oem4f        1958    7778      4408   
    +--+--------------------------+-------+---------+---------+
       Total:                     1958    7778      4408   
                                                           
    C:/ti/tirtos_tivac_2_16_01_14/products/TivaWare_C_Series-2.1.1.71b/driverlib/ccs/Debug/driverlib.lib
       gpio.obj                   476     0         0      
       sysctl.obj                 52      0         0      
    +--+--------------------------+-------+---------+---------+
       Total:                     528     0         0      
                                                           
    C:/ti/tirtos_tivac_2_16_01_14/products/tidrivers_tivac_2_16_01_13/packages/ti/drivers/lib/drivers_tivaware.aem4f
       GPIOTiva.oem4f             844     156       153    
    +--+--------------------------+-------+---------+---------+
       Total:                     844     156       153    
                                                           
    C:\Users\mario.donjuan\workspace_v7\dse_Hwi\src\sysbios\sysbios.aem4f
       BIOS.obj                   11928   0         0      
       m3_Hwi_asm.obj             314     0         0      
       m3_TaskSupport_asm.obj     180     0         0      
       m3_Hwi_asm_switch.obj      118     0         0      
    +--+--------------------------+-------+---------+---------+
       Total:                     12540   0         0      
                                                           
    C:\ti\ccsv7\tools\compiler\ti-cgt-arm_16.9.6.LTS\lib\rtsv7M4_T_le_v4SPD16_eabi.lib
       trgmsg.obj                 104     0         288    
       memcpy_t2.obj              156     0         0      
       memset_t2.obj              122     0         0      
       copy_decompress_lzss.obj   104     0         0      
       exit.obj                   84      0         12     
       hostwrite.obj              88      0         0      
       cpy_tbl.obj                76      0         0      
       u_divt2.obj                64      0         0      
       _lock.obj                  20      0         8      
       args_main.obj              24      0         0      
       strlen.obj                 20      0         0      
       copy_decompress_none.obj   14      0         0      
       copy_zero_init.obj         12      0         0      
       hostopen.obj               0       0         8      
       stkdepth_vars.obj          0       0         4      
       i_div0.obj                 2       0         0      
    +--+--------------------------+-------+---------+---------+
       Total:                     890     0         320    
                                                           
    C:\ti\tirtos_tivac_2_16_01_14\products\bios_6_45_02_31\packages\ti\catalog\arm\cortexm4\tiva\ce\lib\Boot.aem4f
       Boot_sysctl.oem4f          628     452       0      
       Boot.oem4f                 152     0         0      
    +--+--------------------------+-------+---------+---------+
       Total:                     780     452       0      
                                                           
    C:\ti\tirtos_tivac_2_16_01_14\products\bios_6_45_02_31\packages\ti\targets\arm\rtsarm\lib\auto_init.aem4f
       auto_init.oem4f            160     0         0      
    +--+--------------------------+-------+---------+---------+
       Total:                     160     0         0      
                                                           
    C:\ti\tirtos_tivac_2_16_01_14\products\bios_6_45_02_31\packages\ti\targets\arm\rtsarm\lib\boot.aem4f
       boot.oem4f                 88      0         0      
    +--+--------------------------+-------+---------+---------+
       Total:                     88      0         0      
                                                           
    C:\ti\tirtos_tivac_2_16_01_14\products\bios_6_45_02_31\packages\ti\targets\arm\rtsarm\lib\ti.targets.arm.rtsarm.aem4f
       System.oem4f               1255    0         0      
       Text.oem4f                 672     0         0      
       Error.oem4f                524     0         0      
       Core-mem.oem4f             358     0         0      
       Startup.oem4f              328     0         0      
       SysMin.oem4f               248     0         0      
       Core-smem.oem4f            204     0         0      
       Memory.oem4f               176     0         0      
       Assert.oem4f               84      0         0      
       Core-params.oem4f          70      0         0      
       Core-label.oem4f           52      0         0      
       Registry.oem4f             32      0         0      
       Gate.oem4f                 28      0         0      
    +--+--------------------------+-------+---------+---------+
       Total:                     4031    0         0      
                                                           
       Stack:                     0       0         768    
       Linker Generated:          0       530       0      
    +--+--------------------------+-------+---------+---------+
       Grand Total:               22275   8936      6269   


LINKER GENERATED COPY TABLES

__TI_cinit_table @ 00007a88 records: 3, size/record: 8, table size: 24
	.data: load addr=00007888, load size=000001de bytes, run addr=20001150, run size=0000042e bytes, compression=lzss
	.bss: load addr=00007a78, load size=00000008 bytes, run addr=20000360, run size=00000df0 bytes, compression=zero_init
	.vecs: load addr=00007a80, load size=00000008 bytes, run addr=20000000, run size=00000360 bytes, compression=zero_init


LINKER GENERATED HANDLER TABLE

__TI_handler_table @ 00007a68 records: 3, size/record: 4, table size: 12
	index: 0, handler: __TI_decompress_lzss
	index: 1, handler: __TI_decompress_none
	index: 2, handler: __TI_zero_init


GLOBAL SYMBOLS: SORTED ALPHABETICALLY BY Name 

address   name                                                                 
-------   ----                                                                 
00004049  C$$EXIT                                                              
000039bb  C$$IO$$                                                              
0000575f  EK_TM4C129EXL_initGPIO                                               
00002a4d  EK_TM4C129EXL_initGeneral                                            
00004d91  GPIODirModeSet                                                       
0000518b  GPIOIntClear                                                         
0000567f  GPIOIntEnable                                                        
00005641  GPIOIntStatus                                                        
00003ff1  GPIOIntTypeSet                                                       
000020ed  GPIOPadConfigSet                                                     
00005781  GPIOPinRead                                                          
00005787  GPIOPinWrite                                                         
00007664  GPIOTiva_config                                                      
00003a5d  GPIO_hwiIntFxn                                                       
00003405  GPIO_init                                                            
00004145  GPIO_setCallback                                                     
00001bdd  GPIO_setConfig                                                       
00004195  GPIO_toggle                                                          
000041e5  GPIO_write                                                           
00003f41  HOSTwrite                                                            
UNDEFED   SHT$$INIT_ARRAY$$Base                                                
UNDEFED   SHT$$INIT_ARRAY$$Limit                                               
00004951  SysCtlPeripheralEnable                                               
00000000  __ASM__                                                              
20000ec0  __CIOBUF_                                                            
00000064  __ISA__                                                              
00000077  __PLAT__                                                             
20001880  __STACK_END                                                          
00000300  __STACK_SIZE                                                         
00000098  __TARG__                                                             
00007a88  __TI_CINIT_Base                                                      
00007aa0  __TI_CINIT_Limit                                                     
00007a68  __TI_Handler_Table_Base                                              
00007a74  __TI_Handler_Table_Limit                                             
00002f29  __TI_auto_init                                                       
200014c8  __TI_cleanup_ptr                                                     
00003925  __TI_decompress_lzss                                                 
0000564f  __TI_decompress_none                                                 
200014cc  __TI_dtors_ptr                                                       
200014d0  __TI_enable_exit_profile_output                                      
ffffffff  __TI_pprof_out_hndl                                                  
ffffffff  __TI_prof_data_size                                                  
ffffffff  __TI_prof_data_start                                                 
000039bf  __TI_readmsg                                                         
00007888  __TI_static_base__                                                   
0000398d  __TI_writemsg                                                        
0000568b  __TI_zero_init                                                       
000000be  __TRDR__                                                             
0000323f  __aeabi_idiv0                                                        
000035a5  __aeabi_memclr                                                       
000035a5  __aeabi_memclr4                                                      
000035a5  __aeabi_memclr8                                                      
00003069  __aeabi_memcpy                                                       
00003069  __aeabi_memcpy4                                                      
00003069  __aeabi_memcpy8                                                      
000035a7  __aeabi_memset                                                       
000035a7  __aeabi_memset4                                                      
000035a7  __aeabi_memset8                                                      
00004731  __aeabi_uidiv                                                        
00004731  __aeabi_uidivmod                                                     
ffffffff  __binit__                                                            
ffffffff  __c_args__                                                           
20001580  __stack                                                              
0000535d  _args_main                                                           
00003ee9  _c_int00                                                             
200014ec  _lock                                                                
000054b7  _nop                                                                 
000054af  _register_lock                                                       
000054a9  _register_unlock                                                     
200014f0  _unlock                                                              
0000404d  abort                                                                
ffffffff  binit                                                                
00004379  copy_in                                                              
00004055  exit                                                                 
200014f4  gpioCallbackFunctions                                                
200014b8  gpioPinConfigs                                                       
00005493  heartBeatFxn                                                         
00002c75  main                                                                 
20001564  main_func_sp                                                         
00003069  memcpy                                                               
000035ad  memset                                                               
2000114c  myHwi                                                                
00005345  myIsr                                                                
000055e1  osi_TaskDisable                                                      
00005571  osi_start                                                            
20001140  parmbuf                                                              
000054bd  strlen                                                               
20000cc0  task0Stack                                                           
200010f0  task0Struct                                                          
000076c4  ti_catalog_arm_cortexm4_tiva_ce_Boot_A_mustNotUseEnhancedClockMode__C
000076c8  ti_catalog_arm_cortexm4_tiva_ce_Boot_Module__diagsEnabled__C         
000076cc  ti_catalog_arm_cortexm4_tiva_ce_Boot_Module__diagsIncluded__C        
000076d0  ti_catalog_arm_cortexm4_tiva_ce_Boot_Module__diagsMask__C            
0000704e  ti_catalog_arm_cortexm4_tiva_ce_Boot_Module__id__C                   
0000554d  ti_catalog_arm_cortexm4_tiva_ce_Boot_init__I                         
0000114d  ti_catalog_arm_cortexm4_tiva_ce_Boot_sysCtlClockFreqSetI__I          
00003241  ti_catalog_arm_cortexm4_tiva_ce_Boot_sysCtlClockFreqSet__E           
20001428  ti_sysbios_BIOS_Module__state__V                                     
000052a9  ti_sysbios_BIOS_RtsGateProxy_Handle__label__S                        
00004f15  ti_sysbios_BIOS_RtsGateProxy_Object__delete__S                       
000007bd  ti_sysbios_BIOS_RtsGateProxy_enter__E                                
0000154d  ti_sysbios_BIOS_RtsGateProxy_leave__E                                
000057d1  ti_sysbios_BIOS_RtsGateProxy_query__E                                
00004acd  ti_sysbios_BIOS_atExitFunc__I                                        
00004e85  ti_sysbios_BIOS_errorRaiseHook__I                                    
00005451  ti_sysbios_BIOS_exitFunc__I                                          
0000361f  ti_sysbios_BIOS_nullFunc__I                                          
00004ea9  ti_sysbios_BIOS_registerRTSLock__I                                   
00004ecd  ti_sysbios_BIOS_removeRTSLock__I                                     
0000500d  ti_sysbios_BIOS_rtsLock__I                                           
00005375  ti_sysbios_BIOS_rtsUnlock__I                                         
00005561  ti_sysbios_BIOS_setThreadType__E                                     
00004ef1  ti_sysbios_BIOS_startFunc__I                                         
00005571  ti_sysbios_BIOS_start__E                                             
200012e0  ti_sysbios_family_arm_lm4_Timer_Module_State_0_device__A             
2000144c  ti_sysbios_family_arm_lm4_Timer_Module_State_0_handles__A            
0000538d  ti_sysbios_family_arm_lm4_Timer_Module__startupDone__F               
0000538d  ti_sysbios_family_arm_lm4_Timer_Module__startupDone__S               
200014d4  ti_sysbios_family_arm_lm4_Timer_Module__state__V                     
00003ac1  ti_sysbios_family_arm_lm4_Timer_Module_startup__E                    
20001320  ti_sysbios_family_arm_lm4_Timer_Object__table__V                     
000076d4  ti_sysbios_family_arm_lm4_Timer_enableFunc__C                        
00002dd9  ti_sysbios_family_arm_lm4_Timer_enableTimers__I                      
00002d29  ti_sysbios_family_arm_lm4_Timer_enableTiva__I                        
00005699  ti_sysbios_family_arm_lm4_Timer_getMaxTicks__E                       
00003c51  ti_sysbios_family_arm_lm4_Timer_isrStub__E                           
00005767  ti_sysbios_family_arm_lm4_Timer_masterDisable__I                     
00001a75  ti_sysbios_family_arm_lm4_Timer_masterEnable__I                      
000076d8  ti_sysbios_family_arm_lm4_Timer_numTimerDevices__C                   
00001fb9  ti_sysbios_family_arm_lm4_Timer_start__E                             
000076dc  ti_sysbios_family_arm_lm4_Timer_startupNeeded__C                     
00004771  ti_sysbios_family_arm_lm4_Timer_startup__E                           
00004b01  ti_sysbios_family_arm_lm4_Timer_stop__E                              
00004fa9  ti_sysbios_family_arm_lm4_Timer_write__I                             
000076e0  ti_sysbios_family_arm_m3_Hwi_E_NMI__C                                
000076e4  ti_sysbios_family_arm_m3_Hwi_E_alreadyDefined__C                     
000076e8  ti_sysbios_family_arm_m3_Hwi_E_busFault__C                           
000076ec  ti_sysbios_family_arm_m3_Hwi_E_debugMon__C                           
000076f0  ti_sysbios_family_arm_m3_Hwi_E_hardFault__C                          
000076f4  ti_sysbios_family_arm_m3_Hwi_E_memFault__C                           
000076f8  ti_sysbios_family_arm_m3_Hwi_E_noIsr__C                              
000076fc  ti_sysbios_family_arm_m3_Hwi_E_reserved__C                           
00007700  ti_sysbios_family_arm_m3_Hwi_E_svCall__C                             
00007704  ti_sysbios_family_arm_m3_Hwi_E_usageFault__C                         
00005275  ti_sysbios_family_arm_m3_Hwi_Handle__label__S                        
00004989  ti_sysbios_family_arm_m3_Hwi_Instance_finalize__E                    
000032d9  ti_sysbios_family_arm_m3_Hwi_Instance_init__E                        
20001562  ti_sysbios_family_arm_m3_Hwi_Module_State_0_excActive__A             
20001568  ti_sysbios_family_arm_m3_Hwi_Module_State_0_excContext__A            
2000156c  ti_sysbios_family_arm_m3_Hwi_Module_State_0_excStack__A              
00007868  ti_sysbios_family_arm_m3_Hwi_Module__id__C                           
200014fc  ti_sysbios_family_arm_m3_Hwi_Module__root__V                         
000053a5  ti_sysbios_family_arm_m3_Hwi_Module__startupDone__F                  
000053a5  ti_sysbios_family_arm_m3_Hwi_Module__startupDone__S                  
20001398  ti_sysbios_family_arm_m3_Hwi_Module__state__V                        
00004289  ti_sysbios_family_arm_m3_Hwi_Module_startup__E                       
00007708  ti_sysbios_family_arm_m3_Hwi_NUM_INTERRUPTS__C                       
000074fc  ti_sysbios_family_arm_m3_Hwi_Object__DESC__C                         
000073e8  ti_sysbios_family_arm_m3_Hwi_Object__PARAMS__C                       
0000770c  ti_sysbios_family_arm_m3_Hwi_Object__count__C                        
00003771  ti_sysbios_family_arm_m3_Hwi_Object__create__S                       
0000502d  ti_sysbios_family_arm_m3_Hwi_Object__delete__S                       
000054d1  ti_sysbios_family_arm_m3_Hwi_Object__get__S                          
20001488  ti_sysbios_family_arm_m3_Hwi_Object__table__V                        
000056a5  ti_sysbios_family_arm_m3_Hwi_Params__init__S                         
00007710  ti_sysbios_family_arm_m3_Hwi_ccr__C                                  
00003b25  ti_sysbios_family_arm_m3_Hwi_create                                  
000056b1  ti_sysbios_family_arm_m3_Hwi_disableFxn__E                           
000044b9  ti_sysbios_family_arm_m3_Hwi_disableInterrupt__E                     
00003b89  ti_sysbios_family_arm_m3_Hwi_dispatchC__I                            
20000760  ti_sysbios_family_arm_m3_Hwi_dispatchTable                           
00002625  ti_sysbios_family_arm_m3_Hwi_dispatch__I                             
00005771  ti_sysbios_family_arm_m3_Hwi_doSwiRestore__I                         
[...]
00005741  ti_sysbios_hal_Hwi_Instance_finalize__E                              
0000574b  xdc_runtime_Memory_HeapProxy_alloc__E                                
00005755  xdc_runtime_Memory_HeapProxy_free__E                                 
0000575f  EK_TM4C129EXL_initGPIO                                               
00005767  ti_sysbios_family_arm_lm4_Timer_masterDisable__I                     
00005771  ti_sysbios_family_arm_m3_Hwi_doSwiRestore__I                         
00005779  ti_sysbios_family_arm_m3_Hwi_startup__E                              
00005779  ti_sysbios_hal_Hwi_HwiProxy_startup__E                               
00005779  ti_sysbios_hal_Hwi_startup__E                                        
00005781  GPIOPinRead                                                          
00005787  GPIOPinWrite                                                         
00005791  ti_sysbios_family_arm_m3_Hwi_doTaskRestore__I                        
00005799  ti_sysbios_family_arm_m3_Hwi_restoreFxn__E                           
00005799  ti_sysbios_hal_Hwi_HwiProxy_restore__E                               
000057a1  ti_sysbios_gates_GateHwi_leave__E                                    
000057a9  ti_sysbios_heaps_HeapMem_isBlocking__E                               
000057b1  ti_sysbios_knl_Queue_Instance_init__E                                
000057b9  ti_sysbios_knl_Swi_startup__E                                        
000057bf  xdc_runtime_System_Module_startup__E                                 
000057c9  ti_sysbios_gates_GateHwi_query__E                                    
000057c9  xdc_runtime_Main_Module_GateProxy_query__E                           
000057c9  xdc_runtime_System_Module_GateProxy_query__E                         
000057d1  ti_sysbios_BIOS_RtsGateProxy_query__E                                
000057d1  ti_sysbios_gates_GateMutex_query__E                                  
000057d1  ti_sysbios_heaps_HeapMem_Module_GateProxy_query__E                   
000057d9  ti_sysbios_knl_Task_startup__E                                       
000057e1  ti_sysbios_gates_GateHwi_Instance_init__E                            
000057e9  ti_sysbios_knl_Clock_logTick__E                                      
000057ec  xdc_runtime_Text_charTab__A                                          
0000704d  xdc_runtime_Error_policy__C                                          
0000704e  ti_catalog_arm_cortexm4_tiva_ce_Boot_Module__id__C                   
00007170  xdc_runtime_Text_nodeTab__A                                          
0000737c  ti_sysbios_knl_Task_Object__PARAMS__C                                
000073e8  ti_sysbios_family_arm_m3_Hwi_Object__PARAMS__C                       
00007418  ti_sysbios_hal_Hwi_Object__PARAMS__C                                 
00007444  ti_sysbios_heaps_HeapMem_Module__FXNS__C                             
0000746c  ti_sysbios_gates_GateHwi_Module__FXNS__C                             
00007490  ti_sysbios_gates_GateMutex_Module__FXNS__C                           
000074b4  ti_sysbios_heaps_HeapMem_Object__PARAMS__C                           
000074d8  ti_sysbios_knl_Semaphore_Object__PARAMS__C                           
000074fc  ti_sysbios_family_arm_m3_Hwi_Object__DESC__C                         
0000751c  ti_sysbios_gates_GateHwi_Object__DESC__C                             
0000753c  ti_sysbios_gates_GateMutex_Object__DESC__C                           
0000755c  ti_sysbios_hal_Hwi_Object__DESC__C                                   
0000757c  ti_sysbios_heaps_HeapMem_Object__DESC__C                             
0000759c  ti_sysbios_knl_Queue_Object__DESC__C                                 
000075bc  ti_sysbios_knl_Semaphore_Object__DESC__C                             
000075dc  ti_sysbios_knl_Task_Object__DESC__C                                  
000075fc  xdc_runtime_Startup_sfxnTab__A                                       
0000761c  ti_sysbios_gates_GateHwi_Object__PARAMS__C                           
00007634  ti_sysbios_gates_GateMutex_Object__PARAMS__C                         
0000764c  ti_sysbios_knl_Queue_Object__PARAMS__C                               
00007664  GPIOTiva_config                                                      
00007678  xdc_runtime_Startup_firstFxns__A                                     
0000768c  xdc_runtime_Startup_sfxnRts__A                                       
000076a4  ti_sysbios_family_arm_m3_Hwi_excHookFuncs__A                         
000076ac  ti_sysbios_knl_Idle_funcList__C                                      
000076b4  xdc_runtime_Startup_firstFxns__C                                     
000076bc  xdc_runtime_Startup_lastFxns__C                                      
000076c4  ti_catalog_arm_cortexm4_tiva_ce_Boot_A_mustNotUseEnhancedClockMode__C
000076c8  ti_catalog_arm_cortexm4_tiva_ce_Boot_Module__diagsEnabled__C         
000076cc  ti_catalog_arm_cortexm4_tiva_ce_Boot_Module__diagsIncluded__C        
000076d0  ti_catalog_arm_cortexm4_tiva_ce_Boot_Module__diagsMask__C            
000076d4  ti_sysbios_family_arm_lm4_Timer_enableFunc__C                        
000076d8  ti_sysbios_family_arm_lm4_Timer_numTimerDevices__C                   
000076dc  ti_sysbios_family_arm_lm4_Timer_startupNeeded__C                     
000076e0  ti_sysbios_family_arm_m3_Hwi_E_NMI__C                                
000076e4  ti_sysbios_family_arm_m3_Hwi_E_alreadyDefined__C                     
000076e8  ti_sysbios_family_arm_m3_Hwi_E_busFault__C                           
000076ec  ti_sysbios_family_arm_m3_Hwi_E_debugMon__C                           
000076f0  ti_sysbios_family_arm_m3_Hwi_E_hardFault__C                          
000076f4  ti_sysbios_family_arm_m3_Hwi_E_memFault__C                           
000076f8  ti_sysbios_family_arm_m3_Hwi_E_noIsr__C                              
000076fc  ti_sysbios_family_arm_m3_Hwi_E_reserved__C                           
00007700  ti_sysbios_family_arm_m3_Hwi_E_svCall__C                             
00007704  ti_sysbios_family_arm_m3_Hwi_E_usageFault__C                         
00007708  ti_sysbios_family_arm_m3_Hwi_NUM_INTERRUPTS__C                       
0000770c  ti_sysbios_family_arm_m3_Hwi_Object__count__C                        
00007710  ti_sysbios_family_arm_m3_Hwi_ccr__C                                  
00007714  ti_sysbios_family_arm_m3_Hwi_excHandlerFunc__C                       
00007718  ti_sysbios_family_arm_m3_Hwi_excHookFuncs__C                         
0000771c  ti_sysbios_family_arm_m3_Hwi_nullIsrFunc__C                          
00007720  ti_sysbios_family_arm_m3_Hwi_priGroup__C                             
00007724  ti_sysbios_family_arm_m3_TaskSupport_stackAlignment__C               
00007728  ti_sysbios_gates_GateMutex_A_badContext__C                           
0000772c  ti_sysbios_gates_GateMutex_Instance_State_sem__O                     
00007730  ti_sysbios_gates_GateMutex_Module__diagsEnabled__C                   
00007734  ti_sysbios_gates_GateMutex_Module__diagsIncluded__C                  
00007738  ti_sysbios_gates_GateMutex_Module__diagsMask__C                      
0000773c  ti_sysbios_hal_Hwi_E_stackOverflow__C                                
00007740  ti_sysbios_heaps_HeapMem_A_align__C                                  
00007744  ti_sysbios_heaps_HeapMem_A_heapSize__C                               
00007748  ti_sysbios_heaps_HeapMem_A_invalidFree__C                            
0000774c  ti_sysbios_heaps_HeapMem_A_zeroBlock__C                              
00007750  ti_sysbios_heaps_HeapMem_E_memory__C                                 
00007754  ti_sysbios_heaps_HeapMem_Module__diagsEnabled__C                     
00007758  ti_sysbios_heaps_HeapMem_Module__diagsIncluded__C                    
0000775c  ti_sysbios_heaps_HeapMem_Module__diagsMask__C                        
00007760  ti_sysbios_heaps_HeapMem_Module__gateObj__C                          
00007764  ti_sysbios_heaps_HeapMem_Object__count__C                            
00007768  ti_sysbios_heaps_HeapMem_reqAlign__C                                 
0000776c  ti_sysbios_knl_Clock_Module_State_clockQ__O                          
00007770  ti_sysbios_knl_Idle_funcList__A                                      
00007774  ti_sysbios_knl_Semaphore_A_badContext__C                             
00007778  ti_sysbios_knl_Semaphore_A_noEvents__C                               
0000777c  ti_sysbios_knl_Semaphore_A_overflow__C                               
00007780  ti_sysbios_knl_Semaphore_A_pendTaskDisabled__C                       
00007784  ti_sysbios_knl_Semaphore_Instance_State_pendQ__O                     
00007788  ti_sysbios_knl_Semaphore_Module__diagsEnabled__C                     
0000778c  ti_sysbios_knl_Semaphore_Module__diagsIncluded__C                    
00007790  ti_sysbios_knl_Semaphore_Module__diagsMask__C                        
00007794  ti_sysbios_knl_Swi_Object__count__C                                  
00007798  ti_sysbios_knl_Task_A_badPriority__C                                 
0000779c  ti_sysbios_knl_Task_A_badTaskState__C                                
000077a0  ti_sysbios_knl_Task_A_badThreadType__C                               
000077a4  ti_sysbios_knl_Task_A_badTimeout__C                                  
000077a8  ti_sysbios_knl_Task_A_noPendElem__C                                  
000077ac  ti_sysbios_knl_Task_A_sleepTaskDisabled__C                           
000077b0  ti_sysbios_knl_Task_E_spOutOfBounds__C                               
000077b4  ti_sysbios_knl_Task_E_stackOverflow__C                               
000077b8  ti_sysbios_knl_Task_Module_State_inactiveQ__O                        
000077bc  ti_sysbios_knl_Task_Module__diagsEnabled__C                          
000077c0  ti_sysbios_knl_Task_Module__diagsIncluded__C                         
000077c4  ti_sysbios_knl_Task_Module__diagsMask__C                             
000077c8  ti_sysbios_knl_Task_Object__count__C                                 
000077cc  ti_sysbios_knl_Task_allBlockedFunc__C                                
000077d0  ti_sysbios_knl_Task_defaultStackHeap__C                              
000077d4  ti_sysbios_knl_Task_defaultStackSize__C                              
000077d8  ti_sysbios_knl_Task_numConstructedTasks__C                           
000077dc  xdc_runtime_Assert_E_assertFailed__C                                 
000077e0  xdc_runtime_Core_A_initializedParams__C                              
000077e4  xdc_runtime_Core_Module__diagsEnabled__C                             
000077e8  xdc_runtime_Core_Module__diagsIncluded__C                            
000077ec  xdc_runtime_Core_Module__diagsMask__C                                
000077f0  xdc_runtime_Error_E_memory__C                                        
000077f4  xdc_runtime_Error_Module__diagsEnabled__C                            
000077f8  xdc_runtime_Error_Module__diagsIncluded__C                           
000077fc  xdc_runtime_Error_Module__diagsMask__C                               
00007800  xdc_runtime_Error_Module__loggerFxn8__C                              
00007804  xdc_runtime_Error_Module__loggerObj__C                               
00007808  xdc_runtime_Error_policyFxn__C                                       
0000780c  xdc_runtime_Error_raiseHook__C                                       
00007810  xdc_runtime_IGateProvider_Interface__BASE__C                         
00007814  xdc_runtime_IHeap_Interface__BASE__C                                 
00007818  xdc_runtime_IModule_Interface__BASE__C                               
0000781c  xdc_runtime_Log_L_error__C                                           
00007820  xdc_runtime_Memory_defaultHeapInstance__C                            
00007824  xdc_runtime_Startup_execImpl__C                                      
00007828  xdc_runtime_Startup_maxPasses__C                                     
0000782c  xdc_runtime_Startup_sfxnRts__C                                       
00007830  xdc_runtime_Startup_sfxnTab__C                                       
00007834  xdc_runtime_SysMin_bufSize__C                                        
00007838  xdc_runtime_SysMin_outputFunc__C                                     
0000783c  xdc_runtime_System_Module__gateObj__C                                
00007840  xdc_runtime_System_abortFxn__C                                       
00007844  xdc_runtime_System_exitFxn__C                                        
00007848  xdc_runtime_System_extendFxn__C                                      
0000784c  xdc_runtime_System_maxAtexitHandlers__C                              
00007850  xdc_runtime_Text_charTab__C                                          
00007854  xdc_runtime_Text_nameEmpty__C                                        
00007858  xdc_runtime_Text_nameStatic__C                                       
0000785c  xdc_runtime_Text_nameUnknown__C                                      
00007860  xdc_runtime_Text_nodeTab__C                                          
00007864  xdc_runtime_Text_visitRopeFxn__C                                     
00007868  ti_sysbios_family_arm_m3_Hwi_Module__id__C                           
0000786a  ti_sysbios_gates_GateMutex_Module__id__C                             
0000786c  ti_sysbios_hal_Hwi_Module__id__C                                     
0000786e  ti_sysbios_heaps_HeapMem_Module__id__C                               
00007870  ti_sysbios_knl_Semaphore_Module__id__C                               
00007872  ti_sysbios_knl_Task_Module__id__C                                    
00007874  xdc_runtime_Core_Module__id__C                                       
00007876  xdc_runtime_Error_Module__loggerDefined__C                           
00007878  xdc_runtime_Error_maxDepth__C                                        
0000787a  xdc_runtime_Memory_Module__id__C                                     
0000787c  xdc_runtime_SysMin_flushAtExit__C                                    
0000787e  xdc_runtime_Text_charCnt__C                                          
00007880  xdc_runtime_Text_isLoaded__C                                         
00007882  xdc_runtime_Text_registryModsLastId__C                               
00007884  xdc_runtime_Text_unnamedModsLastId__C                                
00007888  __TI_static_base__                                                   
00007a68  __TI_Handler_Table_Base                                              
00007a74  __TI_Handler_Table_Limit                                             
00007a88  __TI_CINIT_Base                                                      
00007aa0  __TI_CINIT_Limit                                                     
20000000  ti_sysbios_family_arm_m3_Hwi_ramVectors                              
20000360  ti_sysbios_heaps_HeapMem_Instance_State_0_buf__A                     
20000760  ti_sysbios_family_arm_m3_Hwi_dispatchTable                           
20000ac0  ti_sysbios_knl_Task_Instance_State_0_stack__A                        
20000cc0  task0Stack                                                           
20000ec0  __CIOBUF_                                                            
20001070  xdc_runtime_SysMin_Module_State_0_outbuf__A                          
200010f0  task0Struct                                                          
20001140  parmbuf                                                              
2000114c  myHwi                                                                
20001150  ti_sysbios_knl_Swi_Module_State_0_readyQ__A                          
200011d0  ti_sysbios_knl_Task_Module_State_0_readyQ__A                         
20001250  ti_sysbios_knl_Task_Object__table__V                                 
2000129c  ti_sysbios_knl_Task_Module__state__V                                 
200012e0  ti_sysbios_family_arm_lm4_Timer_Module_State_0_device__A             
20001320  ti_sysbios_family_arm_lm4_Timer_Object__table__V                     
20001360  ti_sysbios_gates_GateMutex_Object__table__V                          
20001398  ti_sysbios_family_arm_m3_Hwi_Module__state__V                        
200013cc  ti_sysbios_knl_Swi_Object__table__V                                  
200013fc  ti_sysbios_knl_Clock_Module__state__V                                
20001428  ti_sysbios_BIOS_Module__state__V                                     
2000144c  ti_sysbios_family_arm_lm4_Timer_Module_State_0_handles__A            
2000146c  ti_sysbios_knl_Swi_Module__state__V                                  
20001488  ti_sysbios_family_arm_m3_Hwi_Object__table__V                        
200014a0  ti_sysbios_heaps_HeapMem_Object__table__V                            
200014b8  gpioPinConfigs                                                       
200014c8  __TI_cleanup_ptr                                                     
200014cc  __TI_dtors_ptr                                                       
200014d0  __TI_enable_exit_profile_output                                      
200014d4  ti_sysbios_family_arm_lm4_Timer_Module__state__V                     
200014e0  xdc_runtime_SysMin_Module__state__V                                  
200014ec  _lock                                                                
200014f0  _unlock                                                              
200014f4  gpioCallbackFunctions                                                
200014fc  ti_sysbios_family_arm_m3_Hwi_Module__root__V                         
20001504  ti_sysbios_gates_GateHwi_Module__root__V                             
2000150c  ti_sysbios_gates_GateMutex_Module__root__V                           
20001514  ti_sysbios_hal_Hwi_Module__root__V                                   
2000151c  ti_sysbios_heaps_HeapMem_Module__root__V                             
20001524  ti_sysbios_knl_Queue_Module__root__V                                 
2000152c  ti_sysbios_knl_Semaphore_Module__root__V                             
20001534  ti_sysbios_knl_Task_Module__root__V                                  
2000153c  xdc_runtime_Registry_Module__state__V                                
20001544  xdc_runtime_Startup_Module__state__V                                 
2000154c  xdc_runtime_System_Module_State_0_atexitHandlers__A                  
20001554  xdc_runtime_System_Module__state__V                                  
20001562  ti_sysbios_family_arm_m3_Hwi_Module_State_0_excActive__A             
20001564  main_func_sp                                                         
20001568  ti_sysbios_family_arm_m3_Hwi_Module_State_0_excContext__A            
2000156c  ti_sysbios_family_arm_m3_Hwi_Module_State_0_excStack__A              
20001570  ti_sysbios_gates_GateHwi_Object__table__V                            
20001574  ti_sysbios_knl_Task_Module_State_0_idleTask__A                       
20001578  xdc_runtime_Memory_Module__state__V                                  
2000157c  xdc_runtime_Error_Module__state__V                                   
20001580  __stack                                                              
20001880  __STACK_END                                                          
e000e000  ti_sysbios_family_arm_m3_Hwi_nvic                                    
ffffffff  __TI_pprof_out_hndl                                                  
ffffffff  __TI_prof_data_size                                                  
ffffffff  __TI_prof_data_start                                                 
ffffffff  __binit__                                                            
ffffffff  __c_args__                                                           
ffffffff  binit                                                                
UNDEFED   SHT$$INIT_ARRAY$$Base                                                
UNDEFED   SHT$$INIT_ARRAY$$Limit                                               

[559 symbols]
