******************************************************************************
                  TI ARM Linker PC v16.9.6                     
******************************************************************************
>> Linked Thu Jun 16 10:39:24 2022

OUTPUT FILE NAME:   <dse_Swi.out>
ENTRY POINT SYMBOL: "_c_int00"  address: 00004089


MEMORY CONFIGURATION

         name            origin    length      used     unused   attr    fill
----------------------  --------  ---------  --------  --------  ----  --------
  FLASH                 00000000   00100000  00007d5d  000f82a3  R  X
  SRAM                  20000000   00040000  00002862  0003d79e  RW X


SEGMENT ALLOCATION MAP

run origin  load origin   length   init length attrs members
----------  ----------- ---------- ----------- ----- -------
00000000    00000000    00007d68   00007d68    r-x
  00000000    00000000    0000003c   0000003c    r-- .resetVecs
  00000040    00000040    00005a4a   00005a4a    r-x .text
  00005a8c    00005a8c    000020b7   000020b7    r-- .const
  00007b48    00007b48    00000220   00000220    r-- .cinit
20000000    20000000    00002864   00000000    rw-
  20000000    20000000    00000360   00000000    rw- .vecs
  20000360    20000360    00001da4   00000000    rw- .bss
  20002104    20002104    0000045e   00000000    rw- .data
  20002564    20002564    00000300   00000000    rw- .stack


SECTION ALLOCATION MAP

 output                                  attributes/
section   page    origin      length       input sections
--------  ----  ----------  ----------   ----------------
.text      0    00000040    00005a4a     
                  00000040    00000430     sysbios.aem4f : BIOS.obj (.text:ti_sysbios_family_arm_m3_Hwi_excDumpRegs__I)
                  00000470    0000034c     ti.targets.arm.rtsarm.aem4f : System.oem4f (.text:xdc_runtime_System_doPrint__I)
                  000007bc    00000004     dse_Swi_pem4f.oem4f (.text:ti_sysbios_BIOS_RtsGateProxy_enter__E)
                  000007c0    000002c8     sysbios.aem4f : BIOS.obj (.text:ti_sysbios_knl_Semaphore_pend__E)
                  00000a88    00000258                   : BIOS.obj (.text:ti_sysbios_heaps_HeapMem_free__E)
                  00000ce0    00000248                   : BIOS.obj (.text:ti_sysbios_heaps_HeapMem_alloc__E)
                  00000f28    00000224                   : BIOS.obj (.text:ti_sysbios_knl_Task_Instance_finalize__E)
                  0000114c    00000204     Boot.aem4f : Boot_sysctl.oem4f (.text:ti_catalog_arm_cortexm4_tiva_ce_Boot_sysCtlClockFreqSetI__I)
                  00001350    000001fc     sysbios.aem4f : BIOS.obj (.text:ti_sysbios_family_arm_m3_Hwi_excHandlerMax__I)
                  0000154c    00000004     dse_Swi_pem4f.oem4f (.text:ti_sysbios_BIOS_RtsGateProxy_leave__E)
                  00001550    000001f0     sysbios.aem4f : BIOS.obj (.text:ti_sysbios_knl_Task_sleep__E)
                  00001740    000001c4     dse_Swi.obj (.text:heartBeatFxn)
                  00001904    00000004     sysbios.aem4f : BIOS.obj (.text:ti_sysbios_family_arm_lm4_Timer_masterEnable__I)
                  00001908    000001c0                   : BIOS.obj (.text:ti_sysbios_knl_Task_Instance_init__E)
                  00001ac8    00000174                   : BIOS.obj (.text:ti_sysbios_family_arm_m3_Hwi_excBusFault__I)
                  00001c3c    00000004     dse_Swi_pem4f.oem4f (.text:ti_sysbios_family_arm_m3_TaskSupport_Module__startupDone__S)
                  00001c40    00000164     sysbios.aem4f : BIOS.obj (.text:ti_sysbios_family_arm_m3_Hwi_excUsageFault__I)
                  00001da4    00000150     drivers_tivaware.aem4f : GPIOTiva.oem4f (.text:GPIO_setConfig)
                  00001ef4    00000004     dse_Swi_pem4f.oem4f (.text:ti_sysbios_heaps_HeapMem_Module_GateProxy_enter__E)
                  00001ef8    00000148     sysbios.aem4f : BIOS.obj (.text:ti_sysbios_family_arm_m3_Hwi_excMemFault__I)
                  00002040    0000013c                   : BIOS.obj (.text:ti_sysbios_heaps_HeapMem_Instance_init__E)
                  0000217c    00000004     dse_Swi_pem4f.oem4f (.text:ti_sysbios_heaps_HeapMem_Module_GateProxy_leave__E)
                  00002180    00000134     sysbios.aem4f : BIOS.obj (.text:ti_sysbios_family_arm_lm4_Timer_start__E)
                  000022b4    00000130     driverlib.lib : gpio.obj (.text:GPIOPadConfigSet)
                  000023e4    00000118     ti.targets.arm.rtsarm.aem4f : Error.oem4f (.text:xdc_runtime_Error_policyDefault__E)
                  000024fc    00000100                                 : Core-mem.oem4f (.text:xdc_runtime_Core_createObject__I)
                  000025fc    000000f8                                 : Startup.oem4f (.text:xdc_runtime_Startup_startMods__I)
                  000026f4    000000f8     dse_Swi_pem4f.oem4f (.text:xdc_runtime_System_printfExtend__I)
                  000027ec    000000f4     sysbios.aem4f : m3_Hwi_asm.obj (.text:ti_sysbios_family_arm_m3_Hwi_dispatch__I)
                  000028e0    000000ec                   : BIOS.obj (.text:ti_sysbios_knl_Semaphore_post__E)
                  000029cc    00000004     dse_Swi_pem4f.oem4f (.text:ti_sysbios_knl_Clock_TimerProxy_getMaxTicks__E)
                  000029d0    000000d4     sysbios.aem4f : BIOS.obj (.text:ti_sysbios_knl_Swi_Instance_init__E)
                  00002aa4    000000cc     ti.targets.arm.rtsarm.aem4f : Core-smem.oem4f (.text:xdc_runtime_Core_constructObject__I)
                  00002b70    000000bc     sysbios.aem4f : BIOS.obj (.text:ti_sysbios_family_arm_m3_Hwi_excDebugMon__I)
                  00002c2c    00000004     dse_Swi_pem4f.oem4f (.text:ti_sysbios_knl_Queue_destruct)
                  00002c30    000000bc     sysbios.aem4f : BIOS.obj (.text:ti_sysbios_family_arm_m3_Hwi_excHardFault__I)
                  00002cec    000000b8     EK_TM4C129EXL.obj (.text:EK_TM4C129EXL_initGeneral)
                  00002da4    00000004     dse_Swi_pem4f.oem4f (.text:ti_sysbios_knl_Semaphore_destruct)
                  00002da8    000000b4     sysbios.aem4f : BIOS.obj (.text:ti_sysbios_gates_GateMutex_enter__E)
                  00002e5c    00000004     ti.targets.arm.rtsarm.aem4f : Error.oem4f (.text:xdc_runtime_Error_getSite__E)
                  00002e60    000000b4     sysbios.aem4f : BIOS.obj (.text:ti_sysbios_knl_Task_checkStacks__E)
                  00002f14    00000004     dse_Swi_pem4f.oem4f (.text:xdc_runtime_System_Module_GateProxy_enter__E)
                  00002f18    000000ac     sysbios.aem4f : BIOS.obj (.text:ti_sysbios_family_arm_lm4_Timer_enableTiva__I)
                  00002fc4    00000004     dse_Swi_pem4f.oem4f (.text:xdc_runtime_System_Module_GateProxy_leave__E)
                  00002fc8    000000a8     sysbios.aem4f : BIOS.obj (.text:ti_sysbios_family_arm_lm4_Timer_enableTimers__I)
                  00003070    000000a8                   : BIOS.obj (.text:ti_sysbios_knl_Task_postInit__I)
                  00003118    000000a0     auto_init.aem4f : auto_init.oem4f (.text)
                  000031b8    000000a0     ti.targets.arm.rtsarm.aem4f : Text.oem4f (.text:xdc_runtime_Text_putMod__E)
                  00003258    0000009c     rtsv7M4_T_le_v4SPD16_eabi.lib : memcpy_t2.obj (.text)
                  000032f4    00000004     ti.targets.arm.rtsarm.aem4f : System.oem4f (.text:xdc_runtime_System_aprintf_va__F)
                  000032f8    0000009c     sysbios.aem4f : BIOS.obj (.text:ti_sysbios_knl_Semaphore_Instance_init__E)
                  00003394    0000009a     ti.targets.arm.rtsarm.aem4f : Text.oem4f (.text:xdc_runtime_Text_putSite__E)
                  0000342e    00000002     rtsv7M4_T_le_v4SPD16_eabi.lib : i_div0.obj (.text)
                  00003430    00000098     Boot.aem4f : Boot.oem4f (.text:ti_catalog_arm_cortexm4_tiva_ce_Boot_sysCtlClockFreqSet__E)
                  000034c8    00000094     sysbios.aem4f : BIOS.obj (.text:ti_sysbios_family_arm_m3_Hwi_Instance_init__E)
                  0000355c    00000004     ti.targets.arm.rtsarm.aem4f : System.oem4f (.text:xdc_runtime_System_printf_va__F)
                  00003560    00000094     sysbios.aem4f : BIOS.obj (.text:ti_sysbios_family_arm_m3_Hwi_initNVIC__E)
                  000035f4    0000008c     drivers_tivaware.aem4f : GPIOTiva.oem4f (.text:GPIO_init)
                  00003680    0000008c     sysbios.aem4f : m3_TaskSupport_asm.obj (.text:ti_sysbios_family_arm_m3_TaskSupport_buildTaskStack)
                  0000370c    00000002     dse_Swi_pem4f.oem4f (.text:ti_sysbios_BIOS_nullFunc__I)
                  0000370e    00000002     dse_Swi_pem4f.oem4f (.text:xdc_runtime_Startup_reset__I)
                  00003710    00000084     sysbios.aem4f : BIOS.obj (.text:ti_sysbios_family_arm_m3_Hwi_postInit__I)
                  00003794    0000007c     dse_Swi.obj (.text:main)
                  00003810    0000007a     rtsv7M4_T_le_v4SPD16_eabi.lib : memset_t2.obj (.text)
                  0000388a    00000006     driverlib.lib : gpio.obj (.text:GPIOIntClear)
                  00003890    00000070     sysbios.aem4f : BIOS.obj (.text:ti_sysbios_knl_Clock_workFunc__E)
                  00003900    00000070                   : BIOS.obj (.text:ti_sysbios_knl_Task_exit__E)
                  00003970    0000006d     ti.targets.arm.rtsarm.aem4f : System.oem4f (.text:xdc_runtime_System_formatNum__I)
                  000039dd    00000003     --HOLE-- [fill = 0]
                  000039e0    0000006c     sysbios.aem4f : BIOS.obj (.text:ti_sysbios_knl_Swi_restoreHwi__E)
                  00003a4c    0000006c     ti.targets.arm.rtsarm.aem4f : Error.oem4f (.text:xdc_runtime_Error_print__E)
                  00003ab8    0000006c                                 : Memory.oem4f (.text:xdc_runtime_Memory_alloc__E)
                  00003b24    00000068     rtsv7M4_T_le_v4SPD16_eabi.lib : copy_decompress_lzss.obj (.text:decompress:lzss)
                  00003b8c    00000068                                   : trgmsg.obj (.text)
                  00003bf4    00000066     ti.targets.arm.rtsarm.aem4f : Core-mem.oem4f (.text:xdc_runtime_Core_deleteObject__I)
                  00003c5a    00000002     --HOLE-- [fill = 0]
                  00003c5c    00000064     drivers_tivaware.aem4f : GPIOTiva.oem4f (.text:GPIO_hwiIntFxn)
                  00003cc0    00000064     sysbios.aem4f : BIOS.obj (.text:ti_sysbios_family_arm_lm4_Timer_Module_startup__E)
                  00003d24    00000064     dse_Swi_pem4f.oem4f (.text:ti_sysbios_family_arm_m3_Hwi_create)
                  00003d88    00000064     sysbios.aem4f : BIOS.obj (.text:ti_sysbios_family_arm_m3_Hwi_dispatchC__I)
                  00003dec    00000004     --HOLE-- [fill = 0]
                  00003df0    00000060                   : BIOS.obj (.text:ti_sysbios_family_arm_lm4_Timer_isrStub__E)
                  00003e50    00000060                   : BIOS.obj (.text:ti_sysbios_knl_Task_schedule__I)
                  00003eb0    0000005c                   : BIOS.obj (.text:ti_sysbios_knl_Swi_run__I)
                  00003f0c    00000004     --HOLE-- [fill = 0]
                  00003f10    0000005c                   : BIOS.obj (.text:ti_sysbios_knl_Swi_schedule__I)
                  00003f6c    00000004     --HOLE-- [fill = 0]
                  00003f70    0000005c                   : BIOS.obj (.text:ti_sysbios_knl_Task_Module_startup__E)
                  00003fcc    00000004     --HOLE-- [fill = 0]
                  00003fd0    0000005c                   : BIOS.obj (.text:ti_sysbios_knl_Task_startCore__E)
                  0000402c    0000005b     ti.targets.arm.rtsarm.aem4f : Text.oem4f (.text:xdc_runtime_Text_putLab__E)
                  00004087    00000001     --HOLE-- [fill = 0]
                  00004088    00000058     boot.aem4f : boot.oem4f (.text)
                  000040e0    00000058     rtsv7M4_T_le_v4SPD16_eabi.lib : hostwrite.obj (.text)
                  00004138    00000058     sysbios.aem4f : m3_Hwi_asm_switch.obj (.text:ti_sysbios_family_arm_m3_Hwi_initStacks__E)
                  00004190    00000056     driverlib.lib : gpio.obj (.text:GPIOIntTypeSet)
                  000041e6    00000002     --HOLE-- [fill = 0]
                  000041e8    00000054     rtsv7M4_T_le_v4SPD16_eabi.lib : exit.obj (.text)
                  0000423c    00000004     --HOLE-- [fill = 0]
                  00004240    00000054     sysbios.aem4f : BIOS.obj (.text:ti_sysbios_knl_Swi_Instance_finalize__E)
                  00004294    00000054     dse_Swi_pem4f.oem4f (.text:ti_sysbios_knl_Swi_construct)
                  000042e8    00000054     dse_Swi_pem4f.oem4f (.text:ti_sysbios_knl_Task_construct)
                  0000433c    00000054     ti.targets.arm.rtsarm.aem4f : Assert.oem4f (.text:xdc_runtime_Assert_raise__I)
                  00004390    00000050     drivers_tivaware.aem4f : GPIOTiva.oem4f (.text:GPIO_setCallback)
                  000043e0    00000050                            : GPIOTiva.oem4f (.text:GPIO_toggle)
                  00004430    00000050                            : GPIOTiva.oem4f (.text:GPIO_write)
                  00004480    00000050     Boot.aem4f : Boot_sysctl.oem4f (.text:_SysCtlFrequencyGet)
                  000044d0    00000050     sysbios.aem4f : BIOS.obj (.text:ti_sysbios_family_arm_m3_Hwi_Module_startup__E)
                  00004520    00000050     ti.targets.arm.rtsarm.aem4f : Startup.oem4f (.text:xdc_runtime_Startup_exec__E)
                  00004570    00000050                                 : Text.oem4f (.text:xdc_runtime_Text_visitRope2__I)
                  000045c0    0000004c     rtsv7M4_T_le_v4SPD16_eabi.lib : cpy_tbl.obj (.text)
                  0000460c    00000004     --HOLE-- [fill = 0]
                  00004610    0000004c     sysbios.aem4f : BIOS.obj (.text:ti_sysbios_heaps_HeapMem_getStats__E)
                  0000465c    00000004     --HOLE-- [fill = 0]
                  00004660    0000004c                   : BIOS.obj (.text:ti_sysbios_knl_Swi_runLoop__I)
                  000046ac    00000004     --HOLE-- [fill = 0]
                  000046b0    0000004c                   : BIOS.obj (.text:ti_sysbios_knl_Task_allBlockedFunction__I)
                  000046fc    00000004     --HOLE-- [fill = 0]
                  00004700    00000048                   : BIOS.obj (.text:ti_sysbios_family_arm_m3_Hwi_disableInterrupt__E)
                  00004748    00000048                   : BIOS.obj (.text:ti_sysbios_family_arm_m3_Hwi_enableInterrupt__E)
                  00004790    00000048                   : BIOS.obj (.text:ti_sysbios_family_arm_m3_Hwi_excReserved__I)
                  000047d8    00000046     ti.targets.arm.rtsarm.aem4f : Core-params.oem4f (.text:xdc_runtime_Core_assignParams__I)
                  0000481e    00000002     --HOLE-- [fill = 0]
                  00004820    00000044     sysbios.aem4f : BIOS.obj (.text:ti_sysbios_family_arm_m3_Hwi_getStackInfo__E)
                  00004864    00000004     --HOLE-- [fill = 0]
                  00004868    00000044                   : BIOS.obj (.text:ti_sysbios_knl_Swi_post__E)
                  000048ac    00000044     ti.targets.arm.rtsarm.aem4f : Error.oem4f (.text:xdc_runtime_Error_setX__E)
                  000048f0    00000044                                 : SysMin.oem4f (.text:xdc_runtime_SysMin_flush__E)
                  00004934    00000044                                 : Text.oem4f (.text:xdc_runtime_Text_xprintf__I)
                  00004978    00000040     rtsv7M4_T_le_v4SPD16_eabi.lib : u_divt2.obj (.text)
                  000049b8    00000040     sysbios.aem4f : BIOS.obj (.text:ti_sysbios_family_arm_lm4_Timer_startup__E)
                  000049f8    0000003c                   : BIOS.obj (.text:ti_sysbios_family_arm_m3_Hwi_excSvCall__I)
                  00004a34    00000004     --HOLE-- [fill = 0]
                  00004a38    0000003c                   : BIOS.obj (.text:ti_sysbios_heaps_HeapMem_init__I)
                  00004a74    00000004     --HOLE-- [fill = 0]
                  00004a78    0000003c                   : BIOS.obj (.text:ti_sysbios_knl_Swi_restore__E)
                  00004ab4    00000038     dse_Swi.obj (.text:swi0Fxn)
                  00004aec    00000038     dse_Swi.obj (.text:swi1Fxn)
                  00004b24    00000004     --HOLE-- [fill = 0]
                  00004b28    00000038     sysbios.aem4f : BIOS.obj (.text:ti_sysbios_family_arm_m3_Hwi_excNoIsr__I)
                  00004b60    00000038                   : BIOS.obj (.text:ti_sysbios_knl_Task_processVitalTaskFlag__I)
                  00004b98    00000038     ti.targets.arm.rtsarm.aem4f : SysMin.oem4f (.text:xdc_runtime_SysMin_putch__E)
                  00004bd0    00000038                                 : System.oem4f (.text:xdc_runtime_System_atexit__E)
                  00004c08    00000034     driverlib.lib : sysctl.obj (.text:SysCtlPeripheralEnable)
                  00004c3c    00000004     --HOLE-- [fill = 0]
                  00004c40    00000034     sysbios.aem4f : BIOS.obj (.text:ti_sysbios_family_arm_m3_Hwi_Instance_finalize__E)
                  00004c74    00000004     --HOLE-- [fill = 0]
                  00004c78    00000034                   : BIOS.obj (.text:ti_sysbios_family_arm_m3_Hwi_excNmi__I)
                  00004cac    00000004     --HOLE-- [fill = 0]
                  00004cb0    00000034                   : BIOS.obj (.text:ti_sysbios_hal_Hwi_checkStack)
                  00004ce4    00000034     ti.targets.arm.rtsarm.aem4f : Core-label.oem4f (.text:xdc_runtime_Core_assignLabel__I)
                  00004d18    00000033                                 : Text.oem4f (.text:xdc_runtime_Text_printVisFxn__I)
                  00004d4b    00000005     --HOLE-- [fill = 0]
                  00004d50    00000032     sysbios.aem4f : BIOS.obj (.text:ti_sysbios_hal_Hwi_initStack)
                  00004d82    00000002     --HOLE-- [fill = 0]
                  00004d84    00000030     dse_Swi_pem4f.oem4f (.text:ti_sysbios_BIOS_atExitFunc__I)
                  00004db4    00000004     --HOLE-- [fill = 0]
                  00004db8    00000030     sysbios.aem4f : BIOS.obj (.text:ti_sysbios_family_arm_lm4_Timer_stop__E)
                  00004de8    00000030                   : BIOS.obj (.text:ti_sysbios_family_arm_m3_TaskSupport_start__E)
                  00004e18    00000030     dse_Swi_pem4f.oem4f (.text:ti_sysbios_gates_GateHwi_Object__create__S)
                  00004e48    00000030     dse_Swi_pem4f.oem4f (.text:ti_sysbios_gates_GateMutex_Object__create__S)
                  00004e78    00000030     dse_Swi_pem4f.oem4f (.text:ti_sysbios_heaps_HeapMem_Object__create__S)
                  00004ea8    00000030     dse_Swi_pem4f.oem4f (.text:ti_sysbios_knl_Semaphore_construct)
                  00004ed8    00000030     sysbios.aem4f : BIOS.obj (.text:ti_sysbios_knl_Semaphore_pendTimeout__I)
                  00004f08    00000030                   : BIOS.obj (.text:ti_sysbios_knl_Task_unblockI__E)
                  00004f38    00000030     ti.targets.arm.rtsarm.aem4f : SysMin.oem4f (.text:xdc_runtime_SysMin_abort__E)
                  00004f68    00000030                                 : System.oem4f (.text:xdc_runtime_System_processAtExit__E)
                  00004f98    0000002c     dse_Swi_pem4f.oem4f (.text:ti_sysbios_knl_Clock_doTick__I)
                  00004fc4    0000002c     dse_Swi_pem4f.oem4f (.text:ti_sysbios_knl_Queue_construct)
                  00004ff0    0000002c     sysbios.aem4f : BIOS.obj (.text:ti_sysbios_knl_Swi_andn__E)
                  0000501c    00000004     --HOLE-- [fill = 0]
                  00005020    0000002c                   : BIOS.obj (.text:ti_sysbios_knl_Task_restore__E)
                  0000504c    0000002c     ti.targets.arm.rtsarm.aem4f : Text.oem4f (.text:xdc_runtime_Text_cordText__E)
                  00005078    0000002a     driverlib.lib : gpio.obj (.text:GPIODirModeSet)
                  000050a2    0000002a     ti.targets.arm.rtsarm.aem4f : System.oem4f (.text:xdc_runtime_System_putchar__I)
                  000050cc    00000004     --HOLE-- [fill = 0]
                  000050d0    00000028     sysbios.aem4f : BIOS.obj (.text:ti_sysbios_knl_Swi_Module_startup__E)
                  000050f8    00000026                   : m3_Hwi_asm.obj (.text:ti_sysbios_family_arm_m3_Hwi_pendSV__I)
                  0000511e    00000026     ti.targets.arm.rtsarm.aem4f : System.oem4f (.text:xdc_runtime_System_avprintf__E)
                  00005144    00000024     dse_Swi_pem4f.oem4f (.text:ti_sysbios_BIOS_errorRaiseHook__I)
                  00005168    00000024     dse_Swi_pem4f.oem4f (.text:ti_sysbios_BIOS_registerRTSLock__I)
                  0000518c    00000024     dse_Swi_pem4f.oem4f (.text:ti_sysbios_BIOS_removeRTSLock__I)
                  000051b0    00000024     dse_Swi_pem4f.oem4f (.text:ti_sysbios_BIOS_startFunc__I)
                  000051d4    00000024     dse_Swi_pem4f.oem4f (.text:ti_sysbios_gates_GateMutex_Object__delete__S)
                  000051f8    00000024     sysbios.aem4f : BIOS.obj (.text:ti_sysbios_knl_Clock_Module_startup__E)
                  0000521c    00000004     --HOLE-- [fill = 0]
                  00005220    00000024                   : BIOS.obj (.text:ti_sysbios_knl_Swi_dec__E)
                  00005244    00000004     --HOLE-- [fill = 0]
                  00005248    00000024                   : BIOS.obj (.text:ti_sysbios_knl_Task_restoreHwi__E)
                  0000526c    00000024     ti.targets.arm.rtsarm.aem4f : System.oem4f (.text:xdc_runtime_System_vprintf__E)
                  00005290    00000022     sysbios.aem4f : BIOS.obj (.text:ti_sysbios_family_arm_lm4_Timer_write__I)
                  000052b2    00000022     dse_Swi_pem4f.oem4f (.text:xdc_runtime_SysMin_output__I)
                  000052d4    00000020     Boot.aem4f : Boot_sysctl.oem4f (.text:_SysCtlMemTimingGet)
                  000052f4    00000020     dse_Swi_pem4f.oem4f (.text:ti_sysbios_BIOS_rtsLock__I)
                  00005314    00000020     sysbios.aem4f : m3_Hwi_asm.obj (.text:ti_sysbios_family_arm_m3_Hwi_excHandlerAsm__I)
                  00005334    00000004     --HOLE-- [fill = 0]
                  00005338    00000020                   : BIOS.obj (.text:ti_sysbios_family_arm_m3_Hwi_excHandler__I)
                  00005358    00000020     dse_Swi_pem4f.oem4f (.text:ti_sysbios_gates_GateHwi_Object__delete__S)
                  00005378    00000020     dse_Swi_pem4f.oem4f (.text:ti_sysbios_heaps_HeapMem_Object__delete__S)
                  00005398    00000020     sysbios.aem4f : BIOS.obj (.text:ti_sysbios_knl_Idle_run__E)
                  000053b8    00000020     dse_Swi_pem4f.oem4f (.text:ti_sysbios_knl_Semaphore_Object__destruct__S)
                  000053d8    00000020     ti.targets.arm.rtsarm.aem4f : Registry.oem4f (.text:xdc_runtime_Registry_findById__E)
                  000053f8    00000020                                 : SysMin.oem4f (.text:xdc_runtime_SysMin_Module_startup__E)
                  00005418    0000001e     sysbios.aem4f : m3_Hwi_asm_switch.obj (.text:ti_sysbios_family_xxx_Hwi_switchAndRunFunc)
                  00005436    0000001c     drivers_tivaware.aem4f : GPIOTiva.oem4f (.text:getGpioIntIndex)
                  00005452    00000006     driverlib.lib : gpio.obj (.text:GPIOPinRead)
                  00005458    0000001c     sysbios.aem4f : BIOS.obj (.text:ti_sysbios_gates_GateMutex_Instance_init__E)
                  00005474    0000001c     dse_Swi_pem4f.oem4f (.text:ti_sysbios_knl_Queue_Object__destruct__S)
                  00005490    0000001c     sysbios.aem4f : BIOS.obj (.text:ti_sysbios_knl_Task_enter__I)
                  000054ac    0000001c     ti.targets.arm.rtsarm.aem4f : Error.oem4f (.text:xdc_runtime_Error_raiseX__E)
                  000054c8    0000001c                                 : Memory.oem4f (.text:xdc_runtime_Memory_valloc__E)
                  000054e4    0000001c                                 : SysMin.oem4f (.text:xdc_runtime_SysMin_exit__E)
                  00005500    0000001c                                 : System.oem4f (.text:xdc_runtime_System_abort__E)
                  0000551c    0000001a     dse_Swi_pem4f.oem4f (.text:ti_sysbios_family_arm_m3_Hwi_Handle__label__S)
                  00005536    0000001a     dse_Swi_pem4f.oem4f (.text:ti_sysbios_gates_GateHwi_Handle__label__S)
                  00005550    0000001a     dse_Swi_pem4f.oem4f (.text:ti_sysbios_gates_GateMutex_Handle__label__S)
                  0000556a    0000001a     dse_Swi_pem4f.oem4f (.text:ti_sysbios_heaps_HeapMem_Handle__label__S)
                  00005584    0000001a     dse_Swi_pem4f.oem4f (.text:ti_sysbios_knl_Swi_Handle__label__S)
                  0000559e    0000001a     dse_Swi_pem4f.oem4f (.text:ti_sysbios_knl_Task_Handle__label__S)
                  000055b8    0000001a     dse_Swi_pem4f.oem4f (.text:xdc_runtime_System_aprintf__E)
                  000055d2    0000001a     dse_Swi_pem4f.oem4f (.text:xdc_runtime_System_printf__E)
                  000055ec    00000018     rtsv7M4_T_le_v4SPD16_eabi.lib : args_main.obj (.text)
                  00005604    00000018     dse_Swi_pem4f.oem4f (.text:ti_sysbios_BIOS_rtsUnlock__I)
                  0000561c    00000018     dse_Swi_pem4f.oem4f (.text:ti_sysbios_family_arm_lm4_Timer_Module__startupDone__F)
                  00005634    00000018     dse_Swi_pem4f.oem4f (.text:ti_sysbios_family_arm_m3_Hwi_Module__startupDone__F)
                  0000564c    00000018     sysbios.aem4f : m3_TaskSupport_asm.obj (.text:ti_sysbios_family_arm_m3_TaskSupport_swap__E)
                  00005664    00000004     --HOLE-- [fill = 0]
                  00005668    00000018                   : BIOS.obj (.text:ti_sysbios_gates_GateMutex_leave__E)
                  00005680    00000018                   : BIOS.obj (.text:ti_sysbios_knl_Swi_inc__E)
                  00005698    00000018                   : BIOS.obj (.text:ti_sysbios_knl_Swi_or__E)
                  000056b0    00000018                   : BIOS.obj (.text:ti_sysbios_knl_Task_sleepTimeout__I)
                  000056c8    00000018     ti.targets.arm.rtsarm.aem4f : Error.oem4f (.text:xdc_runtime_Error_check__E)
                  000056e0    00000018                                 : System.oem4f (.text:xdc_runtime_System_exit__E)
                  000056f8    00000018                                 : Text.oem4f (.text:xdc_runtime_Text_ropeText__E)
                  00005710    00000016     dse_Swi_pem4f.oem4f (.text:ti_sysbios_BIOS_exitFunc__I)
                  00005726    00000016     dse_Swi.obj (.text:ti_sysbios_knl_Swi_Params_init)
                  0000573c    00000016     dse_Swi.obj (.text:ti_sysbios_knl_Task_Params_init)
                  00005752    00000002     --HOLE-- [fill = 0]
                  00005754    00000014     rtsv7M4_T_le_v4SPD16_eabi.lib : _lock.obj (.text)
                  00005768    00000014                                   : strlen.obj (.text)
                  0000577c    00000014     dse_Swi_pem4f.oem4f (.text:ti_sysbios_family_arm_m3_Hwi_Object__get__S)
                  00005790    00000014     sysbios.aem4f : BIOS.obj (.text:ti_sysbios_family_arm_m3_Hwi_switchFromBootStack__E)
                  000057a4    00000014     dse_Swi_pem4f.oem4f (.text:ti_sysbios_heaps_HeapMem_Object__get__S)
                  000057b8    00000014     dse_Swi_pem4f.oem4f (.text:ti_sysbios_knl_Swi_Object__get__S)
                  000057cc    00000004     --HOLE-- [fill = 0]
                  000057d0    00000012     sysbios.aem4f : BIOS.obj (.text:ti_sysbios_hal_Hwi_Module_startup__E)
                  000057e2    00000012     dse_Swi_pem4f.oem4f (.text:xdc_runtime_Startup_exec__I)
                  000057f4    00000010     dse_Swi_pem4f.oem4f (.text:.bootCodeSection:ti_catalog_arm_cortexm4_tiva_ce_Boot_init__I)
                  00005804    00000004     --HOLE-- [fill = 0]
                  00005808    00000010     sysbios.aem4f : BIOS.obj (.text:ti_sysbios_BIOS_exit__E)
                  00005818    00000010                   : BIOS.obj (.text:ti_sysbios_BIOS_setThreadType__E)
                  00005828    00000010                   : BIOS.obj (.text:ti_sysbios_BIOS_start__E)
                  00005838    00000010                   : m3_TaskSupport_asm.obj (.text:ti_sysbios_family_arm_m3_TaskSupport_glue)
                  00005848    00000010                   : BIOS.obj (.text:ti_sysbios_gates_GateMutex_Instance_finalize__E)
                  00005858    00000010                   : BIOS.obj (.text:ti_sysbios_knl_Semaphore_Instance_finalize__E)
                  00005868    00000010                   : BIOS.obj (.text:ti_sysbios_knl_Swi_disable__E)
                  00005878    00000010     dse_Swi_pem4f.oem4f (.text:ti_sysbios_knl_Task_Object__get__S)
                  00005888    00000010     sysbios.aem4f : BIOS.obj (.text:ti_sysbios_knl_Task_disable__E)
                  00005898    00000010     ti.targets.arm.rtsarm.aem4f : Gate.oem4f (.text:xdc_runtime_Gate_leaveSystem__E)
                  000058a8    00000010                                 : Memory.oem4f (.text:xdc_runtime_Memory_free__E)
                  000058b8    00000010                                 : SysMin.oem4f (.text:xdc_runtime_SysMin_ready__E)
                  000058c8    00000010                                 : System.oem4f (.text:xdc_runtime_System_vsnprintf__E)
                  000058d8    00000010     dse_Swi_pem4f.oem4f (.text:xdc_runtime_Text_visitRope__I)
                  000058e8    0000000e     driverlib.lib : gpio.obj (.text:GPIOIntStatus)
                  000058f6    0000000e     rtsv7M4_T_le_v4SPD16_eabi.lib : copy_decompress_none.obj (.text:decompress:none)
                  00005904    00000004     --HOLE-- [fill = 0]
                  00005908    0000000e     sysbios.aem4f : BIOS.obj (.text:ti_sysbios_knl_Idle_loop__E)
                  00005916    00000002     --HOLE-- [fill = 0]
                  00005918    0000000e                   : BIOS.obj (.text:ti_sysbios_knl_Queue_empty__E)
                  00005926    0000000c     rtsv7M4_T_le_v4SPD16_eabi.lib : copy_zero_init.obj (.text:decompress:ZI)
                  00005932    00000006     driverlib.lib : gpio.obj (.text:GPIOPinWrite)
                  00005938    0000000c     sysbios.aem4f : BIOS.obj (.text:ti_sysbios_family_arm_lm4_Timer_getMaxTicks__E)
                  00005944    0000000c     dse_Swi_pem4f.oem4f (.text:ti_sysbios_family_arm_m3_Hwi_Params__init__S)
                  00005950    0000000c     sysbios.aem4f : BIOS.obj (.text:ti_sysbios_family_arm_m3_Hwi_disableFxn__E)
                  0000595c    00000004     --HOLE-- [fill = 0]
                  00005960    0000000c                   : BIOS.obj (.text:ti_sysbios_family_arm_m3_TaskSupport_checkStack__E)
                  0000596c    00000004     --HOLE-- [fill = 0]
                  00005970    0000000c                   : BIOS.obj (.text:ti_sysbios_family_arm_m3_TaskSupport_getStackAlignment__E)
                  0000597c    00000004     --HOLE-- [fill = 0]
                  00005980    0000000c                   : BIOS.obj (.text:ti_sysbios_gates_GateHwi_enter__E)
                  0000598c    0000000c     dse_Swi_pem4f.oem4f (.text:ti_sysbios_knl_Queue_Object__get__S)
                  00005998    0000000c     dse_Swi_pem4f.oem4f (.text:ti_sysbios_knl_Swi_Params__init__S)
                  000059a4    00000004     --HOLE-- [fill = 0]
                  000059a8    0000000c     sysbios.aem4f : BIOS.obj (.text:ti_sysbios_knl_Swi_getTrigger__E)
                  000059b4    0000000c     dse_Swi.obj (.text:ti_sysbios_knl_Swi_handle)
                  000059c0    0000000c     dse_Swi_pem4f.oem4f (.text:ti_sysbios_knl_Task_Params__init__S)
                  000059cc    0000000c     ti.targets.arm.rtsarm.aem4f : Error.oem4f (.text:xdc_runtime_Error_init__E)
                  000059d8    0000000c                                 : Gate.oem4f (.text:xdc_runtime_Gate_enterSystem__E)
                  000059e4    0000000c                                 : Memory.oem4f (.text:xdc_runtime_Memory_calloc__E)
                  000059f0    0000000c                                 : Memory.oem4f (.text:xdc_runtime_Memory_getMaxDefaultTypeAlign__E)
                  000059fc    0000000a     dse_Swi_pem4f.oem4f (.text:xdc_runtime_IHeap_alloc)
                  00005a06    0000000a     dse_Swi_pem4f.oem4f (.text:xdc_runtime_IHeap_free)
                  00005a10    00000008     EK_TM4C129EXL.obj (.text:EK_TM4C129EXL_initGPIO)
                  00005a18    00000008     sysbios.aem4f : BIOS.obj (.text:ti_sysbios_family_arm_lm4_Timer_masterDisable__I)
                  00005a20    00000008                   : BIOS.obj (.text:ti_sysbios_family_arm_m3_Hwi_doSwiRestore__I)
                  00005a28    00000008                   : BIOS.obj (.text:ti_sysbios_family_arm_m3_Hwi_startup__E)
                  00005a30    00000006                   : BIOS.obj (.text:ti_sysbios_family_arm_m3_Hwi_doTaskRestore__I)
                  00005a36    00000002     --HOLE-- [fill = 0]
                  00005a38    00000006                   : BIOS.obj (.text:ti_sysbios_family_arm_m3_Hwi_restoreFxn__E)
                  00005a3e    00000002     --HOLE-- [fill = 0]
                  00005a40    00000006                   : BIOS.obj (.text:ti_sysbios_gates_GateHwi_leave__E)
                  00005a46    00000002     --HOLE-- [fill = 0]
                  00005a48    00000006                   : BIOS.obj (.text:ti_sysbios_heaps_HeapMem_isBlocking__E)
                  00005a4e    00000002     --HOLE-- [fill = 0]
                  00005a50    00000006                   : BIOS.obj (.text:ti_sysbios_knl_Queue_Instance_init__E)
                  00005a56    00000002     --HOLE-- [fill = 0]
                  00005a58    00000006                   : BIOS.obj (.text:ti_sysbios_knl_Swi_startup__E)
                  00005a5e    00000006     ti.targets.arm.rtsarm.aem4f : System.oem4f (.text:xdc_runtime_System_Module_startup__E)
                  00005a64    00000004     --HOLE-- [fill = 0]
                  00005a68    00000004     sysbios.aem4f : BIOS.obj (.text:ti_sysbios_gates_GateHwi_query__E)
                  00005a6c    00000004     --HOLE-- [fill = 0]
                  00005a70    00000004                   : BIOS.obj (.text:ti_sysbios_gates_GateMutex_query__E)
                  00005a74    00000004     --HOLE-- [fill = 0]
                  00005a78    00000004                   : BIOS.obj (.text:ti_sysbios_knl_Task_startup__E)
                  00005a7c    00000004     --HOLE-- [fill = 0]
                  00005a80    00000002                   : BIOS.obj (.text:ti_sysbios_gates_GateHwi_Instance_init__E)
                  00005a82    00000006     --HOLE-- [fill = 0]
                  00005a88    00000002                   : BIOS.obj (.text:ti_sysbios_knl_Clock_logTick__E)

.const     0    00005a8c    000020b7     
                  00005a8c    0000186c     dse_Swi_pem4f.oem4f (.const:xdc_runtime_Text_charTab__A)
                  000072f8    00000120     Boot.aem4f : Boot_sysctl.oem4f (.const:g_pppui32XTALtoVCO)
                  00007418    000000bc     dse_Swi_pem4f.oem4f (.const:xdc_runtime_Text_nodeTab__A)
                  000074d4    0000006c     Boot.aem4f : Boot_sysctl.oem4f (.const:g_pui32Xtals)
                  00007540    00000054     drivers_tivaware.aem4f : GPIOTiva.oem4f (.const:.string)
                  00007594    00000048     dse_Swi_pem4f.oem4f (.const:.string)
                  000075dc    00000048     drivers_tivaware.aem4f : GPIOTiva.oem4f (.const:gpioBaseAddresses)
                  00007624    0000003c     dse_Swi_pem4f.oem4f (.const:ti_sysbios_knl_Task_Object__PARAMS__C)
                  00007660    00000030     Boot.aem4f : Boot_sysctl.oem4f (.const:g_sXTALtoMEMTIM)
                  00007690    00000030     dse_Swi_pem4f.oem4f (.const:ti_sysbios_family_arm_m3_Hwi_Object__PARAMS__C)
                  000076c0    00000028     dse_Swi_pem4f.oem4f (.const:ti_sysbios_heaps_HeapMem_Module__FXNS__C)
                  000076e8    00000028     dse_Swi_pem4f.oem4f (.const:ti_sysbios_knl_Swi_Object__PARAMS__C)
                  00007710    00000024     dse_Swi_pem4f.oem4f (.const:ti_sysbios_gates_GateHwi_Module__FXNS__C)
                  00007734    00000024     dse_Swi_pem4f.oem4f (.const:ti_sysbios_gates_GateMutex_Module__FXNS__C)
                  00007758    00000024     dse_Swi_pem4f.oem4f (.const:ti_sysbios_heaps_HeapMem_Object__PARAMS__C)
                  0000777c    00000024     dse_Swi_pem4f.oem4f (.const:ti_sysbios_knl_Semaphore_Object__PARAMS__C)
                  000077a0    00000020     dse_Swi_pem4f.oem4f (.const:ti_sysbios_family_arm_m3_Hwi_Object__DESC__C)
                  000077c0    00000020     dse_Swi_pem4f.oem4f (.const:ti_sysbios_gates_GateHwi_Object__DESC__C)
                  000077e0    00000020     dse_Swi_pem4f.oem4f (.const:ti_sysbios_gates_GateMutex_Object__DESC__C)
                  00007800    00000020     dse_Swi_pem4f.oem4f (.const:ti_sysbios_heaps_HeapMem_Object__DESC__C)
                  00007820    00000020     dse_Swi_pem4f.oem4f (.const:ti_sysbios_knl_Queue_Object__DESC__C)
                  00007840    00000020     dse_Swi_pem4f.oem4f (.const:ti_sysbios_knl_Semaphore_Object__DESC__C)
                  00007860    00000020     dse_Swi_pem4f.oem4f (.const:ti_sysbios_knl_Swi_Object__DESC__C)
                  00007880    00000020     dse_Swi_pem4f.oem4f (.const:ti_sysbios_knl_Task_Object__DESC__C)
                  000078a0    00000020     dse_Swi_pem4f.oem4f (.const:xdc_runtime_Startup_sfxnTab__A)
                  000078c0    00000018     dse_Swi_pem4f.oem4f (.const:ti_sysbios_gates_GateHwi_Object__PARAMS__C)
                  000078d8    00000018     dse_Swi_pem4f.oem4f (.const:ti_sysbios_gates_GateMutex_Object__PARAMS__C)
                  000078f0    00000018     dse_Swi_pem4f.oem4f (.const:ti_sysbios_knl_Queue_Object__PARAMS__C)
                  00007908    00000014     EK_TM4C129EXL.obj (.const:GPIOTiva_config)
                  0000791c    00000014     dse_Swi_pem4f.oem4f (.const:xdc_runtime_Startup_firstFxns__A)
                  00007930    00000010     dse_Swi_pem4f.oem4f (.const:xdc_runtime_Startup_sfxnRts__A)
                  00007940    00000008     Boot.aem4f : Boot_sysctl.oem4f (.const)
                  00007948    00000008     dse_Swi_pem4f.oem4f (.const:ti_sysbios_family_arm_m3_Hwi_excHookFuncs__A)
                  00007950    00000008     dse_Swi_pem4f.oem4f (.const:ti_sysbios_knl_Idle_funcList__C)
                  00007958    00000008     dse_Swi_pem4f.oem4f (.const:xdc_runtime_Startup_firstFxns__C)
                  00007960    00000008     dse_Swi_pem4f.oem4f (.const:xdc_runtime_Startup_lastFxns__C)
                  00007968    00000004     dse_Swi_pem4f.oem4f (.const)
                  0000796c    00000004     dse_Swi_pem4f.oem4f (.const:ti_catalog_arm_cortexm4_tiva_ce_Boot_A_mustNotUseEnhancedClockMode__C)
                  00007970    00000004     dse_Swi_pem4f.oem4f (.const:ti_catalog_arm_cortexm4_tiva_ce_Boot_Module__diagsEnabled__C)
                  00007974    00000004     dse_Swi_pem4f.oem4f (.const:ti_catalog_arm_cortexm4_tiva_ce_Boot_Module__diagsIncluded__C)
                  00007978    00000004     dse_Swi_pem4f.oem4f (.const:ti_catalog_arm_cortexm4_tiva_ce_Boot_Module__diagsMask__C)
                  0000797c    00000004     dse_Swi_pem4f.oem4f (.const:ti_sysbios_family_arm_lm4_Timer_enableFunc__C)
                  00007980    00000004     dse_Swi_pem4f.oem4f (.const:ti_sysbios_family_arm_lm4_Timer_numTimerDevices__C)
                  00007984    00000004     dse_Swi_pem4f.oem4f (.const:ti_sysbios_family_arm_lm4_Timer_startupNeeded__C)
                  00007988    00000004     dse_Swi_pem4f.oem4f (.const:ti_sysbios_family_arm_m3_Hwi_E_NMI__C)
                  0000798c    00000004     dse_Swi_pem4f.oem4f (.const:ti_sysbios_family_arm_m3_Hwi_E_alreadyDefined__C)
                  00007990    00000004     dse_Swi_pem4f.oem4f (.const:ti_sysbios_family_arm_m3_Hwi_E_busFault__C)
                  00007994    00000004     dse_Swi_pem4f.oem4f (.const:ti_sysbios_family_arm_m3_Hwi_E_debugMon__C)
                  00007998    00000004     dse_Swi_pem4f.oem4f (.const:ti_sysbios_family_arm_m3_Hwi_E_hardFault__C)
                  0000799c    00000004     dse_Swi_pem4f.oem4f (.const:ti_sysbios_family_arm_m3_Hwi_E_memFault__C)
                  000079a0    00000004     dse_Swi_pem4f.oem4f (.const:ti_sysbios_family_arm_m3_Hwi_E_noIsr__C)
                  000079a4    00000004     dse_Swi_pem4f.oem4f (.const:ti_sysbios_family_arm_m3_Hwi_E_reserved__C)
                  000079a8    00000004     dse_Swi_pem4f.oem4f (.const:ti_sysbios_family_arm_m3_Hwi_E_svCall__C)
                  000079ac    00000004     dse_Swi_pem4f.oem4f (.const:ti_sysbios_family_arm_m3_Hwi_E_usageFault__C)
                  000079b0    00000004     dse_Swi_pem4f.oem4f (.const:ti_sysbios_family_arm_m3_Hwi_NUM_INTERRUPTS__C)
                  000079b4    00000004     dse_Swi_pem4f.oem4f (.const:ti_sysbios_family_arm_m3_Hwi_Object__count__C)
                  000079b8    00000004     dse_Swi_pem4f.oem4f (.const:ti_sysbios_family_arm_m3_Hwi_ccr__C)
                  000079bc    00000004     dse_Swi_pem4f.oem4f (.const:ti_sysbios_family_arm_m3_Hwi_excHandlerFunc__C)
                  000079c0    00000004     dse_Swi_pem4f.oem4f (.const:ti_sysbios_family_arm_m3_Hwi_excHookFuncs__C)
                  000079c4    00000004     dse_Swi_pem4f.oem4f (.const:ti_sysbios_family_arm_m3_Hwi_nullIsrFunc__C)
                  000079c8    00000004     dse_Swi_pem4f.oem4f (.const:ti_sysbios_family_arm_m3_Hwi_priGroup__C)
                  000079cc    00000004     dse_Swi_pem4f.oem4f (.const:ti_sysbios_family_arm_m3_TaskSupport_stackAlignment__C)
                  000079d0    00000004     dse_Swi_pem4f.oem4f (.const:ti_sysbios_gates_GateMutex_A_badContext__C)
                  000079d4    00000004     dse_Swi_pem4f.oem4f (.const:ti_sysbios_gates_GateMutex_Instance_State_sem__O)
                  000079d8    00000004     dse_Swi_pem4f.oem4f (.const:ti_sysbios_gates_GateMutex_Module__diagsEnabled__C)
                  000079dc    00000004     dse_Swi_pem4f.oem4f (.const:ti_sysbios_gates_GateMutex_Module__diagsIncluded__C)
                  000079e0    00000004     dse_Swi_pem4f.oem4f (.const:ti_sysbios_gates_GateMutex_Module__diagsMask__C)
                  000079e4    00000004     dse_Swi_pem4f.oem4f (.const:ti_sysbios_hal_Hwi_E_stackOverflow__C)
                  000079e8    00000004     dse_Swi_pem4f.oem4f (.const:ti_sysbios_heaps_HeapMem_A_align__C)
                  000079ec    00000004     dse_Swi_pem4f.oem4f (.const:ti_sysbios_heaps_HeapMem_A_heapSize__C)
                  000079f0    00000004     dse_Swi_pem4f.oem4f (.const:ti_sysbios_heaps_HeapMem_A_invalidFree__C)
                  000079f4    00000004     dse_Swi_pem4f.oem4f (.const:ti_sysbios_heaps_HeapMem_A_zeroBlock__C)
                  000079f8    00000004     dse_Swi_pem4f.oem4f (.const:ti_sysbios_heaps_HeapMem_E_memory__C)
                  000079fc    00000004     dse_Swi_pem4f.oem4f (.const:ti_sysbios_heaps_HeapMem_Module__diagsEnabled__C)
                  00007a00    00000004     dse_Swi_pem4f.oem4f (.const:ti_sysbios_heaps_HeapMem_Module__diagsIncluded__C)
                  00007a04    00000004     dse_Swi_pem4f.oem4f (.const:ti_sysbios_heaps_HeapMem_Module__diagsMask__C)
                  00007a08    00000004     dse_Swi_pem4f.oem4f (.const:ti_sysbios_heaps_HeapMem_Module__gateObj__C)
                  00007a0c    00000004     dse_Swi_pem4f.oem4f (.const:ti_sysbios_heaps_HeapMem_Object__count__C)
                  00007a10    00000004     dse_Swi_pem4f.oem4f (.const:ti_sysbios_heaps_HeapMem_reqAlign__C)
                  00007a14    00000004     dse_Swi_pem4f.oem4f (.const:ti_sysbios_knl_Clock_Module_State_clockQ__O)
                  00007a18    00000004     dse_Swi_pem4f.oem4f (.const:ti_sysbios_knl_Idle_funcList__A)
                  00007a1c    00000004     dse_Swi_pem4f.oem4f (.const:ti_sysbios_knl_Semaphore_A_badContext__C)
                  00007a20    00000004     dse_Swi_pem4f.oem4f (.const:ti_sysbios_knl_Semaphore_A_noEvents__C)
                  00007a24    00000004     dse_Swi_pem4f.oem4f (.const:ti_sysbios_knl_Semaphore_A_overflow__C)
                  00007a28    00000004     dse_Swi_pem4f.oem4f (.const:ti_sysbios_knl_Semaphore_A_pendTaskDisabled__C)
                  00007a2c    00000004     dse_Swi_pem4f.oem4f (.const:ti_sysbios_knl_Semaphore_Instance_State_pendQ__O)
                  00007a30    00000004     dse_Swi_pem4f.oem4f (.const:ti_sysbios_knl_Semaphore_Module__diagsEnabled__C)
                  00007a34    00000004     dse_Swi_pem4f.oem4f (.const:ti_sysbios_knl_Semaphore_Module__diagsIncluded__C)
                  00007a38    00000004     dse_Swi_pem4f.oem4f (.const:ti_sysbios_knl_Semaphore_Module__diagsMask__C)
                  00007a3c    00000004     dse_Swi_pem4f.oem4f (.const:ti_sysbios_knl_Swi_A_badPriority__C)
                  00007a40    00000004     dse_Swi_pem4f.oem4f (.const:ti_sysbios_knl_Swi_Module__diagsEnabled__C)
                  00007a44    00000004     dse_Swi_pem4f.oem4f (.const:ti_sysbios_knl_Swi_Module__diagsIncluded__C)
                  00007a48    00000004     dse_Swi_pem4f.oem4f (.const:ti_sysbios_knl_Swi_Module__diagsMask__C)
                  00007a4c    00000004     dse_Swi_pem4f.oem4f (.const:ti_sysbios_knl_Swi_Object__count__C)
                  00007a50    00000004     dse_Swi_pem4f.oem4f (.const:ti_sysbios_knl_Task_A_badPriority__C)
                  00007a54    00000004     dse_Swi_pem4f.oem4f (.const:ti_sysbios_knl_Task_A_badTaskState__C)
                  00007a58    00000004     dse_Swi_pem4f.oem4f (.const:ti_sysbios_knl_Task_A_badThreadType__C)
                  00007a5c    00000004     dse_Swi_pem4f.oem4f (.const:ti_sysbios_knl_Task_A_badTimeout__C)
                  00007a60    00000004     dse_Swi_pem4f.oem4f (.const:ti_sysbios_knl_Task_A_noPendElem__C)
                  00007a64    00000004     dse_Swi_pem4f.oem4f (.const:ti_sysbios_knl_Task_A_sleepTaskDisabled__C)
                  00007a68    00000004     dse_Swi_pem4f.oem4f (.const:ti_sysbios_knl_Task_E_spOutOfBounds__C)
                  00007a6c    00000004     dse_Swi_pem4f.oem4f (.const:ti_sysbios_knl_Task_E_stackOverflow__C)
                  00007a70    00000004     dse_Swi_pem4f.oem4f (.const:ti_sysbios_knl_Task_Module_State_inactiveQ__O)
                  00007a74    00000004     dse_Swi_pem4f.oem4f (.const:ti_sysbios_knl_Task_Module__diagsEnabled__C)
                  00007a78    00000004     dse_Swi_pem4f.oem4f (.const:ti_sysbios_knl_Task_Module__diagsIncluded__C)
                  00007a7c    00000004     dse_Swi_pem4f.oem4f (.const:ti_sysbios_knl_Task_Module__diagsMask__C)
                  00007a80    00000004     dse_Swi_pem4f.oem4f (.const:ti_sysbios_knl_Task_Object__count__C)
                  00007a84    00000004     dse_Swi_pem4f.oem4f (.const:ti_sysbios_knl_Task_allBlockedFunc__C)
                  00007a88    00000004     dse_Swi_pem4f.oem4f (.const:ti_sysbios_knl_Task_defaultStackHeap__C)
                  00007a8c    00000004     dse_Swi_pem4f.oem4f (.const:ti_sysbios_knl_Task_defaultStackSize__C)
                  00007a90    00000004     dse_Swi_pem4f.oem4f (.const:ti_sysbios_knl_Task_numConstructedTasks__C)
                  00007a94    00000004     dse_Swi_pem4f.oem4f (.const:xdc_runtime_Assert_E_assertFailed__C)
                  00007a98    00000004     dse_Swi_pem4f.oem4f (.const:xdc_runtime_Core_A_initializedParams__C)
                  00007a9c    00000004     dse_Swi_pem4f.oem4f (.const:xdc_runtime_Core_Module__diagsEnabled__C)
                  00007aa0    00000004     dse_Swi_pem4f.oem4f (.const:xdc_runtime_Core_Module__diagsIncluded__C)
                  00007aa4    00000004     dse_Swi_pem4f.oem4f (.const:xdc_runtime_Core_Module__diagsMask__C)
                  00007aa8    00000004     dse_Swi_pem4f.oem4f (.const:xdc_runtime_Error_E_memory__C)
                  00007aac    00000004     dse_Swi_pem4f.oem4f (.const:xdc_runtime_Error_Module__diagsEnabled__C)
                  00007ab0    00000004     dse_Swi_pem4f.oem4f (.const:xdc_runtime_Error_Module__diagsIncluded__C)
                  00007ab4    00000004     dse_Swi_pem4f.oem4f (.const:xdc_runtime_Error_Module__diagsMask__C)
                  00007ab8    00000004     dse_Swi_pem4f.oem4f (.const:xdc_runtime_Error_Module__loggerFxn8__C)
                  00007abc    00000004     dse_Swi_pem4f.oem4f (.const:xdc_runtime_Error_Module__loggerObj__C)
                  00007ac0    00000004     dse_Swi_pem4f.oem4f (.const:xdc_runtime_Error_policyFxn__C)
                  00007ac4    00000004     dse_Swi_pem4f.oem4f (.const:xdc_runtime_Error_raiseHook__C)
                  00007ac8    00000004     dse_Swi_pem4f.oem4f (.const:xdc_runtime_IGateProvider_Interface__BASE__C)
                  00007acc    00000004     dse_Swi_pem4f.oem4f (.const:xdc_runtime_IHeap_Interface__BASE__C)
                  00007ad0    00000004     dse_Swi_pem4f.oem4f (.const:xdc_runtime_IModule_Interface__BASE__C)
                  00007ad4    00000004     dse_Swi_pem4f.oem4f (.const:xdc_runtime_Log_L_error__C)
                  00007ad8    00000004     dse_Swi_pem4f.oem4f (.const:xdc_runtime_Memory_defaultHeapInstance__C)
                  00007adc    00000004     dse_Swi_pem4f.oem4f (.const:xdc_runtime_Startup_execImpl__C)
                  00007ae0    00000004     dse_Swi_pem4f.oem4f (.const:xdc_runtime_Startup_maxPasses__C)
                  00007ae4    00000004     dse_Swi_pem4f.oem4f (.const:xdc_runtime_Startup_sfxnRts__C)
                  00007ae8    00000004     dse_Swi_pem4f.oem4f (.const:xdc_runtime_Startup_sfxnTab__C)
                  00007aec    00000004     dse_Swi_pem4f.oem4f (.const:xdc_runtime_SysMin_bufSize__C)
                  00007af0    00000004     dse_Swi_pem4f.oem4f (.const:xdc_runtime_SysMin_outputFunc__C)
                  00007af4    00000004     dse_Swi_pem4f.oem4f (.const:xdc_runtime_System_Module__gateObj__C)
                  00007af8    00000004     dse_Swi_pem4f.oem4f (.const:xdc_runtime_System_abortFxn__C)
                  00007afc    00000004     dse_Swi_pem4f.oem4f (.const:xdc_runtime_System_exitFxn__C)
                  00007b00    00000004     dse_Swi_pem4f.oem4f (.const:xdc_runtime_System_extendFxn__C)
                  00007b04    00000004     dse_Swi_pem4f.oem4f (.const:xdc_runtime_System_maxAtexitHandlers__C)
                  00007b08    00000004     dse_Swi_pem4f.oem4f (.const:xdc_runtime_Text_charTab__C)
                  00007b0c    00000004     dse_Swi_pem4f.oem4f (.const:xdc_runtime_Text_nameEmpty__C)
                  00007b10    00000004     dse_Swi_pem4f.oem4f (.const:xdc_runtime_Text_nameStatic__C)
                  00007b14    00000004     dse_Swi_pem4f.oem4f (.const:xdc_runtime_Text_nameUnknown__C)
                  00007b18    00000004     dse_Swi_pem4f.oem4f (.const:xdc_runtime_Text_nodeTab__C)
                  00007b1c    00000004     dse_Swi_pem4f.oem4f (.const:xdc_runtime_Text_visitRopeFxn__C)
                  00007b20    00000002     dse_Swi_pem4f.oem4f (.const:ti_catalog_arm_cortexm4_tiva_ce_Boot_Module__id__C)
                  00007b22    00000002     dse_Swi_pem4f.oem4f (.const:ti_sysbios_family_arm_m3_Hwi_Module__id__C)
                  00007b24    00000002     dse_Swi_pem4f.oem4f (.const:ti_sysbios_gates_GateMutex_Module__id__C)
                  00007b26    00000002     dse_Swi_pem4f.oem4f (.const:ti_sysbios_hal_Hwi_Module__id__C)
                  00007b28    00000002     dse_Swi_pem4f.oem4f (.const:ti_sysbios_heaps_HeapMem_Module__id__C)
                  00007b2a    00000002     dse_Swi_pem4f.oem4f (.const:ti_sysbios_knl_Semaphore_Module__id__C)
                  00007b2c    00000002     dse_Swi_pem4f.oem4f (.const:ti_sysbios_knl_Swi_Module__id__C)
                  00007b2e    00000002     dse_Swi_pem4f.oem4f (.const:ti_sysbios_knl_Task_Module__id__C)
                  00007b30    00000002     dse_Swi_pem4f.oem4f (.const:xdc_runtime_Core_Module__id__C)
                  00007b32    00000002     dse_Swi_pem4f.oem4f (.const:xdc_runtime_Error_Module__loggerDefined__C)
                  00007b34    00000002     dse_Swi_pem4f.oem4f (.const:xdc_runtime_Error_maxDepth__C)
                  00007b36    00000002     dse_Swi_pem4f.oem4f (.const:xdc_runtime_Memory_Module__id__C)
                  00007b38    00000002     dse_Swi_pem4f.oem4f (.const:xdc_runtime_SysMin_flushAtExit__C)
                  00007b3a    00000002     dse_Swi_pem4f.oem4f (.const:xdc_runtime_Text_charCnt__C)
                  00007b3c    00000002     dse_Swi_pem4f.oem4f (.const:xdc_runtime_Text_isLoaded__C)
                  00007b3e    00000002     dse_Swi_pem4f.oem4f (.const:xdc_runtime_Text_registryModsLastId__C)
                  00007b40    00000002     dse_Swi_pem4f.oem4f (.const:xdc_runtime_Text_unnamedModsLastId__C)
                  00007b42    00000001     dse_Swi_pem4f.oem4f (.const:xdc_runtime_Error_policy__C)

.cinit     0    00007b48    00000220     
                  00007b48    000001ec     (.cinit..data.load) [load image, compression = lzss]
                  00007d34    0000000c     (__TI_handler_table)
                  00007d40    00000008     (.cinit..bss.load) [load image, compression = zero_init]
                  00007d48    00000008     (.cinit..vecs.load) [load image, compression = zero_init]
                  00007d50    00000018     (__TI_cinit_table)

.init_array 
*          0    00000000    00000000     UNINITIALIZED

.resetVecs 
*          0    00000000    0000003c     
                  00000000    0000003c     dse_Swi_pem4f.oem4f (.resetVecs)

.vecs      0    20000000    00000360     UNINITIALIZED
                  20000000    00000360     dse_Swi_pem4f.oem4f (.vecs)

.bss       0    20000360    00001da4     UNINITIALIZED
                  20000360    00001000     (.common:xdc_runtime_SysMin_Module_State_0_outbuf__A)
                  20001360    00000400     (.common:ti_sysbios_heaps_HeapMem_Instance_State_0_buf__A)
                  20001760    00000360     (.common:ti_sysbios_family_arm_m3_Hwi_dispatchTable)
                  20001ac0    00000200     dse_Swi_pem4f.oem4f (.bss:taskStackSection)
                  20001cc0    00000200     (.common:task0Stack)
                  20001ec0    00000120     rtsv7M4_T_le_v4SPD16_eabi.lib : trgmsg.obj (.bss:_CIOBUF_)
                  20001fe0    00000090     drivers_tivaware.aem4f : GPIOTiva.oem4f (.bss:gpioCallbackInfo)
                  20002070    00000050     (.common:task0Struct)
                  200020c0    00000034     (.common:swi0Struct)
                  200020f4    00000008     (.common:parmbuf)
                  200020fc    00000004     (.common:gpioInterruptVectors)
                  20002100    00000004     (.common:swi0Handle)

.data      0    20002104    0000045e     UNINITIALIZED
                  20002104    00000080     dse_Swi_pem4f.oem4f (.data:ti_sysbios_knl_Swi_Module_State_0_readyQ__A)
                  20002184    00000080     dse_Swi_pem4f.oem4f (.data:ti_sysbios_knl_Task_Module_State_0_readyQ__A)
                  20002204    00000060     dse_Swi_pem4f.oem4f (.data:ti_sysbios_knl_Swi_Object__table__V)
                  20002264    0000004c     dse_Swi_pem4f.oem4f (.data:ti_sysbios_knl_Task_Object__table__V)
                  200022b0    00000044     dse_Swi_pem4f.oem4f (.data:ti_sysbios_knl_Task_Module__state__V)
                  200022f4    00000040     dse_Swi_pem4f.oem4f (.data:ti_sysbios_family_arm_lm4_Timer_Module_State_0_device__A)
                  20002334    00000040     dse_Swi_pem4f.oem4f (.data:ti_sysbios_family_arm_lm4_Timer_Object__table__V)
                  20002374    00000038     dse_Swi_pem4f.oem4f (.data:ti_sysbios_gates_GateMutex_Object__table__V)
                  200023ac    00000034     dse_Swi_pem4f.oem4f (.data:ti_sysbios_family_arm_m3_Hwi_Module__state__V)
                  200023e0    0000002c     dse_Swi_pem4f.oem4f (.data:ti_sysbios_knl_Clock_Module__state__V)
                  2000240c    00000024     dse_Swi_pem4f.oem4f (.data:ti_sysbios_BIOS_Module__state__V)
                  20002430    00000020     dse_Swi_pem4f.oem4f (.data:ti_sysbios_family_arm_lm4_Timer_Module_State_0_handles__A)
                  20002450    0000001c     dse_Swi_pem4f.oem4f (.data:ti_sysbios_knl_Swi_Module__state__V)
                  2000246c    00000018     dse_Swi_pem4f.oem4f (.data:ti_sysbios_family_arm_m3_Hwi_Object__table__V)
                  20002484    00000018     dse_Swi_pem4f.oem4f (.data:ti_sysbios_heaps_HeapMem_Object__table__V)
                  2000249c    00000010     EK_TM4C129EXL.obj (.data:gpioPinConfigs)
                  200024ac    0000000c     rtsv7M4_T_le_v4SPD16_eabi.lib : exit.obj (.data:$O1$$)
                  200024b8    0000000c     dse_Swi_pem4f.oem4f (.data:ti_sysbios_family_arm_lm4_Timer_Module__state__V)
                  200024c4    0000000c     dse_Swi_pem4f.oem4f (.data:xdc_runtime_SysMin_Module__state__V)
                  200024d0    00000008     rtsv7M4_T_le_v4SPD16_eabi.lib : _lock.obj (.data:$O1$$)
                  200024d8    00000008     EK_TM4C129EXL.obj (.data:gpioCallbackFunctions)
                  200024e0    00000008     dse_Swi_pem4f.oem4f (.data:ti_sysbios_family_arm_m3_Hwi_Module__root__V)
                  200024e8    00000008     dse_Swi_pem4f.oem4f (.data:ti_sysbios_gates_GateHwi_Module__root__V)
                  200024f0    00000008     dse_Swi_pem4f.oem4f (.data:ti_sysbios_gates_GateMutex_Module__root__V)
                  200024f8    00000008     dse_Swi_pem4f.oem4f (.data:ti_sysbios_heaps_HeapMem_Module__root__V)
                  20002500    00000008     dse_Swi_pem4f.oem4f (.data:ti_sysbios_knl_Queue_Module__root__V)
                  20002508    00000008     dse_Swi_pem4f.oem4f (.data:ti_sysbios_knl_Semaphore_Module__root__V)
                  20002510    00000008     dse_Swi_pem4f.oem4f (.data:ti_sysbios_knl_Swi_Module__root__V)
                  20002518    00000008     dse_Swi_pem4f.oem4f (.data:ti_sysbios_knl_Task_Module__root__V)
                  20002520    00000008     dse_Swi_pem4f.oem4f (.data:xdc_runtime_Registry_Module__state__V)
                  20002528    00000008     dse_Swi_pem4f.oem4f (.data:xdc_runtime_Startup_Module__state__V)
                  20002530    00000008     dse_Swi_pem4f.oem4f (.data:xdc_runtime_System_Module_State_0_atexitHandlers__A)
                  20002538    00000008     dse_Swi_pem4f.oem4f (.data:xdc_runtime_System_Module__state__V)
                  20002540    00000005     drivers_tivaware.aem4f : GPIOTiva.oem4f (.data)
                  20002545    00000001     --HOLE--
                  20002546    00000002     dse_Swi_pem4f.oem4f (.data:ti_sysbios_family_arm_m3_Hwi_Module_State_0_excActive__A)
                  20002548    00000004     rtsv7M4_T_le_v4SPD16_eabi.lib : stkdepth_vars.obj (.data)
                  2000254c    00000004     dse_Swi_pem4f.oem4f (.data:ti_sysbios_family_arm_m3_Hwi_Module_State_0_excContext__A)
                  20002550    00000004     dse_Swi_pem4f.oem4f (.data:ti_sysbios_family_arm_m3_Hwi_Module_State_0_excStack__A)
                  20002554    00000004     dse_Swi_pem4f.oem4f (.data:ti_sysbios_gates_GateHwi_Object__table__V)
                  20002558    00000004     dse_Swi_pem4f.oem4f (.data:ti_sysbios_knl_Task_Module_State_0_idleTask__A)
                  2000255c    00000004     dse_Swi_pem4f.oem4f (.data:xdc_runtime_Memory_Module__state__V)
                  20002560    00000002     dse_Swi_pem4f.oem4f (.data:xdc_runtime_Error_Module__state__V)

.stack     0    20002564    00000300     UNINITIALIZED
                  20002564    00000300     --HOLE--

.bootVecs 
*          0    00000000    00000008     DSECT
                  00000000    00000008     boot.aem4f : boot.oem4f (.bootVecs)

xdc.meta   0    00000000    000000e6     COPY SECTION
                  00000000    000000e6     dse_Swi_pem4f.oem4f (xdc.meta)

MODULE SUMMARY

       Module                     code    ro data   rw data
       ------                     ----    -------   -------
    .\
       dse_Swi.obj                744     0         648    
       EK_TM4C129EXL.obj          192     20        24     
    +--+--------------------------+-------+---------+---------+
       Total:                     936     20        672    
                                                           
    C:\Users\mario.donjuan\workspace_v7\dse_Swi\Debug\configPkg\package\cfg\
       dse_Swi_pem4f.oem4f        1754    7807      8424   
    +--+--------------------------+-------+---------+---------+
       Total:                     1754    7807      8424   
                                                           
    C:/ti/tirtos_tivac_2_16_01_14/products/TivaWare_C_Series-2.1.1.71b/driverlib/ccs/Debug/driverlib.lib
       gpio.obj                   464     0         0      
       sysctl.obj                 52      0         0      
    +--+--------------------------+-------+---------+---------+
       Total:                     516     0         0      
                                                           
    C:/ti/tirtos_tivac_2_16_01_14/products/tidrivers_tivac_2_16_01_13/packages/ti/drivers/lib/drivers_tivaware.aem4f
       GPIOTiva.oem4f             844     156       153    
    +--+--------------------------+-------+---------+---------+
       Total:                     844     156       153    
                                                           
    C:\Users\mario.donjuan\workspace_v7\dse_Swi\src\sysbios\sysbios.aem4f
       BIOS.obj                   12330   0         0      
       m3_Hwi_asm.obj             314     0         0      
       m3_TaskSupport_asm.obj     180     0         0      
       m3_Hwi_asm_switch.obj      118     0         0      
    +--+--------------------------+-------+---------+---------+
       Total:                     12942   0         0      
                                                           
    C:\ti\ccsv7\tools\compiler\ti-cgt-arm_16.9.6.LTS\lib\rtsv7M4_T_le_v4SPD16_eabi.lib
       trgmsg.obj                 104     0         288    
       memcpy_t2.obj              156     0         0      
       memset_t2.obj              122     0         0      
       copy_decompress_lzss.obj   104     0         0      
       exit.obj                   84      0         12     
       hostwrite.obj              88      0         0      
       cpy_tbl.obj                76      0         0      
       u_divt2.obj                64      0         0      
       _lock.obj                  20      0         8      
       args_main.obj              24      0         0      
       strlen.obj                 20      0         0      
       copy_decompress_none.obj   14      0         0      
       copy_zero_init.obj         12      0         0      
       hostopen.obj               0       0         8      
       stkdepth_vars.obj          0       0         4      
       i_div0.obj                 2       0         0      
    +--+--------------------------+-------+---------+---------+
       Total:                     890     0         320    
                                                           
    C:\ti\tirtos_tivac_2_16_01_14\products\bios_6_45_02_31\packages\ti\catalog\arm\cortexm4\tiva\ce\lib\Boot.aem4f
       Boot_sysctl.oem4f          628     452       0      
       Boot.oem4f                 152     0         0      
    +--+--------------------------+-------+---------+---------+
       Total:                     780     452       0      
                                                           
    C:\ti\tirtos_tivac_2_16_01_14\products\bios_6_45_02_31\packages\ti\targets\arm\rtsarm\lib\auto_init.aem4f
       auto_init.oem4f            160     0         0      
    +--+--------------------------+-------+---------+---------+
       Total:                     160     0         0      
                                                           
    C:\ti\tirtos_tivac_2_16_01_14\products\bios_6_45_02_31\packages\ti\targets\arm\rtsarm\lib\boot.aem4f
       boot.oem4f                 88      0         0      
    +--+--------------------------+-------+---------+---------+
       Total:                     88      0         0      
                                                           
    C:\ti\tirtos_tivac_2_16_01_14\products\bios_6_45_02_31\packages\ti\targets\arm\rtsarm\lib\ti.targets.arm.rtsarm.aem4f
       System.oem4f               1255    0         0      
       Text.oem4f                 672     0         0      
       Error.oem4f                524     0         0      
       Core-mem.oem4f             358     0         0      
       Startup.oem4f              328     0         0      
       SysMin.oem4f               248     0         0      
       Core-smem.oem4f            204     0         0      
       Memory.oem4f               176     0         0      
       Assert.oem4f               84      0         0      
       Core-params.oem4f          70      0         0      
       Core-label.oem4f           52      0         0      
       Registry.oem4f             32      0         0      
       Gate.oem4f                 28      0         0      
    +--+--------------------------+-------+---------+---------+
       Total:                     4031    0         0      
                                                           
       Stack:                     0       0         768    
       Linker Generated:          0       544       0      
    +--+--------------------------+-------+---------+---------+
       Grand Total:               22941   8979      10337  


LINKER GENERATED COPY TABLES

__TI_cinit_table @ 00007d50 records: 3, size/record: 8, table size: 24
	.data: load addr=00007b48, load size=000001ec bytes, run addr=20002104, run size=0000045e bytes, compression=lzss
	.bss: load addr=00007d40, load size=00000008 bytes, run addr=20000360, run size=00001da4 bytes, compression=zero_init
	.vecs: load addr=00007d48, load size=00000008 bytes, run addr=20000000, run size=00000360 bytes, compression=zero_init


LINKER GENERATED HANDLER TABLE

__TI_handler_table @ 00007d34 records: 3, size/record: 4, table size: 12
	index: 0, handler: __TI_decompress_lzss
	index: 1, handler: __TI_decompress_none
	index: 2, handler: __TI_zero_init


GLOBAL SYMBOLS: SORTED ALPHABETICALLY BY Name 

address   name                                                                 
-------   ----                                                                 
000041e9  C$$EXIT                                                              
00003bbb  C$$IO$$                                                              
00005a11  EK_TM4C129EXL_initGPIO                                               
00002ced  EK_TM4C129EXL_initGeneral                                            
00005079  GPIODirModeSet                                                       
0000388b  GPIOIntClear                                                         
000058e9  GPIOIntStatus                                                        
00004191  GPIOIntTypeSet                                                       
000022b5  GPIOPadConfigSet                                                     
00005453  GPIOPinRead                                                          
00005933  GPIOPinWrite                                                         
00007908  GPIOTiva_config                                                      
00003c5d  GPIO_hwiIntFxn                                                       
000035f5  GPIO_init                                                            
00004391  GPIO_setCallback                                                     
00001da5  GPIO_setConfig                                                       
000043e1  GPIO_toggle                                                          
00004431  GPIO_write                                                           
000040e1  HOSTwrite                                                            
UNDEFED   SHT$$INIT_ARRAY$$Base                                                
UNDEFED   SHT$$INIT_ARRAY$$Limit                                               
00004c09  SysCtlPeripheralEnable                                               
00000000  __ASM__                                                              
20001ec0  __CIOBUF_                                                            
00000064  __ISA__                                                              
00000077  __PLAT__                                                             
20002864  __STACK_END                                                          
00000300  __STACK_SIZE                                                         
00000098  __TARG__                                                             
00007d50  __TI_CINIT_Base                                                      
00007d68  __TI_CINIT_Limit                                                     
00007d34  __TI_Handler_Table_Base                                              
00007d40  __TI_Handler_Table_Limit                                             
00003119  __TI_auto_init                                                       
200024ac  __TI_cleanup_ptr                                                     
00003b25  __TI_decompress_lzss                                                 
000058f7  __TI_decompress_none                                                 
200024b0  __TI_dtors_ptr                                                       
200024b4  __TI_enable_exit_profile_output                                      
ffffffff  __TI_pprof_out_hndl                                                  
ffffffff  __TI_prof_data_size                                                  
ffffffff  __TI_prof_data_start                                                 
00003bbf  __TI_readmsg                                                         
00007b48  __TI_static_base__                                                   
00003b8d  __TI_writemsg                                                        
00005927  __TI_zero_init                                                       
000000be  __TRDR__                                                             
0000342f  __aeabi_idiv0                                                        
00003811  __aeabi_memclr                                                       
00003811  __aeabi_memclr4                                                      
00003811  __aeabi_memclr8                                                      
00003259  __aeabi_memcpy                                                       
00003259  __aeabi_memcpy4                                                      
00003259  __aeabi_memcpy8                                                      
00003813  __aeabi_memset                                                       
00003813  __aeabi_memset4                                                      
00003813  __aeabi_memset8                                                      
00004979  __aeabi_uidiv                                                        
00004979  __aeabi_uidivmod                                                     
ffffffff  __binit__                                                            
ffffffff  __c_args__                                                           
20002564  __stack                                                              
000055ed  _args_main                                                           
00004089  _c_int00                                                             
200024d0  _lock                                                                
00005763  _nop                                                                 
0000575b  _register_lock                                                       
00005755  _register_unlock                                                     
200024d4  _unlock                                                              
000041ed  abort                                                                
ffffffff  binit                                                                
000045c1  copy_in                                                              
000041f5  exit                                                                 
200024d8  gpioCallbackFunctions                                                
2000249c  gpioPinConfigs                                                       
00001741  heartBeatFxn                                                         
00003795  main                                                                 
20002548  main_func_sp                                                         
00003259  memcpy                                                               
00003819  memset                                                               
00005889  osi_TaskDisable                                                      
00005829  osi_start                                                            
200020f4  parmbuf                                                              
00005769  strlen                                                               
00004ab5  swi0Fxn                                                              
20002100  swi0Handle                                                           
200020c0  swi0Struct                                                           
00004aed  swi1Fxn                                                              
00007968  swi1Handle                                                           
20001cc0  task0Stack                                                           
20002070  task0Struct                                                          
0000796c  ti_catalog_arm_cortexm4_tiva_ce_Boot_A_mustNotUseEnhancedClockMode__C
00007970  ti_catalog_arm_cortexm4_tiva_ce_Boot_Module__diagsEnabled__C         
00007974  ti_catalog_arm_cortexm4_tiva_ce_Boot_Module__diagsIncluded__C        
00007978  ti_catalog_arm_cortexm4_tiva_ce_Boot_Module__diagsMask__C            
00007b20  ti_catalog_arm_cortexm4_tiva_ce_Boot_Module__id__C                   
000057f5  ti_catalog_arm_cortexm4_tiva_ce_Boot_init__I                         
0000114d  ti_catalog_arm_cortexm4_tiva_ce_Boot_sysCtlClockFreqSetI__I          
00003431  ti_catalog_arm_cortexm4_tiva_ce_Boot_sysCtlClockFreqSet__E           
2000240c  ti_sysbios_BIOS_Module__state__V                                     
00005551  ti_sysbios_BIOS_RtsGateProxy_Handle__label__S                        
000051d5  ti_sysbios_BIOS_RtsGateProxy_Object__delete__S                       
000007bd  ti_sysbios_BIOS_RtsGateProxy_enter__E                                
0000154d  ti_sysbios_BIOS_RtsGateProxy_leave__E                                
00005a71  ti_sysbios_BIOS_RtsGateProxy_query__E                                
00004d85  ti_sysbios_BIOS_atExitFunc__I                                        
00005145  ti_sysbios_BIOS_errorRaiseHook__I                                    
00005711  ti_sysbios_BIOS_exitFunc__I                                          
00005809  ti_sysbios_BIOS_exit__E                                              
0000370d  ti_sysbios_BIOS_nullFunc__I                                          
00005169  ti_sysbios_BIOS_registerRTSLock__I                                   
0000518d  ti_sysbios_BIOS_removeRTSLock__I                                     
000052f5  ti_sysbios_BIOS_rtsLock__I                                           
00005605  ti_sysbios_BIOS_rtsUnlock__I                                         
00005819  ti_sysbios_BIOS_setThreadType__E                                     
000051b1  ti_sysbios_BIOS_startFunc__I                                         
00005829  ti_sysbios_BIOS_start__E                                             
200022f4  ti_sysbios_family_arm_lm4_Timer_Module_State_0_device__A             
20002430  ti_sysbios_family_arm_lm4_Timer_Module_State_0_handles__A            
0000561d  ti_sysbios_family_arm_lm4_Timer_Module__startupDone__F               
0000561d  ti_sysbios_family_arm_lm4_Timer_Module__startupDone__S               
200024b8  ti_sysbios_family_arm_lm4_Timer_Module__state__V                     
00003cc1  ti_sysbios_family_arm_lm4_Timer_Module_startup__E                    
20002334  ti_sysbios_family_arm_lm4_Timer_Object__table__V                     
0000797c  ti_sysbios_family_arm_lm4_Timer_enableFunc__C                        
00002fc9  ti_sysbios_family_arm_lm4_Timer_enableTimers__I                      
00002f19  ti_sysbios_family_arm_lm4_Timer_enableTiva__I                        
00005939  ti_sysbios_family_arm_lm4_Timer_getMaxTicks__E                       
00003df1  ti_sysbios_family_arm_lm4_Timer_isrStub__E                           
00005a19  ti_sysbios_family_arm_lm4_Timer_masterDisable__I                     
00001905  ti_sysbios_family_arm_lm4_Timer_masterEnable__I                      
00007980  ti_sysbios_family_arm_lm4_Timer_numTimerDevices__C                   
00002181  ti_sysbios_family_arm_lm4_Timer_start__E                             
00007984  ti_sysbios_family_arm_lm4_Timer_startupNeeded__C                     
000049b9  ti_sysbios_family_arm_lm4_Timer_startup__E                           
00004db9  ti_sysbios_family_arm_lm4_Timer_stop__E                              
00005291  ti_sysbios_family_arm_lm4_Timer_write__I                             
00007988  ti_sysbios_family_arm_m3_Hwi_E_NMI__C                                
0000798c  ti_sysbios_family_arm_m3_Hwi_E_alreadyDefined__C                     
00007990  ti_sysbios_family_arm_m3_Hwi_E_busFault__C                           
00007994  ti_sysbios_family_arm_m3_Hwi_E_debugMon__C                           
00007998  ti_sysbios_family_arm_m3_Hwi_E_hardFault__C                          
0000799c  ti_sysbios_family_arm_m3_Hwi_E_memFault__C                           
000079a0  ti_sysbios_family_arm_m3_Hwi_E_noIsr__C                              
000079a4  ti_sysbios_family_arm_m3_Hwi_E_reserved__C                           
000079a8  ti_sysbios_family_arm_m3_Hwi_E_svCall__C                             
000079ac  ti_sysbios_family_arm_m3_Hwi_E_usageFault__C                         
0000551d  ti_sysbios_family_arm_m3_Hwi_Handle__label__S                        
00004c41  ti_sysbios_family_arm_m3_Hwi_Instance_finalize__E                    
000034c9  ti_sysbios_family_arm_m3_Hwi_Instance_init__E                        
20002546  ti_sysbios_family_arm_m3_Hwi_Module_State_0_excActive__A             
2000254c  ti_sysbios_family_arm_m3_Hwi_Module_State_0_excContext__A            
20002550  ti_sysbios_family_arm_m3_Hwi_Module_State_0_excStack__A              
00007b22  ti_sysbios_family_arm_m3_Hwi_Module__id__C                           
200024e0  ti_sysbios_family_arm_m3_Hwi_Module__root__V                         
00005635  ti_sysbios_family_arm_m3_Hwi_Module__startupDone__F                  
00005635  ti_sysbios_family_arm_m3_Hwi_Module__startupDone__S                  
200023ac  ti_sysbios_family_arm_m3_Hwi_Module__state__V                        
000044d1  ti_sysbios_family_arm_m3_Hwi_Module_startup__E                       
000079b0  ti_sysbios_family_arm_m3_Hwi_NUM_INTERRUPTS__C                       
000077a0  ti_sysbios_family_arm_m3_Hwi_Object__DESC__C                         
00007690  ti_sysbios_family_arm_m3_Hwi_Object__PARAMS__C                       
000079b4  ti_sysbios_family_arm_m3_Hwi_Object__count__C                        
0000577d  ti_sysbios_family_arm_m3_Hwi_Object__get__S                          
2000246c  ti_sysbios_family_arm_m3_Hwi_Object__table__V                        
[...]
00005a21  ti_sysbios_family_arm_m3_Hwi_doSwiRestore__I                         
00005a29  ti_sysbios_family_arm_m3_Hwi_startup__E                              
00005a29  ti_sysbios_hal_Hwi_HwiProxy_startup__E                               
00005a29  ti_sysbios_hal_Hwi_startup__E                                        
00005a31  ti_sysbios_family_arm_m3_Hwi_doTaskRestore__I                        
00005a39  ti_sysbios_family_arm_m3_Hwi_restoreFxn__E                           
00005a39  ti_sysbios_hal_Hwi_HwiProxy_restore__E                               
00005a41  ti_sysbios_gates_GateHwi_leave__E                                    
00005a49  ti_sysbios_heaps_HeapMem_isBlocking__E                               
00005a51  ti_sysbios_knl_Queue_Instance_init__E                                
00005a59  ti_sysbios_knl_Swi_startup__E                                        
00005a5f  xdc_runtime_System_Module_startup__E                                 
00005a69  ti_sysbios_gates_GateHwi_query__E                                    
00005a69  xdc_runtime_Main_Module_GateProxy_query__E                           
00005a69  xdc_runtime_System_Module_GateProxy_query__E                         
00005a71  ti_sysbios_BIOS_RtsGateProxy_query__E                                
00005a71  ti_sysbios_gates_GateMutex_query__E                                  
00005a71  ti_sysbios_heaps_HeapMem_Module_GateProxy_query__E                   
00005a79  ti_sysbios_knl_Task_startup__E                                       
00005a81  ti_sysbios_gates_GateHwi_Instance_init__E                            
00005a89  ti_sysbios_knl_Clock_logTick__E                                      
00005a8c  xdc_runtime_Text_charTab__A                                          
00007418  xdc_runtime_Text_nodeTab__A                                          
00007624  ti_sysbios_knl_Task_Object__PARAMS__C                                
00007690  ti_sysbios_family_arm_m3_Hwi_Object__PARAMS__C                       
000076c0  ti_sysbios_heaps_HeapMem_Module__FXNS__C                             
000076e8  ti_sysbios_knl_Swi_Object__PARAMS__C                                 
00007710  ti_sysbios_gates_GateHwi_Module__FXNS__C                             
00007734  ti_sysbios_gates_GateMutex_Module__FXNS__C                           
00007758  ti_sysbios_heaps_HeapMem_Object__PARAMS__C                           
0000777c  ti_sysbios_knl_Semaphore_Object__PARAMS__C                           
000077a0  ti_sysbios_family_arm_m3_Hwi_Object__DESC__C                         
000077c0  ti_sysbios_gates_GateHwi_Object__DESC__C                             
000077e0  ti_sysbios_gates_GateMutex_Object__DESC__C                           
00007800  ti_sysbios_heaps_HeapMem_Object__DESC__C                             
00007820  ti_sysbios_knl_Queue_Object__DESC__C                                 
00007840  ti_sysbios_knl_Semaphore_Object__DESC__C                             
00007860  ti_sysbios_knl_Swi_Object__DESC__C                                   
00007880  ti_sysbios_knl_Task_Object__DESC__C                                  
000078a0  xdc_runtime_Startup_sfxnTab__A                                       
000078c0  ti_sysbios_gates_GateHwi_Object__PARAMS__C                           
000078d8  ti_sysbios_gates_GateMutex_Object__PARAMS__C                         
000078f0  ti_sysbios_knl_Queue_Object__PARAMS__C                               
00007908  GPIOTiva_config                                                      
0000791c  xdc_runtime_Startup_firstFxns__A                                     
00007930  xdc_runtime_Startup_sfxnRts__A                                       
00007948  ti_sysbios_family_arm_m3_Hwi_excHookFuncs__A                         
00007950  ti_sysbios_knl_Idle_funcList__C                                      
00007958  xdc_runtime_Startup_firstFxns__C                                     
00007960  xdc_runtime_Startup_lastFxns__C                                      
00007968  swi1Handle                                                           
0000796c  ti_catalog_arm_cortexm4_tiva_ce_Boot_A_mustNotUseEnhancedClockMode__C
00007970  ti_catalog_arm_cortexm4_tiva_ce_Boot_Module__diagsEnabled__C         
00007974  ti_catalog_arm_cortexm4_tiva_ce_Boot_Module__diagsIncluded__C        
00007978  ti_catalog_arm_cortexm4_tiva_ce_Boot_Module__diagsMask__C            
0000797c  ti_sysbios_family_arm_lm4_Timer_enableFunc__C                        
00007980  ti_sysbios_family_arm_lm4_Timer_numTimerDevices__C                   
00007984  ti_sysbios_family_arm_lm4_Timer_startupNeeded__C                     
00007988  ti_sysbios_family_arm_m3_Hwi_E_NMI__C                                
0000798c  ti_sysbios_family_arm_m3_Hwi_E_alreadyDefined__C                     
00007990  ti_sysbios_family_arm_m3_Hwi_E_busFault__C                           
00007994  ti_sysbios_family_arm_m3_Hwi_E_debugMon__C                           
00007998  ti_sysbios_family_arm_m3_Hwi_E_hardFault__C                          
0000799c  ti_sysbios_family_arm_m3_Hwi_E_memFault__C                           
000079a0  ti_sysbios_family_arm_m3_Hwi_E_noIsr__C                              
000079a4  ti_sysbios_family_arm_m3_Hwi_E_reserved__C                           
000079a8  ti_sysbios_family_arm_m3_Hwi_E_svCall__C                             
000079ac  ti_sysbios_family_arm_m3_Hwi_E_usageFault__C                         
000079b0  ti_sysbios_family_arm_m3_Hwi_NUM_INTERRUPTS__C                       
000079b4  ti_sysbios_family_arm_m3_Hwi_Object__count__C                        
000079b8  ti_sysbios_family_arm_m3_Hwi_ccr__C                                  
000079bc  ti_sysbios_family_arm_m3_Hwi_excHandlerFunc__C                       
000079c0  ti_sysbios_family_arm_m3_Hwi_excHookFuncs__C                         
000079c4  ti_sysbios_family_arm_m3_Hwi_nullIsrFunc__C                          
000079c8  ti_sysbios_family_arm_m3_Hwi_priGroup__C                             
000079cc  ti_sysbios_family_arm_m3_TaskSupport_stackAlignment__C               
000079d0  ti_sysbios_gates_GateMutex_A_badContext__C                           
000079d4  ti_sysbios_gates_GateMutex_Instance_State_sem__O                     
000079d8  ti_sysbios_gates_GateMutex_Module__diagsEnabled__C                   
000079dc  ti_sysbios_gates_GateMutex_Module__diagsIncluded__C                  
000079e0  ti_sysbios_gates_GateMutex_Module__diagsMask__C                      
000079e4  ti_sysbios_hal_Hwi_E_stackOverflow__C                                
000079e8  ti_sysbios_heaps_HeapMem_A_align__C                                  
000079ec  ti_sysbios_heaps_HeapMem_A_heapSize__C                               
000079f0  ti_sysbios_heaps_HeapMem_A_invalidFree__C                            
000079f4  ti_sysbios_heaps_HeapMem_A_zeroBlock__C                              
000079f8  ti_sysbios_heaps_HeapMem_E_memory__C                                 
000079fc  ti_sysbios_heaps_HeapMem_Module__diagsEnabled__C                     
00007a00  ti_sysbios_heaps_HeapMem_Module__diagsIncluded__C                    
00007a04  ti_sysbios_heaps_HeapMem_Module__diagsMask__C                        
00007a08  ti_sysbios_heaps_HeapMem_Module__gateObj__C                          
00007a0c  ti_sysbios_heaps_HeapMem_Object__count__C                            
00007a10  ti_sysbios_heaps_HeapMem_reqAlign__C                                 
00007a14  ti_sysbios_knl_Clock_Module_State_clockQ__O                          
00007a18  ti_sysbios_knl_Idle_funcList__A                                      
00007a1c  ti_sysbios_knl_Semaphore_A_badContext__C                             
00007a20  ti_sysbios_knl_Semaphore_A_noEvents__C                               
00007a24  ti_sysbios_knl_Semaphore_A_overflow__C                               
00007a28  ti_sysbios_knl_Semaphore_A_pendTaskDisabled__C                       
00007a2c  ti_sysbios_knl_Semaphore_Instance_State_pendQ__O                     
00007a30  ti_sysbios_knl_Semaphore_Module__diagsEnabled__C                     
00007a34  ti_sysbios_knl_Semaphore_Module__diagsIncluded__C                    
00007a38  ti_sysbios_knl_Semaphore_Module__diagsMask__C                        
00007a3c  ti_sysbios_knl_Swi_A_badPriority__C                                  
00007a40  ti_sysbios_knl_Swi_Module__diagsEnabled__C                           
00007a44  ti_sysbios_knl_Swi_Module__diagsIncluded__C                          
00007a48  ti_sysbios_knl_Swi_Module__diagsMask__C                              
00007a4c  ti_sysbios_knl_Swi_Object__count__C                                  
00007a50  ti_sysbios_knl_Task_A_badPriority__C                                 
00007a54  ti_sysbios_knl_Task_A_badTaskState__C                                
00007a58  ti_sysbios_knl_Task_A_badThreadType__C                               
00007a5c  ti_sysbios_knl_Task_A_badTimeout__C                                  
00007a60  ti_sysbios_knl_Task_A_noPendElem__C                                  
00007a64  ti_sysbios_knl_Task_A_sleepTaskDisabled__C                           
00007a68  ti_sysbios_knl_Task_E_spOutOfBounds__C                               
00007a6c  ti_sysbios_knl_Task_E_stackOverflow__C                               
00007a70  ti_sysbios_knl_Task_Module_State_inactiveQ__O                        
00007a74  ti_sysbios_knl_Task_Module__diagsEnabled__C                          
00007a78  ti_sysbios_knl_Task_Module__diagsIncluded__C                         
00007a7c  ti_sysbios_knl_Task_Module__diagsMask__C                             
00007a80  ti_sysbios_knl_Task_Object__count__C                                 
00007a84  ti_sysbios_knl_Task_allBlockedFunc__C                                
00007a88  ti_sysbios_knl_Task_defaultStackHeap__C                              
00007a8c  ti_sysbios_knl_Task_defaultStackSize__C                              
00007a90  ti_sysbios_knl_Task_numConstructedTasks__C                           
00007a94  xdc_runtime_Assert_E_assertFailed__C                                 
00007a98  xdc_runtime_Core_A_initializedParams__C                              
00007a9c  xdc_runtime_Core_Module__diagsEnabled__C                             
00007aa0  xdc_runtime_Core_Module__diagsIncluded__C                            
00007aa4  xdc_runtime_Core_Module__diagsMask__C                                
00007aa8  xdc_runtime_Error_E_memory__C                                        
00007aac  xdc_runtime_Error_Module__diagsEnabled__C                            
00007ab0  xdc_runtime_Error_Module__diagsIncluded__C                           
00007ab4  xdc_runtime_Error_Module__diagsMask__C                               
00007ab8  xdc_runtime_Error_Module__loggerFxn8__C                              
00007abc  xdc_runtime_Error_Module__loggerObj__C                               
00007ac0  xdc_runtime_Error_policyFxn__C                                       
00007ac4  xdc_runtime_Error_raiseHook__C                                       
00007ac8  xdc_runtime_IGateProvider_Interface__BASE__C                         
00007acc  xdc_runtime_IHeap_Interface__BASE__C                                 
00007ad0  xdc_runtime_IModule_Interface__BASE__C                               
00007ad4  xdc_runtime_Log_L_error__C                                           
00007ad8  xdc_runtime_Memory_defaultHeapInstance__C                            
00007adc  xdc_runtime_Startup_execImpl__C                                      
00007ae0  xdc_runtime_Startup_maxPasses__C                                     
00007ae4  xdc_runtime_Startup_sfxnRts__C                                       
00007ae8  xdc_runtime_Startup_sfxnTab__C                                       
00007aec  xdc_runtime_SysMin_bufSize__C                                        
00007af0  xdc_runtime_SysMin_outputFunc__C                                     
00007af4  xdc_runtime_System_Module__gateObj__C                                
00007af8  xdc_runtime_System_abortFxn__C                                       
00007afc  xdc_runtime_System_exitFxn__C                                        
00007b00  xdc_runtime_System_extendFxn__C                                      
00007b04  xdc_runtime_System_maxAtexitHandlers__C                              
00007b08  xdc_runtime_Text_charTab__C                                          
00007b0c  xdc_runtime_Text_nameEmpty__C                                        
00007b10  xdc_runtime_Text_nameStatic__C                                       
00007b14  xdc_runtime_Text_nameUnknown__C                                      
00007b18  xdc_runtime_Text_nodeTab__C                                          
00007b1c  xdc_runtime_Text_visitRopeFxn__C                                     
00007b20  ti_catalog_arm_cortexm4_tiva_ce_Boot_Module__id__C                   
00007b22  ti_sysbios_family_arm_m3_Hwi_Module__id__C                           
00007b24  ti_sysbios_gates_GateMutex_Module__id__C                             
00007b26  ti_sysbios_hal_Hwi_Module__id__C                                     
00007b28  ti_sysbios_heaps_HeapMem_Module__id__C                               
00007b2a  ti_sysbios_knl_Semaphore_Module__id__C                               
00007b2c  ti_sysbios_knl_Swi_Module__id__C                                     
00007b2e  ti_sysbios_knl_Task_Module__id__C                                    
00007b30  xdc_runtime_Core_Module__id__C                                       
00007b32  xdc_runtime_Error_Module__loggerDefined__C                           
00007b34  xdc_runtime_Error_maxDepth__C                                        
00007b36  xdc_runtime_Memory_Module__id__C                                     
00007b38  xdc_runtime_SysMin_flushAtExit__C                                    
00007b3a  xdc_runtime_Text_charCnt__C                                          
00007b3c  xdc_runtime_Text_isLoaded__C                                         
00007b3e  xdc_runtime_Text_registryModsLastId__C                               
00007b40  xdc_runtime_Text_unnamedModsLastId__C                                
00007b42  xdc_runtime_Error_policy__C                                          
00007b48  __TI_static_base__                                                   
00007d34  __TI_Handler_Table_Base                                              
00007d40  __TI_Handler_Table_Limit                                             
00007d50  __TI_CINIT_Base                                                      
00007d68  __TI_CINIT_Limit                                                     
20000000  ti_sysbios_family_arm_m3_Hwi_ramVectors                              
20000360  xdc_runtime_SysMin_Module_State_0_outbuf__A                          
20001360  ti_sysbios_heaps_HeapMem_Instance_State_0_buf__A                     
20001760  ti_sysbios_family_arm_m3_Hwi_dispatchTable                           
20001ac0  ti_sysbios_knl_Task_Instance_State_0_stack__A                        
20001cc0  task0Stack                                                           
20001ec0  __CIOBUF_                                                            
20002070  task0Struct                                                          
200020c0  swi0Struct                                                           
200020f4  parmbuf                                                              
20002100  swi0Handle                                                           
20002104  ti_sysbios_knl_Swi_Module_State_0_readyQ__A                          
20002184  ti_sysbios_knl_Task_Module_State_0_readyQ__A                         
20002204  ti_sysbios_knl_Swi_Object__table__V                                  
20002264  ti_sysbios_knl_Task_Object__table__V                                 
200022b0  ti_sysbios_knl_Task_Module__state__V                                 
200022f4  ti_sysbios_family_arm_lm4_Timer_Module_State_0_device__A             
20002334  ti_sysbios_family_arm_lm4_Timer_Object__table__V                     
20002374  ti_sysbios_gates_GateMutex_Object__table__V                          
200023ac  ti_sysbios_family_arm_m3_Hwi_Module__state__V                        
200023e0  ti_sysbios_knl_Clock_Module__state__V                                
2000240c  ti_sysbios_BIOS_Module__state__V                                     
20002430  ti_sysbios_family_arm_lm4_Timer_Module_State_0_handles__A            
20002450  ti_sysbios_knl_Swi_Module__state__V                                  
2000246c  ti_sysbios_family_arm_m3_Hwi_Object__table__V                        
20002484  ti_sysbios_heaps_HeapMem_Object__table__V                            
2000249c  gpioPinConfigs                                                       
200024ac  __TI_cleanup_ptr                                                     
200024b0  __TI_dtors_ptr                                                       
200024b4  __TI_enable_exit_profile_output                                      
200024b8  ti_sysbios_family_arm_lm4_Timer_Module__state__V                     
200024c4  xdc_runtime_SysMin_Module__state__V                                  
200024d0  _lock                                                                
200024d4  _unlock                                                              
200024d8  gpioCallbackFunctions                                                
200024e0  ti_sysbios_family_arm_m3_Hwi_Module__root__V                         
200024e8  ti_sysbios_gates_GateHwi_Module__root__V                             
200024f0  ti_sysbios_gates_GateMutex_Module__root__V                           
200024f8  ti_sysbios_heaps_HeapMem_Module__root__V                             
20002500  ti_sysbios_knl_Queue_Module__root__V                                 
20002508  ti_sysbios_knl_Semaphore_Module__root__V                             
20002510  ti_sysbios_knl_Swi_Module__root__V                                   
20002518  ti_sysbios_knl_Task_Module__root__V                                  
20002520  xdc_runtime_Registry_Module__state__V                                
20002528  xdc_runtime_Startup_Module__state__V                                 
20002530  xdc_runtime_System_Module_State_0_atexitHandlers__A                  
20002538  xdc_runtime_System_Module__state__V                                  
20002546  ti_sysbios_family_arm_m3_Hwi_Module_State_0_excActive__A             
20002548  main_func_sp                                                         
2000254c  ti_sysbios_family_arm_m3_Hwi_Module_State_0_excContext__A            
20002550  ti_sysbios_family_arm_m3_Hwi_Module_State_0_excStack__A              
20002554  ti_sysbios_gates_GateHwi_Object__table__V                            
20002558  ti_sysbios_knl_Task_Module_State_0_idleTask__A                       
2000255c  xdc_runtime_Memory_Module__state__V                                  
20002560  xdc_runtime_Error_Module__state__V                                   
20002564  __stack                                                              
20002864  __STACK_END                                                          
e000e000  ti_sysbios_family_arm_m3_Hwi_nvic                                    
ffffffff  __TI_pprof_out_hndl                                                  
ffffffff  __TI_prof_data_size                                                  
ffffffff  __TI_prof_data_start                                                 
ffffffff  __binit__                                                            
ffffffff  __c_args__                                                           
ffffffff  binit                                                                
UNDEFED   SHT$$INIT_ARRAY$$Base                                                
UNDEFED   SHT$$INIT_ARRAY$$Limit                                               

[566 symbols]
